+++ dirname install_github.sh
++ cd .
++ pwd
+ FF_DIR=/afs/cern.ch/work/t/tofitsch/harry/FrequentistFramework
+ RFE_CACHE=/afs/cern.ch/work/t/tofitsch/harry/FrequentistFramework/.rfe_cache
+ '[' '!' -d /afs/cern.ch/work/t/tofitsch/harry/FrequentistFramework/.rfe_cache ']'
+ git clone https://gitlab.cern.ch/atlas_higgs_combination/software/RooFitExtensions.git /afs/cern.ch/work/t/tofitsch/harry/FrequentistFramework/.rfe_cache
Cloning into '/afs/cern.ch/work/t/tofitsch/harry/FrequentistFramework/.rfe_cache'...
+ git -C /afs/cern.ch/work/t/tofitsch/harry/FrequentistFramework/.rfe_cache checkout ba94bfcbfa4f4a4e3541ade09580399e409e8514
Note: switching to 'ba94bfcbfa4f4a4e3541ade09580399e409e8514'.

You are in 'detached HEAD' state. You can look around, make experimental
changes and commit them, and you can discard any commits you make in this
state without impacting any branches by switching back to a branch.

If you want to create a new branch to retain commits you create, you may
do so (now or later) by using -c with the switch command. Example:

  git switch -c <new-branch-name>

Or undo this operation with:

  git switch -

Turn off this advice by setting config variable advice.detachedHead to false

HEAD is now at ba94bfc Merge branch 'patch-1' into 'master'
+ for x in xmlAnaWSBuilder quickFit workspaceCombiner
+ echo '=== xmlAnaWSBuilder done (exit 1) ==='
=== xmlAnaWSBuilder done (exit 1) ===
+ for x in xmlAnaWSBuilder quickFit workspaceCombiner
+ echo '=== quickFit done (exit 1) ==='
=== quickFit done (exit 1) ===
+ for x in xmlAnaWSBuilder quickFit workspaceCombiner
+ echo '=== workspaceCombiner done (exit 1) ==='
=== workspaceCombiner done (exit 1) ===
+ echo '=== pyBumpHunter done (exit 0) ==='
=== pyBumpHunter done (exit 0) ===
