
[1mRooFit v3.60 -- Developed by Wouter Verkerke and David Kirkby[0m 
                Copyright (C) 2000-2013 NIKHEF, University of California & Stanford University
                All rights reserved, please read http://roofit.sourceforge.net/license.txt

[2026-07-21 14:52:54] [thread 4015758] [info] 	 Including external constraints:
[2026-07-21 14:52:54] [thread 4015758] [info] 	 Preparing parameters of interest: 
[2026-07-21 14:52:54] [thread 4015758] [info] 	 Preparing list parameters for running MINOS over them: 
[2026-07-21 14:52:54] [thread 4015758] [info] 	 Summary of POI setup in the likelihood model
  1) 0x42ae330 RooRealVar:: nsig_mean400_width8.0 = 0 C  L(-1e+06 - 1e+06)  "nsig_mean400_width8.0"
[2026-07-21 14:52:54] [thread 4015758] [info] 	 Performing sanity checks on model...
[2026-07-21 14:52:54] [thread 4015758] [info] 	 Sanity checks on the model: OK
[2026-07-21 14:52:54] [thread 4015758] [info] 	 Starting fit...
[2026-07-21 14:52:54] [thread 4015758] [info] 	 Building NLL...
[2026-07-21 14:52:54] [thread 4015758] [info] 	 Building chi2 without splitrange and Poisson error...
[2026-07-21 14:52:54] [thread 4015758] [info] 	 chi2: 1292776.60260904
[2026-07-21 14:52:54] [thread 4015758] [info] 	 chi2: 1292776.60260904
[2026-07-21 14:52:54] [thread 4015758] [info] 	 half_chi2: 646388.30130452
[2026-07-21 14:52:54] [thread 4015758] [info] 	 constraint_sum: 0
[2026-07-21 14:52:54] [thread 4015758] [info] 	 constrained_chi2: 646388.30130452
RooFormulaVar::constrained_chi2[ actualVars=(half_chi2,constraint_sum) formula="x[0]+x[1]" ] = 646388
[2026-07-21 14:52:54] [thread 4015758] [info] 	 NLL built in 0.00033333333333333365 min (cpu), 0.0005659023920694987 min (real)
Minuit2Minimizer: Minimize with max-calls 60000 convergence for edm < 0.001 strategy 2
Minuit2Minimizer::Minuit  - Changing default options
             StorageLevel :               0
Info in <Minuit2>: MnSeedGenerator Initial state: FCN =       646388.3013 Edm =       6582968.737 NCalls =     53
Warning in <Minuit2>: MnPosDef Matrix forced pos-def by adding to diagonal 0.240274
Info in <Minuit2>: MnSeedGenerator run Hesse - new state: 
  Minimum value : 646388.3013
  Edm           : 44620386.18
  Internal parameters:
                0
    0.01273186688
     0.1496303341
     0.6516022123
     0.1654489574
      0.228283222
    0.01221337569
  Internal gradient  :
      1502535.233
      21630558.65
      121776357.6
     -80713790.13
      622849890.9
     -333754960.5
       1776964619
  Internal covariance matrix:
  1.6533741e-06 -1.7393389e-06 -1.3544918e-08 -3.3890959e-08   3.326812e-09 -2.4800292e-08   3.991587e-09
 -1.7393389e-06   1.970255e-06  1.2980738e-08  4.0165276e-08 -3.9648198e-09  2.7996776e-08 -4.5002714e-09
 -1.3544918e-08  1.2980738e-08  1.0625921e-09  5.4035366e-10 -5.6065687e-11  2.6966143e-10 -4.3373343e-11
 -3.3890959e-08  4.0165276e-08  5.4035366e-10  2.6878491e-09 -3.5603929e-11  4.5888035e-10 -7.3715293e-11
   3.326812e-09 -3.9648198e-09 -5.6065687e-11 -3.5603929e-11  3.5628469e-11 -4.3577025e-11  6.9049659e-12
 -2.4800292e-08  2.7996776e-08  2.6966143e-10  4.5888035e-10 -4.3577025e-11  5.0089258e-10 -5.9646591e-11
   3.991587e-09 -4.5002714e-09 -4.3373343e-11 -7.3715293e-11  6.9049659e-12 -5.9646591e-11  1.3459444e-11
Info in <Minuit2>: VariableMetricBuilder Start iterating until Edm is < 2e-06 with call limit = 60000
Info in <Minuit2>: VariableMetricBuilder    0 - FCN =       646388.3013 Edm =       44620386.18 NCalls =    103
Info in <Minuit2>: VariableMetricBuilder    1 - FCN =       405574.8463 Edm =       28617231.36 NCalls =    132
Info in <Minuit2>: VariableMetricBuilder    2 - FCN =       353744.7461 Edm =          421321.8 NCalls =    150
Info in <Minuit2>: VariableMetricBuilder    3 - FCN =       24269.08339 Edm =       23773.86501 NCalls =    178
Info in <Minuit2>: VariableMetricBuilder    4 - FCN =       2221.076779 Edm =       1513.380124 NCalls =    195
Info in <Minuit2>: VariableMetricBuilder    5 - FCN =       508.4441656 Edm =       15.66277962 NCalls =    211
Info in <Minuit2>: VariableMetricBuilder    6 - FCN =       492.3142294 Edm =      0.8516281254 NCalls =    226
Info in <Minuit2>: VariableMetricBuilder    7 - FCN =       475.5648864 Edm =       11.06994478 NCalls =    244
Info in <Minuit2>: VariableMetricBuilder    8 - FCN =       438.7923838 Edm =     0.04337887092 NCalls =    260
Info in <Minuit2>: VariableMetricBuilder    9 - FCN =       438.7469147 Edm =   2.395632986e-05 NCalls =    275
Info in <Minuit2>: VariableMetricBuilder   10 - FCN =       438.7468864 Edm =   3.585667725e-06 NCalls =    291
Info in <Minuit2>: VariableMetricBuilder   11 - FCN =       438.7406251 Edm =    0.000826942413 NCalls =    312
Info in <Minuit2>: VariableMetricBuilder   12 - FCN =       438.6928141 Edm =     0.02201440206 NCalls =    328
Info in <Minuit2>: VariableMetricBuilder   13 - FCN =       438.5801641 Edm =   2.681939658e-05 NCalls =    344
Info in <Minuit2>: VariableMetricBuilder   14 - FCN =       438.5800777 Edm =   2.893234192e-08 NCalls =    359
Warning in <Minuit2>: MnPosDef Matrix forced pos-def by adding to diagonal 0.00585656
Info in <Minuit2>: VariableMetricBuilder After Hessian
Info in <Minuit2>: VariableMetricBuilder   15 - FCN =       438.5800777 Edm =   4.714857376e-07 NCalls =    411
Warning in <Minuit2>: Minuit2Minimizer::Minimize Covar was made pos def
Minuit2Minimizer : Valid minimum - status = 1
FVAL  = 438.580077680419151
Edm   = 4.71485737579884992e-07
Nfcn  = 411
nbkg	  = 1.77642e+07	 +/-  5942.91	(limited)
p2	  = 15.1939	 +/-  0.226584	(limited)
p3	  = 14.7224	 +/-  0.0108322	(limited)
p4	  = 6.10543	 +/-  0.00139008	(limited)
p5	  = 1.6395	 +/-  0.000229885	(limited)
p6	  = 0.226906	 +/-  4.17896e-05	(limited)
p7	  = 0.0122949	 +/-  7.38032e-06	(limited)
Real time 0:00:00, CP time 0.290
Real time 0:00:00, CP time 0.290
[2026-07-21 14:52:54] [thread 4015758] [info] 	 Starting fit with HESSE...
Info in <Minuit2>: Minuit2Minimizer::Hesse Using max-calls 60000
Warning in <Minuit2>: MnPosDef Matrix forced pos-def by adding to diagonal 0.00585695
Info in <Minuit2>: Minuit2Minimizer::Hesse Hesse is valid - matrix is full but made positive defined
Real time 0:00:00, CP time 0.020
Real time 0:00:00, CP time 0.310, 2 slices

  RooFitResult: minimized FCN value: 438.58, estimated distance to minimum: 4.7148e-07
                covariance matrix quality: Full matrix, but forced positive-definite
                Status : MINIMIZE=1 HESSE=1 

    Floating Parameter    FinalValue +/-  Error   
  --------------------  --------------------------
                  nbkg    1.7764e+07 +/-  5.94e+03
                    p2    1.5194e+01 +/-  2.27e-01
                    p3    1.4722e+01 +/-  1.08e-02
                    p4    6.1054e+00 +/-  1.39e-03
                    p5    1.6395e+00 +/-  2.30e-04
                    p6    2.2691e-01 +/-  4.18e-05
                    p7    1.2295e-02 +/-  7.38e-06

....................INITIALIZING THE FIT UNTIL CONVERGENCE TEST..................................................................
[2026-07-21 14:52:54] [thread 4015758] [info] 	 Minimization attempt 1 with strategy 2
Minuit2Minimizer: Minimize with max-calls 60000 convergence for edm < 0.001 strategy 2
Minuit2Minimizer::Minuit  - Changing default options
             StorageLevel :               0
Info in <Minuit2>: MnSeedGenerator Initial state: FCN =       438.5800777 Edm =   9.162688495e-09 NCalls =     27
Warning in <Minuit2>: MnPosDef Matrix forced pos-def by adding to diagonal 0.00585647
Info in <Minuit2>: MnSeedGenerator run Hesse - new state: 
  Minimum value : 438.5800777
  Edm           : 4.714827435e-07
  Internal parameters:
    -0.0131023036
    0.01519445988
     0.1477611453
     0.6567466596
     0.1646931758
     0.2288997506
    0.01229516771
  Internal gradient  :
  0.0004462584284
     -1.995014537
     -10.20942273
     0.4772341536
     -25.06427085
      33.67863436
     -19.50178473
  Internal covariance matrix:
  1.0902559e-07 -6.2682806e-12  8.9088618e-13 -4.9901893e-12 -6.5743585e-13 -1.2952487e-12 -2.8243705e-13
 -6.2682806e-12   5.134469e-08  -1.620149e-08  1.2051951e-08 -1.5803832e-10 -1.9633186e-09  7.0708459e-10
  8.9088618e-13  -1.620149e-08  1.1990868e-08  5.2090244e-09 -5.4935979e-10  7.1236023e-10 -6.7038463e-11
 -4.9901893e-12  1.2051951e-08  5.2090244e-09  3.0808367e-08  9.7819833e-10   -1.62662e-09  2.4514953e-10
 -6.5743585e-13 -1.5803832e-10 -5.4935979e-10  9.7819833e-10  5.4304732e-10  2.7846489e-10 -5.4041044e-11
 -1.2952487e-12 -1.9633186e-09  7.1236023e-10   -1.62662e-09  2.7846489e-10  1.8412095e-09  1.4766149e-10
 -2.8243705e-13  7.0708459e-10 -6.7038463e-11  2.4514953e-10 -5.4041044e-11  1.4766149e-10  5.4477975e-11
Info in <Minuit2>: VariableMetricBuilder Start iterating until Edm is < 2e-06 with call limit = 60000
Info in <Minuit2>: VariableMetricBuilder    0 - FCN =       438.5800777 Edm =   4.714827435e-07 NCalls =     79
Info in <Minuit2>: VariableMetricBuilder    1 - FCN =       438.5799971 Edm =   4.528079419e-05 NCalls =    100
Info in <Minuit2>: VariableMetricBuilder    2 - FCN =       438.5788163 Edm =    0.001107505672 NCalls =    117
Info in <Minuit2>: VariableMetricBuilder    3 - FCN =       438.5673726 Edm =    0.003099638782 NCalls =    135
Info in <Minuit2>: VariableMetricBuilder    4 - FCN =        438.556319 Edm =     0.00447402339 NCalls =    154
Info in <Minuit2>: VariableMetricBuilder    5 - FCN =        438.552312 Edm =     0.01317926369 NCalls =    171
Info in <Minuit2>: VariableMetricBuilder    6 - FCN =       438.5487644 Edm =    0.001135083888 NCalls =    187
Info in <Minuit2>: VariableMetricBuilder    7 - FCN =       438.5461721 Edm =   0.0007898711384 NCalls =    204
Info in <Minuit2>: VariableMetricBuilder    8 - FCN =        438.544717 Edm =   0.0001456630073 NCalls =    221
Info in <Minuit2>: VariableMetricBuilder    9 - FCN =        438.544475 Edm =   0.0002077447781 NCalls =    238
Info in <Minuit2>: VariableMetricBuilder   10 - FCN =       438.5442314 Edm =   0.0001855981716 NCalls =    254
Info in <Minuit2>: VariableMetricBuilder   11 - FCN =       438.5436485 Edm =   0.0001117962531 NCalls =    272
Info in <Minuit2>: VariableMetricBuilder   12 - FCN =        438.543542 Edm =   3.404339716e-05 NCalls =    287
Info in <Minuit2>: VariableMetricBuilder   13 - FCN =       438.5434614 Edm =   5.928176067e-05 NCalls =    304
Info in <Minuit2>: VariableMetricBuilder   14 - FCN =       438.5431018 Edm =   0.0002773563678 NCalls =    322
Info in <Minuit2>: VariableMetricBuilder   15 - FCN =        438.542287 Edm =   0.0005463924147 NCalls =    342
Info in <Minuit2>: VariableMetricBuilder   16 - FCN =       438.5417404 Edm =    0.001457698689 NCalls =    359
Info in <Minuit2>: VariableMetricBuilder   17 - FCN =       438.5399182 Edm =    0.002910619783 NCalls =    377
Info in <Minuit2>: VariableMetricBuilder   18 - FCN =       438.5338712 Edm =    0.009618039194 NCalls =    395
Info in <Minuit2>: VariableMetricBuilder   19 - FCN =       438.5288235 Edm =    0.003856572571 NCalls =    415
Info in <Minuit2>: VariableMetricBuilder   20 - FCN =       438.5242057 Edm =     0.03049212013 NCalls =    433
Info in <Minuit2>: VariableMetricBuilder   21 - FCN =        438.510007 Edm =     0.03578658827 NCalls =    452
Info in <Minuit2>: VariableMetricBuilder   22 - FCN =       438.4887635 Edm =      0.0453758983 NCalls =    469
Info in <Minuit2>: VariableMetricBuilder   23 - FCN =       438.4355573 Edm =    0.009715227985 NCalls =    486
Info in <Minuit2>: VariableMetricBuilder   24 - FCN =       438.4182181 Edm =    0.004279190654 NCalls =    503
Info in <Minuit2>: VariableMetricBuilder   25 - FCN =       438.4064682 Edm =    0.004761250521 NCalls =    519
Info in <Minuit2>: VariableMetricBuilder   26 - FCN =       438.4035879 Edm =   0.0008274740057 NCalls =    535
Info in <Minuit2>: VariableMetricBuilder   27 - FCN =       438.4027043 Edm =   7.190388587e-05 NCalls =    551
Info in <Minuit2>: VariableMetricBuilder   28 - FCN =       438.4002388 Edm =    0.002089003103 NCalls =    570
Info in <Minuit2>: VariableMetricBuilder   29 - FCN =       438.3758082 Edm =     0.01701980755 NCalls =    590
Info in <Minuit2>: VariableMetricBuilder   30 - FCN =       438.3712975 Edm =     0.01093081635 NCalls =    607
Info in <Minuit2>: VariableMetricBuilder   31 - FCN =       438.3619385 Edm =    0.003609531861 NCalls =    623
Info in <Minuit2>: VariableMetricBuilder   32 - FCN =        438.351843 Edm =    0.004203318642 NCalls =    640
Info in <Minuit2>: VariableMetricBuilder   33 - FCN =       438.3268468 Edm =    0.008038171091 NCalls =    659
Info in <Minuit2>: VariableMetricBuilder   34 - FCN =       438.3197386 Edm =     0.03998667502 NCalls =    675
Info in <Minuit2>: VariableMetricBuilder   35 - FCN =       438.3076899 Edm =    0.004656196237 NCalls =    694
Info in <Minuit2>: VariableMetricBuilder   36 - FCN =       438.3019318 Edm =    0.008655229441 NCalls =    711
Info in <Minuit2>: VariableMetricBuilder   37 - FCN =       438.2905548 Edm =     0.00593107511 NCalls =    728
Info in <Minuit2>: VariableMetricBuilder   38 - FCN =       438.2833974 Edm =     0.01131449086 NCalls =    744
Info in <Minuit2>: VariableMetricBuilder   39 - FCN =       438.2686142 Edm =    0.003841349924 NCalls =    764
Info in <Minuit2>: VariableMetricBuilder   40 - FCN =       438.2631697 Edm =     0.01156386737 NCalls =    781
Info in <Minuit2>: VariableMetricBuilder   41 - FCN =       438.2421154 Edm =     0.01325359042 NCalls =    801
Info in <Minuit2>: VariableMetricBuilder   42 - FCN =       438.2321718 Edm =     0.05429746715 NCalls =    817
Info in <Minuit2>: VariableMetricBuilder   43 - FCN =       438.2195137 Edm =     0.00369729798 NCalls =    833
Info in <Minuit2>: VariableMetricBuilder   44 - FCN =       438.2108867 Edm =    0.005831029288 NCalls =    854
Info in <Minuit2>: VariableMetricBuilder   45 - FCN =       438.1986632 Edm =      0.0174567855 NCalls =    872
Info in <Minuit2>: VariableMetricBuilder   46 - FCN =       438.1884932 Edm =    0.008244368428 NCalls =    889
Info in <Minuit2>: VariableMetricBuilder   47 - FCN =       438.1758505 Edm =    0.004840984828 NCalls =    907
Info in <Minuit2>: VariableMetricBuilder   48 - FCN =       438.1694322 Edm =     0.01160990843 NCalls =    924
Info in <Minuit2>: VariableMetricBuilder   49 - FCN =       438.1629831 Edm =    0.005667184628 NCalls =    940
Info in <Minuit2>: VariableMetricBuilder   50 - FCN =       438.1487152 Edm =    0.004890930493 NCalls =    959
Info in <Minuit2>: VariableMetricBuilder   51 - FCN =       438.1371336 Edm =      0.0105643887 NCalls =    975
Info in <Minuit2>: VariableMetricBuilder   52 - FCN =       438.1329846 Edm =     0.00857599877 NCalls =    990
Info in <Minuit2>: VariableMetricBuilder   53 - FCN =       438.1159589 Edm =    0.004574279426 NCalls =   1009
Info in <Minuit2>: VariableMetricBuilder   54 - FCN =       438.0995474 Edm =      0.0116870497 NCalls =   1028
Info in <Minuit2>: VariableMetricBuilder   55 - FCN =       438.0954061 Edm =     0.02106264317 NCalls =   1044
Info in <Minuit2>: VariableMetricBuilder   56 - FCN =       438.0783505 Edm =    0.003353942819 NCalls =   1063
Info in <Minuit2>: VariableMetricBuilder   57 - FCN =       438.0726391 Edm =     0.01100928752 NCalls =   1080
Info in <Minuit2>: VariableMetricBuilder   58 - FCN =       438.0497821 Edm =     0.01045995213 NCalls =   1099
Info in <Minuit2>: VariableMetricBuilder   59 - FCN =        438.040698 Edm =     0.03466430756 NCalls =   1115
Info in <Minuit2>: VariableMetricBuilder   60 - FCN =       438.0287504 Edm =    0.003434154586 NCalls =   1132
Info in <Minuit2>: VariableMetricBuilder   61 - FCN =       438.0253433 Edm =    0.004260507346 NCalls =   1148
Info in <Minuit2>: VariableMetricBuilder   62 - FCN =       438.0149585 Edm =     0.01200009812 NCalls =   1165
Info in <Minuit2>: VariableMetricBuilder   63 - FCN =        437.988967 Edm =    0.009983077951 NCalls =   1186
Info in <Minuit2>: VariableMetricBuilder   64 - FCN =       437.9737799 Edm =     0.03231949619 NCalls =   1203
Info in <Minuit2>: VariableMetricBuilder   65 - FCN =       437.9704588 Edm =    0.003663092337 NCalls =   1219
Info in <Minuit2>: VariableMetricBuilder   66 - FCN =       437.9594431 Edm =    0.003394525587 NCalls =   1236
Info in <Minuit2>: VariableMetricBuilder   67 - FCN =       437.9528641 Edm =    0.009936526022 NCalls =   1253
Info in <Minuit2>: VariableMetricBuilder   68 - FCN =       437.9376209 Edm =     0.01183001589 NCalls =   1272
Info in <Minuit2>: VariableMetricBuilder   69 - FCN =       437.9323791 Edm =     0.00604235859 NCalls =   1288
Info in <Minuit2>: VariableMetricBuilder   70 - FCN =       437.9250449 Edm =    0.009593643541 NCalls =   1303
Info in <Minuit2>: VariableMetricBuilder   71 - FCN =       437.9200341 Edm =    0.002443818454 NCalls =   1319
Info in <Minuit2>: VariableMetricBuilder   72 - FCN =       437.9058033 Edm =    0.006774441887 NCalls =   1338
Info in <Minuit2>: VariableMetricBuilder   73 - FCN =        437.881701 Edm =    0.009181851816 NCalls =   1357
Info in <Minuit2>: VariableMetricBuilder   74 - FCN =       437.8787288 Edm =     0.01890383589 NCalls =   1373
Info in <Minuit2>: VariableMetricBuilder   75 - FCN =       437.8646385 Edm =    0.003233320755 NCalls =   1392
Info in <Minuit2>: VariableMetricBuilder   76 - FCN =       437.8593487 Edm =    0.009716017436 NCalls =   1409
Info in <Minuit2>: VariableMetricBuilder   77 - FCN =       437.8401222 Edm =     0.02959540095 NCalls =   1426
Info in <Minuit2>: VariableMetricBuilder   78 - FCN =        437.835625 Edm =    0.003570340615 NCalls =   1443
Info in <Minuit2>: VariableMetricBuilder   79 - FCN =       437.8210641 Edm =    0.004602997666 NCalls =   1462
Info in <Minuit2>: VariableMetricBuilder   80 - FCN =       437.8126733 Edm =     0.01403674329 NCalls =   1479
Info in <Minuit2>: VariableMetricBuilder   81 - FCN =       437.7984796 Edm =    0.005899880943 NCalls =   1497
Info in <Minuit2>: VariableMetricBuilder   82 - FCN =       437.7902301 Edm =     0.02033765895 NCalls =   1514
Info in <Minuit2>: VariableMetricBuilder   83 - FCN =       437.7805712 Edm =    0.004361019092 NCalls =   1530
Info in <Minuit2>: VariableMetricBuilder   84 - FCN =       437.7744701 Edm =    0.008085774939 NCalls =   1547
Info in <Minuit2>: VariableMetricBuilder   85 - FCN =       437.7590831 Edm =    0.006026679961 NCalls =   1565
Info in <Minuit2>: VariableMetricBuilder   86 - FCN =       437.7543583 Edm =     0.01469522857 NCalls =   1581
Info in <Minuit2>: VariableMetricBuilder   87 - FCN =       437.7416114 Edm =    0.003517468175 NCalls =   1601
Info in <Minuit2>: VariableMetricBuilder   88 - FCN =       437.7349644 Edm =     0.01315300651 NCalls =   1618
Info in <Minuit2>: VariableMetricBuilder   89 - FCN =       437.7144058 Edm =     0.02362568543 NCalls =   1636
Info in <Minuit2>: VariableMetricBuilder   90 - FCN =       437.7084708 Edm =    0.004422200507 NCalls =   1652
Info in <Minuit2>: VariableMetricBuilder   91 - FCN =       437.6948441 Edm =     0.00369610276 NCalls =   1672
Info in <Minuit2>: VariableMetricBuilder   92 - FCN =       437.6873482 Edm =     0.01537449774 NCalls =   1689
Info in <Minuit2>: VariableMetricBuilder   93 - FCN =       437.6624761 Edm =     0.01531691818 NCalls =   1708
Info in <Minuit2>: VariableMetricBuilder   94 - FCN =       437.6575335 Edm =    0.005785660156 NCalls =   1724
Info in <Minuit2>: VariableMetricBuilder   95 - FCN =       437.6459866 Edm =    0.003493947685 NCalls =   1746
Info in <Minuit2>: VariableMetricBuilder   96 - FCN =       437.6418892 Edm =     0.01022211306 NCalls =   1763
Info in <Minuit2>: VariableMetricBuilder   97 - FCN =       437.6157721 Edm =     0.01905269191 NCalls =   1783
Info in <Minuit2>: VariableMetricBuilder   98 - FCN =       437.6106801 Edm =    0.006591266028 NCalls =   1799
Info in <Minuit2>: VariableMetricBuilder   99 - FCN =       437.5991466 Edm =    0.003479552944 NCalls =   1820
Info in <Minuit2>: VariableMetricBuilder  100 - FCN =       437.5925429 Edm =     0.01208484477 NCalls =   1837
Info in <Minuit2>: VariableMetricBuilder  101 - FCN =       437.5742734 Edm =     0.02222340605 NCalls =   1855
Info in <Minuit2>: VariableMetricBuilder  102 - FCN =       437.5678184 Edm =    0.004088745504 NCalls =   1871
Info in <Minuit2>: VariableMetricBuilder  103 - FCN =       437.5552248 Edm =    0.002858624789 NCalls =   1890
Info in <Minuit2>: VariableMetricBuilder  104 - FCN =       437.5508192 Edm =     0.01290032146 NCalls =   1907
Info in <Minuit2>: VariableMetricBuilder  105 - FCN =       437.5075325 Edm =      0.2450840527 NCalls =   1932
Info in <Minuit2>: VariableMetricBuilder  106 - FCN =       437.5005335 Edm =     0.00222125653 NCalls =   1950
Info in <Minuit2>: VariableMetricBuilder  107 - FCN =       437.4981579 Edm =   0.0005737932953 NCalls =   1966
Info in <Minuit2>: VariableMetricBuilder  108 - FCN =       437.4876311 Edm =    0.004655745615 NCalls =   1987
Info in <Minuit2>: VariableMetricBuilder  109 - FCN =       437.4633723 Edm =    0.009408875212 NCalls =   2005
Info in <Minuit2>: VariableMetricBuilder  110 - FCN =       437.4605843 Edm =    0.007211182376 NCalls =   2021
Info in <Minuit2>: VariableMetricBuilder  111 - FCN =       437.4496997 Edm =    0.003386119272 NCalls =   2043
Info in <Minuit2>: VariableMetricBuilder  112 - FCN =       437.4448383 Edm =     0.01162642022 NCalls =   2060
Info in <Minuit2>: VariableMetricBuilder  113 - FCN =       437.4204646 Edm =     0.02026105927 NCalls =   2080
Info in <Minuit2>: VariableMetricBuilder  114 - FCN =       437.4155174 Edm =    0.006334659098 NCalls =   2096
Info in <Minuit2>: VariableMetricBuilder  115 - FCN =       437.4044568 Edm =    0.002846766241 NCalls =   2116
Info in <Minuit2>: VariableMetricBuilder  116 - FCN =       437.4001816 Edm =    0.008900446547 NCalls =   2132
Info in <Minuit2>: VariableMetricBuilder  117 - FCN =       437.3767681 Edm =     0.01113933913 NCalls =   2151
Info in <Minuit2>: VariableMetricBuilder  118 - FCN =       437.3726034 Edm =    0.005777996731 NCalls =   2167
Info in <Minuit2>: VariableMetricBuilder  119 - FCN =       437.3623817 Edm =    0.003215435837 NCalls =   2189
Info in <Minuit2>: VariableMetricBuilder  120 - FCN =       437.3585968 Edm =    0.009572621612 NCalls =   2206
Info in <Minuit2>: VariableMetricBuilder  121 - FCN =        437.335136 Edm =     0.03119781773 NCalls =   2224
Info in <Minuit2>: VariableMetricBuilder  122 - FCN =       437.3331098 Edm =    0.001535383111 NCalls =   2240
Info in <Minuit2>: VariableMetricBuilder  123 - FCN =       437.3207541 Edm =    0.004928695302 NCalls =   2259
Info in <Minuit2>: VariableMetricBuilder  124 - FCN =       437.3073667 Edm =     0.01919589088 NCalls =   2275
Info in <Minuit2>: VariableMetricBuilder  125 - FCN =       437.3041946 Edm =    0.004269135311 NCalls =   2291
Info in <Minuit2>: VariableMetricBuilder  126 - FCN =       437.2922867 Edm =    0.003653615501 NCalls =   2310
Info in <Minuit2>: VariableMetricBuilder  127 - FCN =       437.2803146 Edm =     0.02403948229 NCalls =   2329
Info in <Minuit2>: VariableMetricBuilder  128 - FCN =       437.2700912 Edm =    0.009478932716 NCalls =   2346
Info in <Minuit2>: VariableMetricBuilder  129 - FCN =       437.2597017 Edm =    0.002550252368 NCalls =   2368
Info in <Minuit2>: VariableMetricBuilder  130 - FCN =       437.2572779 Edm =    0.007682786423 NCalls =   2385
Info in <Minuit2>: VariableMetricBuilder  131 - FCN =       437.2385508 Edm =     0.01658808274 NCalls =   2410
Info in <Minuit2>: VariableMetricBuilder  132 - FCN =       437.2333901 Edm =     0.02957115592 NCalls =   2426
Info in <Minuit2>: VariableMetricBuilder  133 - FCN =       437.2184299 Edm =    0.002062440407 NCalls =   2442
Info in <Minuit2>: VariableMetricBuilder  134 - FCN =        437.212495 Edm =    0.004662676469 NCalls =   2461
Info in <Minuit2>: VariableMetricBuilder  135 - FCN =       437.2063576 Edm =     0.01089224728 NCalls =   2479
Info in <Minuit2>: VariableMetricBuilder  136 - FCN =       437.1979568 Edm =    0.004980307091 NCalls =   2496
Info in <Minuit2>: VariableMetricBuilder  137 - FCN =        437.188271 Edm =     0.00310222189 NCalls =   2516
Info in <Minuit2>: VariableMetricBuilder  138 - FCN =       437.1838095 Edm =     0.01035168144 NCalls =   2533
Info in <Minuit2>: VariableMetricBuilder  139 - FCN =       437.1737069 Edm =    0.008851014209 NCalls =   2551
Info in <Minuit2>: VariableMetricBuilder  140 - FCN =       437.1663847 Edm =    0.003808642582 NCalls =   2567
Info in <Minuit2>: VariableMetricBuilder  141 - FCN =       437.1629032 Edm =    0.004523520365 NCalls =   2583
Info in <Minuit2>: VariableMetricBuilder  142 - FCN =       437.1584759 Edm =     0.00241624878 NCalls =   2599
Info in <Minuit2>: VariableMetricBuilder  143 - FCN =       437.1511572 Edm =    0.006483753611 NCalls =   2617
Info in <Minuit2>: VariableMetricBuilder  144 - FCN =       437.1428767 Edm =    0.006922133199 NCalls =   2634
Info in <Minuit2>: VariableMetricBuilder  145 - FCN =       437.1351734 Edm =    0.002122371874 NCalls =   2652
Info in <Minuit2>: VariableMetricBuilder  146 - FCN =        437.133342 Edm =    0.003882221276 NCalls =   2668
Info in <Minuit2>: VariableMetricBuilder  147 - FCN =       437.1289623 Edm =    0.002936556316 NCalls =   2685
Info in <Minuit2>: VariableMetricBuilder  148 - FCN =        437.121129 Edm =    0.003808220557 NCalls =   2703
Info in <Minuit2>: VariableMetricBuilder  149 - FCN =       437.1154329 Edm =    0.008160357946 NCalls =   2721
Info in <Minuit2>: VariableMetricBuilder  150 - FCN =       437.1064372 Edm =    0.003304081774 NCalls =   2738
Info in <Minuit2>: VariableMetricBuilder  151 - FCN =       437.1012568 Edm =    0.008956240877 NCalls =   2755
Info in <Minuit2>: VariableMetricBuilder  152 - FCN =        437.091883 Edm =    0.004274922039 NCalls =   2773
Info in <Minuit2>: VariableMetricBuilder  153 - FCN =       437.0827938 Edm =     0.01816425291 NCalls =   2790
Info in <Minuit2>: VariableMetricBuilder  154 - FCN =       437.0767602 Edm =    0.003848637659 NCalls =   2809
Info in <Minuit2>: VariableMetricBuilder  155 - FCN =       437.0734184 Edm =    0.004782350917 NCalls =   2826
Info in <Minuit2>: VariableMetricBuilder  156 - FCN =        437.066682 Edm =    0.002736232951 NCalls =   2843
Info in <Minuit2>: VariableMetricBuilder  157 - FCN =       437.0537375 Edm =     0.01002489703 NCalls =   2861
Info in <Minuit2>: VariableMetricBuilder  158 - FCN =       437.0496384 Edm =    0.006808932276 NCalls =   2877
Info in <Minuit2>: VariableMetricBuilder  159 - FCN =       437.0416933 Edm =    0.004267465004 NCalls =   2897
Info in <Minuit2>: VariableMetricBuilder  160 - FCN =       437.0357208 Edm =    0.008851230188 NCalls =   2915
Info in <Minuit2>: VariableMetricBuilder  161 - FCN =       437.0315783 Edm =    0.003407076181 NCalls =   2931
Info in <Minuit2>: VariableMetricBuilder  162 - FCN =       437.0229575 Edm =    0.004364747737 NCalls =   2950
Info in <Minuit2>: VariableMetricBuilder  163 - FCN =       437.0128309 Edm =    0.003701113642 NCalls =   2967
Info in <Minuit2>: VariableMetricBuilder  164 - FCN =       437.0052047 Edm =     0.03062922429 NCalls =   2984
Info in <Minuit2>: VariableMetricBuilder  165 - FCN =       436.9987908 Edm =    0.002927153919 NCalls =   3000
Info in <Minuit2>: VariableMetricBuilder  166 - FCN =       436.9969766 Edm =    0.003149167247 NCalls =   3016
Info in <Minuit2>: VariableMetricBuilder  167 - FCN =       436.9955297 Edm =   0.0006317474959 NCalls =   3033
Info in <Minuit2>: VariableMetricBuilder  168 - FCN =       436.9852992 Edm =    0.005937817436 NCalls =   3051
Info in <Minuit2>: VariableMetricBuilder  169 - FCN =       436.9814773 Edm =    0.007355894054 NCalls =   3067
Info in <Minuit2>: VariableMetricBuilder  170 - FCN =       436.9724577 Edm =    0.002678818437 NCalls =   3088
Info in <Minuit2>: VariableMetricBuilder  171 - FCN =        436.967185 Edm =    0.009482557953 NCalls =   3105
Info in <Minuit2>: VariableMetricBuilder  172 - FCN =       436.9581833 Edm =    0.008815784946 NCalls =   3124
Info in <Minuit2>: VariableMetricBuilder  173 - FCN =       436.9530968 Edm =    0.005092102309 NCalls =   3143
Info in <Minuit2>: VariableMetricBuilder  174 - FCN =       436.9477066 Edm =    0.005867070607 NCalls =   3160
Info in <Minuit2>: VariableMetricBuilder  175 - FCN =       436.9446257 Edm =    0.002152365932 NCalls =   3176
Info in <Minuit2>: VariableMetricBuilder  176 - FCN =       436.9349968 Edm =    0.003423259185 NCalls =   3194
Info in <Minuit2>: VariableMetricBuilder  177 - FCN =       436.9226595 Edm =     0.01166628288 NCalls =   3212
Info in <Minuit2>: VariableMetricBuilder  178 - FCN =       436.9189515 Edm =    0.005661846615 NCalls =   3228
Info in <Minuit2>: VariableMetricBuilder  179 - FCN =       436.9113728 Edm =    0.003022396825 NCalls =   3248
Info in <Minuit2>: VariableMetricBuilder  180 - FCN =       436.9089648 Edm =    0.005307160852 NCalls =   3265
Info in <Minuit2>: VariableMetricBuilder  181 - FCN =        436.902934 Edm =    0.003146536153 NCalls =   3282
Info in <Minuit2>: VariableMetricBuilder  182 - FCN =       436.8964086 Edm =    0.004341193356 NCalls =   3301
Info in <Minuit2>: VariableMetricBuilder  183 - FCN =       436.8885774 Edm =    0.004013559719 NCalls =   3318
Info in <Minuit2>: VariableMetricBuilder  184 - FCN =       436.8851309 Edm =    0.009104056504 NCalls =   3334
Info in <Minuit2>: VariableMetricBuilder  185 - FCN =       436.8764587 Edm =    0.002651557633 NCalls =   3354
Info in <Minuit2>: VariableMetricBuilder  186 - FCN =       436.8713323 Edm =    0.009924062054 NCalls =   3371
Info in <Minuit2>: VariableMetricBuilder  187 - FCN =       436.8640455 Edm =    0.007155112957 NCalls =   3389
Info in <Minuit2>: VariableMetricBuilder  188 - FCN =       436.8574968 Edm =    0.004325403276 NCalls =   3410
Info in <Minuit2>: VariableMetricBuilder  189 - FCN =        436.851786 Edm =    0.005418906844 NCalls =   3426
Info in <Minuit2>: VariableMetricBuilder  190 - FCN =       436.8499315 Edm =    0.002188023189 NCalls =   3442
Info in <Minuit2>: VariableMetricBuilder  191 - FCN =       436.8377104 Edm =    0.002897749341 NCalls =   3461
Info in <Minuit2>: VariableMetricBuilder  192 - FCN =       436.8272705 Edm =     0.04013840247 NCalls =   3477
Info in <Minuit2>: VariableMetricBuilder  193 - FCN =       436.8239071 Edm =    0.002579234895 NCalls =   3492
Info in <Minuit2>: VariableMetricBuilder  194 - FCN =        436.814532 Edm =    0.003011679977 NCalls =   3511
Info in <Minuit2>: VariableMetricBuilder  195 - FCN =       436.8036717 Edm =     0.02146276179 NCalls =   3529
Info in <Minuit2>: VariableMetricBuilder  196 - FCN =       436.7982494 Edm =    0.004664268767 NCalls =   3545
Info in <Minuit2>: VariableMetricBuilder  197 - FCN =       436.7909101 Edm =    0.002202628904 NCalls =   3567
Info in <Minuit2>: VariableMetricBuilder  198 - FCN =       436.7881582 Edm =    0.007723396931 NCalls =   3583
Info in <Minuit2>: VariableMetricBuilder  199 - FCN =       436.7657662 Edm =     0.00975349764 NCalls =   3607
Info in <Minuit2>: VariableMetricBuilder  200 - FCN =       436.7633797 Edm =     0.01652272447 NCalls =   3623
Info in <Minuit2>: VariableMetricBuilder  201 - FCN =        436.755894 Edm =    0.001858534951 NCalls =   3640
Info in <Minuit2>: VariableMetricBuilder  202 - FCN =       436.7523192 Edm =    0.003807909395 NCalls =   3659
Info in <Minuit2>: VariableMetricBuilder  203 - FCN =       436.7452368 Edm =     0.00894928151 NCalls =   3677
Info in <Minuit2>: VariableMetricBuilder  204 - FCN =       436.7399218 Edm =    0.004213747981 NCalls =   3694
Info in <Minuit2>: VariableMetricBuilder  205 - FCN =       436.7326641 Edm =    0.002739511533 NCalls =   3714
Info in <Minuit2>: VariableMetricBuilder  206 - FCN =       436.7241945 Edm =    0.006200966738 NCalls =   3732
Info in <Minuit2>: VariableMetricBuilder  207 - FCN =       436.7221456 Edm =    0.009625884834 NCalls =   3748
Info in <Minuit2>: VariableMetricBuilder  208 - FCN =       436.7134045 Edm =    0.001858381931 NCalls =   3767
Info in <Minuit2>: VariableMetricBuilder  209 - FCN =       436.7099275 Edm =    0.006053850227 NCalls =   3784
Info in <Minuit2>: VariableMetricBuilder  210 - FCN =       436.6993193 Edm =    0.008720885588 NCalls =   3802
Info in <Minuit2>: VariableMetricBuilder  211 - FCN =       436.6955392 Edm =    0.005365491259 NCalls =   3818
Info in <Minuit2>: VariableMetricBuilder  212 - FCN =       436.6880945 Edm =    0.001725483159 NCalls =   3838
Info in <Minuit2>: VariableMetricBuilder  213 - FCN =       436.6856389 Edm =    0.005557850314 NCalls =   3855
Info in <Minuit2>: VariableMetricBuilder  214 - FCN =       436.6681807 Edm =     0.01554659649 NCalls =   3875
Info in <Minuit2>: VariableMetricBuilder  215 - FCN =       436.6656162 Edm =    0.004188293598 NCalls =   3891
Info in <Minuit2>: VariableMetricBuilder  216 - FCN =       436.6590373 Edm =    0.001783206337 NCalls =   3910
Info in <Minuit2>: VariableMetricBuilder  217 - FCN =        436.655811 Edm =    0.005388097742 NCalls =   3927
Info in <Minuit2>: VariableMetricBuilder  218 - FCN =       436.6470976 Edm =    0.009417435554 NCalls =   3945
Info in <Minuit2>: VariableMetricBuilder  219 - FCN =       436.6415618 Edm =    0.003639007862 NCalls =   3961
Info in <Minuit2>: VariableMetricBuilder  220 - FCN =       436.6357714 Edm =    0.001785895083 NCalls =   3979
Info in <Minuit2>: VariableMetricBuilder  221 - FCN =       436.6335552 Edm =    0.005253939465 NCalls =   3996
Info in <Minuit2>: VariableMetricBuilder  222 - FCN =       436.6219577 Edm =    0.004822949774 NCalls =   4016
Info in <Minuit2>: VariableMetricBuilder  223 - FCN =       436.6178237 Edm =     0.01392572652 NCalls =   4032
Info in <Minuit2>: VariableMetricBuilder  224 - FCN =       436.6131788 Edm =    0.001576017247 NCalls =   4049
Info in <Minuit2>: VariableMetricBuilder  225 - FCN =       436.6112965 Edm =     0.00210505543 NCalls =   4066
Info in <Minuit2>: VariableMetricBuilder  226 - FCN =       436.6072741 Edm =    0.004670194196 NCalls =   4084
Info in <Minuit2>: VariableMetricBuilder  227 - FCN =       436.5986984 Edm =    0.007343376142 NCalls =   4105
Info in <Minuit2>: VariableMetricBuilder  228 - FCN =       436.5966457 Edm =    0.003638098802 NCalls =   4121
Info in <Minuit2>: VariableMetricBuilder  229 - FCN =        436.591926 Edm =    0.002421596261 NCalls =   4138
Info in <Minuit2>: VariableMetricBuilder  230 - FCN =       436.5898776 Edm =    0.001189307335 NCalls =   4154
Info in <Minuit2>: VariableMetricBuilder  231 - FCN =       436.5863126 Edm =    0.004946105776 NCalls =   4170
Info in <Minuit2>: VariableMetricBuilder  232 - FCN =       436.5851718 Edm =   0.0009934981601 NCalls =   4187
Info in <Minuit2>: VariableMetricBuilder  233 - FCN =       436.5779757 Edm =    0.001945495254 NCalls =   4206
Info in <Minuit2>: VariableMetricBuilder  234 - FCN =       436.5697022 Edm =    0.008979294752 NCalls =   4223
Info in <Minuit2>: VariableMetricBuilder  235 - FCN =       436.5666722 Edm =    0.004098104746 NCalls =   4239
Info in <Minuit2>: VariableMetricBuilder  236 - FCN =       436.5617409 Edm =    0.001895095786 NCalls =   4261
Info in <Minuit2>: VariableMetricBuilder  237 - FCN =        436.559373 Edm =      0.0048932519 NCalls =   4277
Info in <Minuit2>: VariableMetricBuilder  238 - FCN =       436.5563042 Edm =     0.00205702099 NCalls =   4293
Info in <Minuit2>: VariableMetricBuilder  239 - FCN =       436.5515837 Edm =    0.002904998033 NCalls =   4312
Info in <Minuit2>: VariableMetricBuilder  240 - FCN =       436.5463461 Edm =    0.002100682624 NCalls =   4330
Info in <Minuit2>: VariableMetricBuilder  241 - FCN =       436.5437871 Edm =    0.008963839391 NCalls =   4346
Info in <Minuit2>: VariableMetricBuilder  242 - FCN =       436.5386861 Edm =    0.001362370585 NCalls =   4366
Info in <Minuit2>: VariableMetricBuilder  243 - FCN =       436.5370407 Edm =    0.003143288175 NCalls =   4382
Info in <Minuit2>: VariableMetricBuilder  244 - FCN =       436.5320016 Edm =    0.006273566644 NCalls =   4399
Info in <Minuit2>: VariableMetricBuilder  245 - FCN =       436.5282275 Edm =    0.002110966692 NCalls =   4415
Info in <Minuit2>: VariableMetricBuilder  246 - FCN =       436.5235984 Edm =    0.001221639923 NCalls =   4435
Info in <Minuit2>: VariableMetricBuilder  247 - FCN =       436.5226043 Edm =    0.002083358961 NCalls =   4452
Info in <Minuit2>: VariableMetricBuilder  248 - FCN =       436.5156055 Edm =    0.004755175206 NCalls =   4471
Info in <Minuit2>: VariableMetricBuilder  249 - FCN =       436.5130658 Edm =    0.003323146948 NCalls =   4487
Info in <Minuit2>: VariableMetricBuilder  250 - FCN =       436.5083444 Edm =    0.001262790196 NCalls =   4508
Info in <Minuit2>: VariableMetricBuilder  251 - FCN =       436.5060896 Edm =     0.00452012198 NCalls =   4525
Info in <Minuit2>: VariableMetricBuilder  252 - FCN =       436.4970778 Edm =     0.00535480688 NCalls =   4544
Info in <Minuit2>: VariableMetricBuilder  253 - FCN =        436.495136 Edm =    0.002209822074 NCalls =   4560
Info in <Minuit2>: VariableMetricBuilder  254 - FCN =       436.4911565 Edm =    0.001133483675 NCalls =   4580
Info in <Minuit2>: VariableMetricBuilder  255 - FCN =        436.490138 Edm =    0.002374358193 NCalls =   4597
Info in <Minuit2>: VariableMetricBuilder  256 - FCN =        436.482961 Edm =    0.005223459826 NCalls =   4616
Info in <Minuit2>: VariableMetricBuilder  257 - FCN =       436.4805542 Edm =    0.002100583108 NCalls =   4632
Info in <Minuit2>: VariableMetricBuilder  258 - FCN =       436.4767976 Edm =    0.001012319063 NCalls =   4652
Info in <Minuit2>: VariableMetricBuilder  259 - FCN =       436.4756359 Edm =    0.002998810003 NCalls =   4669
Info in <Minuit2>: VariableMetricBuilder  260 - FCN =       436.4641879 Edm =    0.007876430862 NCalls =   4693
Info in <Minuit2>: VariableMetricBuilder  261 - FCN =       436.4630451 Edm =    0.001590296593 NCalls =   4709
Info in <Minuit2>: VariableMetricBuilder  262 - FCN =       436.4608224 Edm =   0.0008774823633 NCalls =   4725
Info in <Minuit2>: VariableMetricBuilder  263 - FCN =       436.4601987 Edm =     0.00523229573 NCalls =   4741
Info in <Minuit2>: VariableMetricBuilder  264 - FCN =       436.4589634 Edm =    0.001926737564 NCalls =   4757
Info in <Minuit2>: VariableMetricBuilder  265 - FCN =       436.4578561 Edm =   0.0005248175881 NCalls =   4773
Info in <Minuit2>: VariableMetricBuilder  266 - FCN =       436.4565973 Edm =    0.001549595006 NCalls =   4790
Info in <Minuit2>: VariableMetricBuilder  267 - FCN =       436.4521818 Edm =    0.004146767229 NCalls =   4809
Info in <Minuit2>: VariableMetricBuilder  268 - FCN =       436.4489503 Edm =    0.001246257056 NCalls =   4829
Info in <Minuit2>: VariableMetricBuilder  269 - FCN =       436.4466561 Edm =    0.001240058685 NCalls =   4845
Info in <Minuit2>: VariableMetricBuilder  270 - FCN =       436.4459965 Edm =    0.001816113598 NCalls =   4861
Info in <Minuit2>: VariableMetricBuilder  271 - FCN =       436.4423601 Edm =    0.001083588104 NCalls =   4879
Info in <Minuit2>: VariableMetricBuilder  272 - FCN =       436.4395908 Edm =    0.003878397596 NCalls =   4896
Info in <Minuit2>: VariableMetricBuilder  273 - FCN =       436.4383043 Edm =     0.00197365118 NCalls =   4912
Info in <Minuit2>: VariableMetricBuilder  274 - FCN =       436.4349074 Edm =    0.002248825653 NCalls =   4928
Info in <Minuit2>: VariableMetricBuilder  275 - FCN =        436.433621 Edm =    0.001227803338 NCalls =   4944
Info in <Minuit2>: VariableMetricBuilder  276 - FCN =       436.4308191 Edm =    0.000860328177 NCalls =   4964
Info in <Minuit2>: VariableMetricBuilder  277 - FCN =       436.4293421 Edm =    0.002617731163 NCalls =   4981
Info in <Minuit2>: VariableMetricBuilder  278 - FCN =       436.4263231 Edm =    0.002790543002 NCalls =   5000
Info in <Minuit2>: VariableMetricBuilder  279 - FCN =       436.4245106 Edm =    0.001540397174 NCalls =   5019
Info in <Minuit2>: VariableMetricBuilder  280 - FCN =       436.4230312 Edm =    0.001436674075 NCalls =   5036
Info in <Minuit2>: VariableMetricBuilder  281 - FCN =       436.4222139 Edm =   0.0007131660701 NCalls =   5052
Info in <Minuit2>: VariableMetricBuilder  282 - FCN =       436.4191966 Edm =    0.001193362604 NCalls =   5074
Info in <Minuit2>: VariableMetricBuilder  283 - FCN =       436.4148559 Edm =    0.002025410482 NCalls =   5094
Info in <Minuit2>: VariableMetricBuilder  284 - FCN =       436.4142234 Edm =    0.003598340235 NCalls =   5110
Info in <Minuit2>: VariableMetricBuilder  285 - FCN =       436.4114774 Edm =   0.0005977600637 NCalls =   5126
Info in <Minuit2>: VariableMetricBuilder  286 - FCN =       436.4094818 Edm =    0.005185229684 NCalls =   5145
Info in <Minuit2>: VariableMetricBuilder  287 - FCN =       436.4070285 Edm =   0.0006488408718 NCalls =   5166
Info in <Minuit2>: VariableMetricBuilder  288 - FCN =       436.4066313 Edm =   0.0006318715077 NCalls =   5182
Info in <Minuit2>: VariableMetricBuilder  289 - FCN =       436.4056167 Edm =   0.0004489498167 NCalls =   5198
Info in <Minuit2>: VariableMetricBuilder  290 - FCN =       436.4028519 Edm =    0.002091448451 NCalls =   5215
Info in <Minuit2>: VariableMetricBuilder  291 - FCN =       436.4013585 Edm =    0.002029265768 NCalls =   5233
Info in <Minuit2>: VariableMetricBuilder  292 - FCN =       436.3998874 Edm =   0.0008940115906 NCalls =   5253
Info in <Minuit2>: VariableMetricBuilder  293 - FCN =       436.3985469 Edm =     0.00110900633 NCalls =   5270
Info in <Minuit2>: VariableMetricBuilder  294 - FCN =       436.3980577 Edm =   0.0005976934873 NCalls =   5286
Info in <Minuit2>: VariableMetricBuilder  295 - FCN =       436.3962692 Edm =    0.001591994536 NCalls =   5304
Info in <Minuit2>: VariableMetricBuilder  296 - FCN =       436.3949713 Edm =    0.001000197687 NCalls =   5320
Info in <Minuit2>: VariableMetricBuilder  297 - FCN =       436.3937772 Edm =   0.0006513014615 NCalls =   5340
Info in <Minuit2>: VariableMetricBuilder  298 - FCN =       436.3925141 Edm =    0.001726960832 NCalls =   5358
Info in <Minuit2>: VariableMetricBuilder  299 - FCN =       436.3914881 Edm =   0.0007991092211 NCalls =   5374
Info in <Minuit2>: VariableMetricBuilder  300 - FCN =       436.3901549 Edm =   0.0008575272036 NCalls =   5392
Info in <Minuit2>: VariableMetricBuilder  301 - FCN =       436.3890232 Edm =    0.001329300983 NCalls =   5409
Info in <Minuit2>: VariableMetricBuilder  302 - FCN =       436.3886225 Edm =   0.0004019210317 NCalls =   5426
Info in <Minuit2>: VariableMetricBuilder  303 - FCN =       436.3868712 Edm =   0.0005629236635 NCalls =   5444
Info in <Minuit2>: VariableMetricBuilder  304 - FCN =       436.3861354 Edm =    0.001377551336 NCalls =   5460
Info in <Minuit2>: VariableMetricBuilder  305 - FCN =       436.3848344 Edm =   0.0006080301371 NCalls =   5478
Info in <Minuit2>: VariableMetricBuilder  306 - FCN =       436.3841985 Edm =      0.0020624509 NCalls =   5493
Info in <Minuit2>: VariableMetricBuilder  307 - FCN =       436.3832798 Edm =   0.0004796577398 NCalls =   5509
Info in <Minuit2>: VariableMetricBuilder  308 - FCN =       436.3824546 Edm =   0.0004321693463 NCalls =   5529
Info in <Minuit2>: VariableMetricBuilder  309 - FCN =       436.3815534 Edm =    0.001142462008 NCalls =   5546
Info in <Minuit2>: VariableMetricBuilder  310 - FCN =       436.3805002 Edm =   0.0006109372256 NCalls =   5565
Info in <Minuit2>: VariableMetricBuilder  311 - FCN =       436.3798094 Edm =    0.001343527434 NCalls =   5582
Info in <Minuit2>: VariableMetricBuilder  312 - FCN =       436.3789875 Edm =   0.0003004976623 NCalls =   5598
Info in <Minuit2>: VariableMetricBuilder  313 - FCN =       436.3784752 Edm =   0.0004939302349 NCalls =   5616
Info in <Minuit2>: VariableMetricBuilder  314 - FCN =       436.3775744 Edm =   0.0007712539136 NCalls =   5634
Info in <Minuit2>: VariableMetricBuilder  315 - FCN =       436.3771466 Edm =   0.0004508013872 NCalls =   5650
Info in <Minuit2>: VariableMetricBuilder  316 - FCN =        436.376219 Edm =   0.0002282534102 NCalls =   5669
Info in <Minuit2>: VariableMetricBuilder  317 - FCN =       436.3756963 Edm =   0.0008251902734 NCalls =   5686
Info in <Minuit2>: VariableMetricBuilder  318 - FCN =       436.3752847 Edm =   0.0004468464173 NCalls =   5702
Info in <Minuit2>: VariableMetricBuilder  319 - FCN =       436.3744808 Edm =   0.0002866081778 NCalls =   5721
Info in <Minuit2>: VariableMetricBuilder  320 - FCN =        436.373903 Edm =   0.0002811069049 NCalls =   5739
Info in <Minuit2>: VariableMetricBuilder  321 - FCN =       436.3736058 Edm =    0.001061065984 NCalls =   5756
Info in <Minuit2>: VariableMetricBuilder  322 - FCN =       436.3729849 Edm =   0.0001774723635 NCalls =   5772
Info in <Minuit2>: VariableMetricBuilder  323 - FCN =        436.372653 Edm =   0.0005055261684 NCalls =   5790
Info in <Minuit2>: VariableMetricBuilder  324 - FCN =       436.3720098 Edm =   0.0002115447828 NCalls =   5808
Info in <Minuit2>: VariableMetricBuilder  325 - FCN =       436.3714515 Edm =   0.0006307175475 NCalls =   5825
Info in <Minuit2>: VariableMetricBuilder  326 - FCN =       436.3713389 Edm =   0.0001800898649 NCalls =   5841
Info in <Minuit2>: VariableMetricBuilder  327 - FCN =       436.3709022 Edm =   0.0001830193149 NCalls =   5859
Info in <Minuit2>: VariableMetricBuilder  328 - FCN =       436.3704578 Edm =   0.0001772713945 NCalls =   5877
Info in <Minuit2>: VariableMetricBuilder  329 - FCN =       436.3699873 Edm =   0.0001195389806 NCalls =   5894
Info in <Minuit2>: VariableMetricBuilder  330 - FCN =       436.3698469 Edm =    0.001728147372 NCalls =   5910
Info in <Minuit2>: VariableMetricBuilder  331 - FCN =       436.3694837 Edm =   5.844268053e-05 NCalls =   5932
Info in <Minuit2>: VariableMetricBuilder  332 - FCN =       436.3694215 Edm =   0.0001495462129 NCalls =   5949
Info in <Minuit2>: VariableMetricBuilder  333 - FCN =       436.3691266 Edm =   0.0001992405739 NCalls =   5968
Info in <Minuit2>: VariableMetricBuilder  334 - FCN =       436.3690236 Edm =   8.836453214e-05 NCalls =   5984
Info in <Minuit2>: VariableMetricBuilder  335 - FCN =       436.3688924 Edm =   7.119857629e-05 NCalls =   6001
Info in <Minuit2>: VariableMetricBuilder  336 - FCN =       436.3688426 Edm =   3.317291842e-05 NCalls =   6017
Info in <Minuit2>: VariableMetricBuilder  337 - FCN =       436.3686439 Edm =    0.000102093102 NCalls =   6036
Info in <Minuit2>: VariableMetricBuilder  338 - FCN =       436.3685084 Edm =   0.0001125371703 NCalls =   6052
Info in <Minuit2>: VariableMetricBuilder  339 - FCN =       436.3684267 Edm =   3.955099001e-05 NCalls =   6071
Info in <Minuit2>: VariableMetricBuilder  340 - FCN =       436.3683407 Edm =   7.779675674e-05 NCalls =   6088
Info in <Minuit2>: VariableMetricBuilder  341 - FCN =       436.3683154 Edm =   2.697302126e-05 NCalls =   6105
Info in <Minuit2>: VariableMetricBuilder  342 - FCN =       436.3681978 Edm =   2.172794443e-05 NCalls =   6123
Info in <Minuit2>: VariableMetricBuilder  343 - FCN =       436.3680941 Edm =   6.148048071e-05 NCalls =   6140
Info in <Minuit2>: VariableMetricBuilder  344 - FCN =        436.368085 Edm =    2.57775755e-05 NCalls =   6156
Info in <Minuit2>: VariableMetricBuilder  345 - FCN =       436.3680436 Edm =   8.565751257e-06 NCalls =   6175
Info in <Minuit2>: VariableMetricBuilder  346 - FCN =       436.3680118 Edm =   8.276315679e-06 NCalls =   6192
Info in <Minuit2>: VariableMetricBuilder  347 - FCN =       436.3679952 Edm =   2.980996225e-06 NCalls =   6209
Info in <Minuit2>: VariableMetricBuilder  348 - FCN =       436.3679887 Edm =     1.6366973e-05 NCalls =   6227
Info in <Minuit2>: VariableMetricBuilder  349 - FCN =       436.3679845 Edm =   3.528038712e-06 NCalls =   6245
Info in <Minuit2>: VariableMetricBuilder  350 - FCN =       436.3679828 Edm =   4.296028511e-07 NCalls =   6261
Warning in <Minuit2>: MnPosDef Matrix forced pos-def by adding to diagonal 0.00585512
Info in <Minuit2>: VariableMetricBuilder After Hessian
Info in <Minuit2>: VariableMetricBuilder  351 - FCN =       436.3679828 Edm =   4.013232768e-09 NCalls =   6311
Warning in <Minuit2>: Minuit2Minimizer::Minimize Covar was made pos def
Minuit2Minimizer : Valid minimum - status = 1
FVAL  = 436.367982812107357
Edm   = 4.01323276810691811e-09
Nfcn  = 6311
nbkg	  = 1.77642e+07	 +/-  5943.55	(limited)
p2	  = -23.6002	 +/-  0.226118	(limited)
p3	  = 28.4426	 +/-  0.0108105	(limited)
p4	  = 7.96101	 +/-  0.00139224	(limited)
p5	  = 1.27154	 +/-  0.000229593	(limited)
p6	  = 0.102273	 +/-  4.18014e-05	(limited)
p7	  = 0.00290281	 +/-  7.38079e-06	(limited)
Real time 0:00:02, CP time 2.410
Real time 0:00:02, CP time 2.720, 3 slices
[2026-07-21 14:52:57] [thread 4015758] [warning] 	 Migrad did not converge (status 1). Retrying with higher strategy.
[2026-07-21 14:52:57] [thread 4015758] [info] 	 Trying MIGRAD again...
Minuit2Minimizer: Minimize with max-calls 60000 convergence for edm < 0.001 strategy 2
Minuit2Minimizer::Minuit  - Changing default options
             StorageLevel :               0
Info in <Minuit2>: MnSeedGenerator Initial state: FCN =       436.3679828 Edm =    1.87526484e-08 NCalls =     27
Warning in <Minuit2>: MnPosDef Matrix forced pos-def by adding to diagonal 0.00585513
Info in <Minuit2>: MnSeedGenerator run Hesse - new state: 
  Minimum value : 436.3679828
  Edm           : 4.013221611e-09
  Internal parameters:
   -0.01310223386
    -0.0236023817
     0.2884079568
     0.9208240032
     0.1274991761
     0.1024524421
   0.002902818252
  Internal gradient  :
  0.0001364560333
      2.863336918
      11.63430156
     -5.665505947
       54.8378099
     -28.14965607
      139.7642848
  Internal covariance matrix:
  1.0904896e-07 -5.5854277e-12 -1.3486659e-12 -1.0550281e-11 -9.6839086e-13 -1.1228459e-12 -1.3370593e-13
 -5.5854277e-12  5.1157647e-08 -1.6602784e-08  1.5830979e-08 -1.5717999e-10 -1.9158785e-09  7.0518828e-10
 -1.3486659e-12 -1.6602784e-08  1.2715351e-08  7.0657252e-09 -5.6031913e-10  7.2033702e-10 -6.7274496e-11
 -1.0550281e-11  1.5830979e-08  7.0657252e-09   5.292751e-08  1.2736102e-09 -2.0796235e-09  3.2432724e-10
 -9.6839086e-13 -1.5717999e-10 -5.6031913e-10  1.2736102e-09  5.3578855e-10  2.7084692e-10 -5.3533821e-11
 -1.1228459e-12 -1.9158785e-09  7.2033702e-10 -2.0796235e-09  2.7084692e-10  1.7658349e-09  1.4486656e-10
 -1.3370593e-13  7.0518828e-10 -6.7274496e-11  3.2432724e-10 -5.3533821e-11  1.4486656e-10  5.4476604e-11
Info in <Minuit2>: VariableMetricBuilder Start iterating until Edm is < 2e-06 with call limit = 60000
Info in <Minuit2>: VariableMetricBuilder    0 - FCN =       436.3679828 Edm =   4.013221611e-09 NCalls =     77
Info in <Minuit2>: VariableMetricBuilder    1 - FCN =       436.3679828 Edm =   1.960855983e-11 NCalls =     92
Warning in <Minuit2>: MnPosDef Matrix forced pos-def by adding to diagonal 0.00585515
Info in <Minuit2>: VariableMetricBuilder After Hessian
Info in <Minuit2>: VariableMetricBuilder    2 - FCN =       436.3679828 Edm =   1.927266218e-11 NCalls =    156
Warning in <Minuit2>: Minuit2Minimizer::Minimize Covar was made pos def
Minuit2Minimizer : Valid minimum - status = 1
FVAL  = 436.367982808042996
Edm   = 1.92726621849038121e-11
Nfcn  = 156
nbkg	  = 1.77642e+07	 +/-  5943.55	(limited)
p2	  = -23.6002	 +/-  0.226117	(limited)
p3	  = 28.4426	 +/-  0.0108105	(limited)
p4	  = 7.96101	 +/-  0.00139225	(limited)
p5	  = 1.27154	 +/-  0.000229592	(limited)
p6	  = 0.102273	 +/-  4.18011e-05	(limited)
p7	  = 0.00290281	 +/-  7.3807e-06	(limited)
Real time 0:00:00, CP time 0.040
Real time 0:00:02, CP time 2.760, 4 slices
[2026-07-21 14:52:57] [thread 4015758] [info] 	 Minimization attempt 2 with strategy 2
Minuit2Minimizer: Minimize with max-calls 60000 convergence for edm < 0.001 strategy 2
Minuit2Minimizer::Minuit  - Changing default options
             StorageLevel :               0
Info in <Minuit2>: MnSeedGenerator Initial state: FCN =       436.3679828 Edm =    2.84007374e-13 NCalls =     27
Warning in <Minuit2>: MnPosDef Matrix forced pos-def by adding to diagonal 0.00585515
Info in <Minuit2>: MnSeedGenerator run Hesse - new state: 
  Minimum value : 436.3679828
  Edm           : 1.94717779e-11
  Internal parameters:
   -0.01310223387
   -0.02360238545
     0.2884079568
     0.9208240026
     0.1274991761
      0.102452442
   0.002902818252
  Internal gradient  :
  4.846338514e-06
    0.02281917639
  -0.000913471592
    0.01817868269
     0.1657346301
    0.02579023314
   -0.01414127112
  Internal covariance matrix:
  1.0904895e-07 -5.5825083e-12 -1.3496767e-12 -1.0549471e-11  -9.683344e-13 -1.1229016e-12 -1.3366931e-13
 -5.5825083e-12  5.1157238e-08 -1.6602583e-08  1.5831024e-08 -1.5717834e-10   -1.91592e-09  7.0517269e-10
 -1.3496767e-12 -1.6602583e-08  1.2715268e-08  7.0658807e-09 -5.6030463e-10  7.2032917e-10 -6.7272547e-11
 -1.0549471e-11  1.5831024e-08  7.0658807e-09  5.2928172e-08  1.2736338e-09 -2.0796399e-09  3.2432778e-10
  -9.683344e-13 -1.5717834e-10 -5.6030463e-10  1.2736338e-09  5.3578613e-10  2.7084963e-10 -5.3532608e-11
 -1.1229016e-12   -1.91592e-09  7.2032917e-10 -2.0796399e-09  2.7084963e-10   1.765801e-09  1.4485952e-10
 -1.3366931e-13  7.0517269e-10 -6.7272547e-11  3.2432778e-10 -5.3532608e-11  1.4485952e-10  5.4474889e-11
Info in <Minuit2>: VariableMetricBuilder Start iterating until Edm is < 2e-06 with call limit = 60000
Info in <Minuit2>: VariableMetricBuilder    0 - FCN =       436.3679828 Edm =    1.94717779e-11 NCalls =     91
Warning in <Minuit2>: VariableMetricBuilder No improvement in line search
Info in <Minuit2>: VariableMetricBuilder    1 - FCN =       436.3679828 Edm =    1.94717779e-11 NCalls =     92
Warning in <Minuit2>: MnPosDef Matrix forced pos-def by adding to diagonal 0.00585556
Info in <Minuit2>: VariableMetricBuilder After Hessian
Info in <Minuit2>: VariableMetricBuilder    2 - FCN =       436.3679828 Edm =   1.924685611e-11 NCalls =    152
Warning in <Minuit2>: Minuit2Minimizer::Minimize Covar was made pos def
Minuit2Minimizer : Valid minimum - status = 1
FVAL  = 436.367982808042996
Edm   = 1.92468561117279824e-11
Nfcn  = 152
nbkg	  = 1.77642e+07	 +/-  5943.55	(limited)
p2	  = -23.6002	 +/-  0.226213	(limited)
p3	  = 28.4426	 +/-  0.010812	(limited)
p4	  = 7.96101	 +/-  0.00139227	(limited)
p5	  = 1.27154	 +/-  0.00022959	(limited)
p6	  = 0.102273	 +/-  4.18024e-05	(limited)
p7	  = 0.00290281	 +/-  7.38324e-06	(limited)
Real time 0:00:00, CP time 0.050
Real time 0:00:02, CP time 2.810, 5 slices
[2026-07-21 14:52:57] [thread 4015758] [warning] 	 Migrad did not converge (status 1). Retrying with higher strategy.
[2026-07-21 14:52:57] [thread 4015758] [info] 	 Trying MIGRAD again...
Minuit2Minimizer: Minimize with max-calls 60000 convergence for edm < 0.001 strategy 2
Minuit2Minimizer::Minuit  - Changing default options
             StorageLevel :               0
Info in <Minuit2>: MnSeedGenerator Initial state: FCN =       436.3679828 Edm =   2.839942573e-13 NCalls =     27
Warning in <Minuit2>: MnPosDef Matrix forced pos-def by adding to diagonal 0.00585516
Info in <Minuit2>: MnSeedGenerator run Hesse - new state: 
  Minimum value : 436.3679828
  Edm           : 1.977053753e-11
  Internal parameters:
   -0.01310223387
   -0.02360238545
     0.2884079568
     0.9208240026
     0.1274991761
      0.102452442
   0.002902818252
  Internal gradient  :
  4.003497443e-06
    0.02282867378
  -0.000913471592
    0.01817868269
     0.1657346301
    0.02579023314
    0.02007370677
  Internal covariance matrix:
  1.0904895e-07 -5.5841031e-12 -1.3493376e-12 -1.0550574e-11 -9.6837878e-13 -1.1229922e-12 -1.3371212e-13
 -5.5841031e-12  5.1157167e-08 -1.6602554e-08  1.5830983e-08 -1.5717656e-10 -1.9158998e-09  7.0517341e-10
 -1.3493376e-12 -1.6602554e-08  1.2715244e-08  7.0658678e-09 -5.6030359e-10  7.2032693e-10 -6.7272594e-11
 -1.0550574e-11  1.5830983e-08  7.0658678e-09   5.292806e-08  1.2736333e-09 -2.0796312e-09  3.2432706e-10
 -9.6837878e-13 -1.5717656e-10 -5.6030359e-10  1.2736333e-09  5.3578475e-10  2.7084827e-10 -5.3532485e-11
 -1.1229922e-12 -1.9158998e-09  7.2032693e-10 -2.0796312e-09  2.7084827e-10  1.7658054e-09  1.4486106e-10
 -1.3371212e-13  7.0517341e-10 -6.7272594e-11  3.2432706e-10 -5.3532485e-11  1.4486106e-10  5.4475112e-11
Info in <Minuit2>: VariableMetricBuilder Start iterating until Edm is < 2e-06 with call limit = 60000
Info in <Minuit2>: VariableMetricBuilder    0 - FCN =       436.3679828 Edm =   1.977053753e-11 NCalls =     91
Warning in <Minuit2>: VariableMetricBuilder No improvement in line search
Info in <Minuit2>: VariableMetricBuilder    1 - FCN =       436.3679828 Edm =   1.977053753e-11 NCalls =     92
Warning in <Minuit2>: MnPosDef Matrix forced pos-def by adding to diagonal 0.00585556
Info in <Minuit2>: VariableMetricBuilder After Hessian
Info in <Minuit2>: VariableMetricBuilder    2 - FCN =       436.3679828 Edm =    1.91972172e-11 NCalls =    152
Warning in <Minuit2>: Minuit2Minimizer::Minimize Covar was made pos def
Minuit2Minimizer : Valid minimum - status = 1
FVAL  = 436.367982808042996
Edm   = 1.91972171978246653e-11
Nfcn  = 152
nbkg	  = 1.77642e+07	 +/-  5943.55	(limited)
p2	  = -23.6002	 +/-  0.226198	(limited)
p3	  = 28.4426	 +/-  0.0108117	(limited)
p4	  = 7.96101	 +/-  0.00139227	(limited)
p5	  = 1.27154	 +/-  0.00022959	(limited)
p6	  = 0.102273	 +/-  4.18024e-05	(limited)
p7	  = 0.00290281	 +/-  7.38312e-06	(limited)
Real time 0:00:00, CP time 0.060
Real time 0:00:03, CP time 2.870, 6 slices
[2026-07-21 14:52:57] [thread 4015758] [info] 	 Minimization attempt 3 with strategy 2
Minuit2Minimizer: Minimize with max-calls 60000 convergence for edm < 0.001 strategy 2
Minuit2Minimizer::Minuit  - Changing default options
             StorageLevel :               0
Info in <Minuit2>: MnSeedGenerator Initial state: FCN =       436.3679828 Edm =   2.839948141e-13 NCalls =     27
Warning in <Minuit2>: MnPosDef Matrix forced pos-def by adding to diagonal 0.00585514
Info in <Minuit2>: MnSeedGenerator run Hesse - new state: 
  Minimum value : 436.3679828
  Edm           : 1.938379842e-11
  Internal parameters:
   -0.01310223387
   -0.02360238545
     0.2884079568
     0.9208240026
     0.1274991761
      0.102452442
   0.002902818252
  Internal gradient  :
  5.899895607e-06
    0.02281284473
  -0.000913471592
    0.01817868269
     0.1657346301
    0.02579023314
   -0.02469199478
  Internal covariance matrix:
  1.0904895e-07 -5.5830361e-12 -1.3488762e-12 -1.0548068e-11 -9.6833558e-13 -1.1228053e-12 -1.3364851e-13
 -5.5830361e-12  5.1157394e-08 -1.6602619e-08  1.5831094e-08 -1.5718951e-10 -1.9159251e-09   7.051787e-10
 -1.3488762e-12 -1.6602619e-08  1.2715283e-08  7.0658794e-09 -5.6030329e-10  7.2032858e-10 -6.7273763e-11
 -1.0548068e-11  1.5831094e-08  7.0658794e-09   5.292825e-08  1.2736295e-09 -2.0796414e-09  3.2433102e-10
 -9.6833558e-13 -1.5718951e-10 -5.6030329e-10  1.2736295e-09  5.3578756e-10  2.7084974e-10 -5.3533201e-11
 -1.1228053e-12 -1.9159251e-09  7.2032858e-10 -2.0796414e-09  2.7084974e-10   1.765797e-09  1.4485875e-10
 -1.3364851e-13   7.051787e-10 -6.7273763e-11  3.2433102e-10 -5.3533201e-11  1.4485875e-10  5.4475077e-11
Info in <Minuit2>: VariableMetricBuilder Start iterating until Edm is < 2e-06 with call limit = 60000
Info in <Minuit2>: VariableMetricBuilder    0 - FCN =       436.3679828 Edm =   1.938379842e-11 NCalls =     91
Info in <Minuit2>: VariableMetricBuilder    1 - FCN =       436.3679828 Edm =   2.310967234e-11 NCalls =    108
Warning in <Minuit2>: MnPosDef Matrix forced pos-def by adding to diagonal 0.00585541
Info in <Minuit2>: VariableMetricBuilder After Hessian
Info in <Minuit2>: VariableMetricBuilder    2 - FCN =       436.3679828 Edm =   2.628494576e-11 NCalls =    166
Warning in <Minuit2>: Minuit2Minimizer::Minimize Covar was made pos def
Minuit2Minimizer : Valid minimum - status = 1
FVAL  = 436.367982807921976
Edm   = 2.62849457556651296e-11
Nfcn  = 166
nbkg	  = 1.77642e+07	 +/-  5943.55	(limited)
p2	  = -23.6002	 +/-  0.226168	(limited)
p3	  = 28.4426	 +/-  0.0108114	(limited)
p4	  = 7.96101	 +/-  0.00139225	(limited)
p5	  = 1.27154	 +/-  0.000229591	(limited)
p6	  = 0.102273	 +/-  4.18022e-05	(limited)
p7	  = 0.00290281	 +/-  7.38225e-06	(limited)
Real time 0:00:00, CP time 0.050
Real time 0:00:03, CP time 2.920, 7 slices
[2026-07-21 14:52:57] [thread 4015758] [warning] 	 Migrad did not converge (status 1). Retrying with higher strategy.
[2026-07-21 14:52:57] [thread 4015758] [info] 	 Trying MIGRAD again...
Minuit2Minimizer: Minimize with max-calls 60000 convergence for edm < 0.001 strategy 2
Minuit2Minimizer::Minuit  - Changing default options
             StorageLevel :               0
Info in <Minuit2>: MnSeedGenerator Initial state: FCN =       436.3679828 Edm =   3.199989356e-12 NCalls =     27
Warning in <Minuit2>: MnPosDef Matrix forced pos-def by adding to diagonal 0.00585515
Info in <Minuit2>: MnSeedGenerator run Hesse - new state: 
  Minimum value : 436.3679828
  Edm           : 2.667654186e-11
  Internal parameters:
   -0.01310223387
    -0.0236023889
     0.2884079576
     0.9208239989
     0.1274991758
      0.102452442
   0.002902818213
  Internal gradient  :
 -5.689180711e-06
   -0.07069196002
   -0.09681765509
    0.03808694252
     0.2021848425
   -0.09018145815
     0.9613291593
  Internal covariance matrix:
  1.0904895e-07 -5.5815524e-12 -1.3488628e-12  -1.054669e-11 -9.6828818e-13 -1.1222594e-12 -1.3353128e-13
 -5.5815524e-12  5.1157472e-08 -1.6602722e-08  1.5830934e-08 -1.5717622e-10 -1.9158822e-09  7.0518257e-10
 -1.3488628e-12 -1.6602722e-08  1.2715364e-08  7.0658967e-09 -5.6031329e-10  7.2032969e-10 -6.7273603e-11
  -1.054669e-11  1.5830934e-08  7.0658967e-09  5.2927983e-08  1.2736239e-09   -2.07961e-09  3.2433049e-10
 -9.6828818e-13 -1.5717622e-10 -5.6031329e-10  1.2736239e-09  5.3578681e-10  2.7084513e-10 -5.3533503e-11
 -1.1222594e-12 -1.9158822e-09  7.2032969e-10   -2.07961e-09  2.7084513e-10  1.7658027e-09  1.4486201e-10
 -1.3353128e-13  7.0518257e-10 -6.7273603e-11  3.2433049e-10 -5.3533503e-11  1.4486201e-10  5.4475737e-11
Info in <Minuit2>: VariableMetricBuilder Start iterating until Edm is < 2e-06 with call limit = 60000
Info in <Minuit2>: VariableMetricBuilder    0 - FCN =       436.3679828 Edm =   2.667654186e-11 NCalls =     87
Info in <Minuit2>: VariableMetricBuilder    1 - FCN =       436.3679828 Edm =   7.798388859e-12 NCalls =    105
Warning in <Minuit2>: MnPosDef Matrix forced pos-def by adding to diagonal 0.00585513
Info in <Minuit2>: VariableMetricBuilder After Hessian
Info in <Minuit2>: VariableMetricBuilder    2 - FCN =       436.3679828 Edm =    1.09470696e-11 NCalls =    167
Warning in <Minuit2>: Minuit2Minimizer::Minimize Covar was made pos def
Minuit2Minimizer : Valid minimum - status = 1
FVAL  = 436.367982807825172
Edm   = 1.09470696044648817e-11
Nfcn  = 167
nbkg	  = 1.77642e+07	 +/-  5943.55	(limited)
p2	  = -23.6002	 +/-  0.226117	(limited)
p3	  = 28.4426	 +/-  0.0108105	(limited)
p4	  = 7.96101	 +/-  0.00139224	(limited)
p5	  = 1.27154	 +/-  0.000229592	(limited)
p6	  = 0.102273	 +/-  4.18013e-05	(limited)
p7	  = 0.00290281	 +/-  7.38072e-06	(limited)
Real time 0:00:00, CP time 0.060
Real time 0:00:03, CP time 2.980, 8 slices
[2026-07-21 14:52:57] [thread 4015758] [info] 	 Minimization attempt 4 with strategy 2
Minuit2Minimizer: Minimize with max-calls 60000 convergence for edm < 0.001 strategy 2
Minuit2Minimizer::Minuit  - Changing default options
             StorageLevel :               0
Info in <Minuit2>: MnSeedGenerator Initial state: FCN =       436.3679828 Edm =   7.242717981e-14 NCalls =     27
Warning in <Minuit2>: MnPosDef Matrix forced pos-def by adding to diagonal 0.00585513
Info in <Minuit2>: MnSeedGenerator run Hesse - new state: 
  Minimum value : 436.3679828
  Edm           : 1.094953126e-11
  Internal parameters:
   -0.01310223387
    -0.0236023886
     0.2884079577
     0.9208239984
     0.1274991757
      0.102452442
   0.002902818215
  Internal gradient  :
  4.214207373e-07
  -0.001787101153
  -0.002604014033
    0.01402692122
     0.2163357714
     0.0081972566
   -0.02705690884
  Internal covariance matrix:
  1.0904896e-07 -5.5832711e-12 -1.3488648e-12 -1.0548562e-11 -9.6826571e-13 -1.1224665e-12 -1.3362348e-13
 -5.5832711e-12  5.1157334e-08 -1.6602683e-08  1.5830966e-08 -1.5716296e-10 -1.9159185e-09  7.0517102e-10
 -1.3488648e-12 -1.6602683e-08  1.2715333e-08  7.0658386e-09  -5.603159e-10  7.2033695e-10 -6.7271714e-11
 -1.0548562e-11  1.5830966e-08  7.0658386e-09  5.2927879e-08  1.2736189e-09 -2.0796443e-09  3.2432551e-10
 -9.6826571e-13 -1.5716296e-10  -5.603159e-10  1.2736189e-09  5.3578515e-10  2.7084977e-10  -5.353218e-11
 -1.1224665e-12 -1.9159185e-09  7.2033695e-10 -2.0796443e-09  2.7084977e-10  1.7658191e-09  1.4486224e-10
 -1.3362348e-13  7.0517102e-10 -6.7271714e-11  3.2432551e-10  -5.353218e-11  1.4486224e-10  5.4475145e-11
Info in <Minuit2>: VariableMetricBuilder Start iterating until Edm is < 2e-06 with call limit = 60000
Info in <Minuit2>: VariableMetricBuilder    0 - FCN =       436.3679828 Edm =   1.094953126e-11 NCalls =     91
Warning in <Minuit2>: VariableMetricBuilder No improvement in line search
Info in <Minuit2>: VariableMetricBuilder    1 - FCN =       436.3679828 Edm =   1.094953126e-11 NCalls =     92
Warning in <Minuit2>: MnPosDef Matrix forced pos-def by adding to diagonal 0.00585525
Info in <Minuit2>: VariableMetricBuilder After Hessian
Info in <Minuit2>: VariableMetricBuilder    2 - FCN =       436.3679828 Edm =   1.096630865e-11 NCalls =    152
Warning in <Minuit2>: Minuit2Minimizer::Minimize Covar was made pos def
Minuit2Minimizer : Valid minimum - status = 1
FVAL  = 436.367982807825172
Edm   = 1.09663086539585863e-11
Nfcn  = 152
nbkg	  = 1.77642e+07	 +/-  5943.55	(limited)
p2	  = -23.6002	 +/-  0.226199	(limited)
p3	  = 28.4426	 +/-  0.0108123	(limited)
p4	  = 7.96101	 +/-  0.00139228	(limited)
p5	  = 1.27154	 +/-  0.000229591	(limited)
p6	  = 0.102273	 +/-  4.18023e-05	(limited)
p7	  = 0.00290281	 +/-  7.38167e-06	(limited)
Real time 0:00:00, CP time 0.070
Real time 0:00:03, CP time 3.050, 9 slices
[2026-07-21 14:52:57] [thread 4015758] [warning] 	 Migrad did not converge (status 1). Retrying with higher strategy.
[2026-07-21 14:52:57] [thread 4015758] [info] 	 Trying MIGRAD again...
Minuit2Minimizer: Minimize with max-calls 60000 convergence for edm < 0.001 strategy 2
Minuit2Minimizer::Minuit  - Changing default options
             StorageLevel :               0
Info in <Minuit2>: MnSeedGenerator Initial state: FCN =       436.3679828 Edm =   7.241785777e-14 NCalls =     27
Warning in <Minuit2>: MnPosDef Matrix forced pos-def by adding to diagonal 0.00585513
Info in <Minuit2>: MnSeedGenerator run Hesse - new state: 
  Minimum value : 436.3679828
  Edm           : 1.088392948e-11
  Internal parameters:
   -0.01310223387
    -0.0236023886
     0.2884079577
     0.9208239984
     0.1274991757
      0.102452442
   0.002902818215
  Internal gradient  :
  8.428417187e-07
  -0.001757025931
  -0.002604014033
    0.01402692122
     0.2163357714
     0.0081972566
   -0.01008611832
  Internal covariance matrix:
  1.0904896e-07 -5.5841999e-12 -1.3484137e-12 -1.0547991e-11 -9.6820165e-13 -1.1226148e-12 -1.3367403e-13
 -5.5841999e-12  5.1157374e-08 -1.6602704e-08  1.5830976e-08 -1.5716407e-10 -1.9159327e-09  7.0516994e-10
 -1.3484137e-12 -1.6602704e-08  1.2715347e-08  7.0658427e-09 -5.6031597e-10  7.2033984e-10 -6.7271614e-11
 -1.0547991e-11  1.5830976e-08  7.0658427e-09  5.2927916e-08  1.2736191e-09 -2.0796497e-09  3.2432525e-10
 -9.6820165e-13 -1.5716407e-10 -5.6031597e-10  1.2736191e-09  5.3578562e-10  2.7085039e-10   -5.35322e-11
 -1.1226148e-12 -1.9159327e-09  7.2033984e-10 -2.0796497e-09  2.7085039e-10  1.7658178e-09  1.4486157e-10
 -1.3367403e-13  7.0516994e-10 -6.7271614e-11  3.2432525e-10   -5.35322e-11  1.4486157e-10   5.447502e-11
Info in <Minuit2>: VariableMetricBuilder Start iterating until Edm is < 2e-06 with call limit = 60000
Info in <Minuit2>: VariableMetricBuilder    0 - FCN =       436.3679828 Edm =   1.088392948e-11 NCalls =     91
Warning in <Minuit2>: VariableMetricBuilder No improvement in line search
Info in <Minuit2>: VariableMetricBuilder    1 - FCN =       436.3679828 Edm =   1.088392948e-11 NCalls =     92
Warning in <Minuit2>: MnPosDef Matrix forced pos-def by adding to diagonal 0.00585525
Info in <Minuit2>: VariableMetricBuilder After Hessian
Info in <Minuit2>: VariableMetricBuilder    2 - FCN =       436.3679828 Edm =   1.096842706e-11 NCalls =    152
Warning in <Minuit2>: Minuit2Minimizer::Minimize Covar was made pos def
Minuit2Minimizer : Valid minimum - status = 1
FVAL  = 436.367982807825172
Edm   = 1.09684270644011356e-11
Nfcn  = 152
nbkg	  = 1.77642e+07	 +/-  5943.55	(limited)
p2	  = -23.6002	 +/-  0.226184	(limited)
p3	  = 28.4426	 +/-  0.0108119	(limited)
p4	  = 7.96101	 +/-  0.00139228	(limited)
p5	  = 1.27154	 +/-  0.000229591	(limited)
p6	  = 0.102273	 +/-  4.1802e-05	(limited)
p7	  = 0.00290281	 +/-  7.38169e-06	(limited)
Real time 0:00:00, CP time 0.050
Real time 0:00:03, CP time 3.100, 10 slices
[2026-07-21 14:52:57] [thread 4015758] [info] 	 Minimization attempt 5 with strategy 2
Minuit2Minimizer: Minimize with max-calls 60000 convergence for edm < 0.001 strategy 2
Minuit2Minimizer::Minuit  - Changing default options
             StorageLevel :               0
Info in <Minuit2>: MnSeedGenerator Initial state: FCN =       436.3679828 Edm =   7.239507056e-14 NCalls =     27
Warning in <Minuit2>: MnPosDef Matrix forced pos-def by adding to diagonal 0.00585514
Info in <Minuit2>: MnSeedGenerator run Hesse - new state: 
  Minimum value : 436.3679828
  Edm           : 1.098590914e-11
  Internal parameters:
   -0.01310223387
    -0.0236023886
     0.2884079577
     0.9208239984
     0.1274991757
      0.102452442
   0.002902818215
  Internal gradient  :
  2.697095203e-06
  -0.001709538744
  -0.002604014033
    0.01402692122
     0.2163357714
     0.0081972566
    -0.0345943504
  Internal covariance matrix:
  1.0904896e-07 -5.5836983e-12 -1.3484134e-12 -1.0547935e-11 -9.6828666e-13 -1.1224269e-12 -1.3361115e-13
 -5.5836983e-12  5.1157276e-08 -1.6602672e-08  1.5830921e-08 -1.5716144e-10 -1.9159172e-09  7.0516906e-10
 -1.3484134e-12 -1.6602672e-08  1.2715325e-08  7.0658347e-09 -5.6031538e-10  7.2033792e-10 -6.7271417e-11
 -1.0547935e-11  1.5830921e-08  7.0658347e-09  5.2927807e-08  1.2736195e-09 -2.0796444e-09  3.2432354e-10
 -9.6828666e-13 -1.5716144e-10 -5.6031538e-10  1.2736195e-09  5.3578448e-10  2.7084921e-10 -5.3532078e-11
 -1.1224269e-12 -1.9159172e-09  7.2033792e-10 -2.0796444e-09  2.7084921e-10   1.765821e-09  1.4486272e-10
 -1.3361115e-13  7.0516906e-10 -6.7271417e-11  3.2432354e-10 -5.3532078e-11  1.4486272e-10  5.4475136e-11
Info in <Minuit2>: VariableMetricBuilder Start iterating until Edm is < 2e-06 with call limit = 60000
Info in <Minuit2>: VariableMetricBuilder    0 - FCN =       436.3679828 Edm =   1.098590914e-11 NCalls =     91
Warning in <Minuit2>: VariableMetricBuilder No improvement in line search
Info in <Minuit2>: VariableMetricBuilder    1 - FCN =       436.3679828 Edm =   1.098590914e-11 NCalls =     92
Warning in <Minuit2>: MnPosDef Matrix forced pos-def by adding to diagonal 0.00585525
Info in <Minuit2>: VariableMetricBuilder After Hessian
Info in <Minuit2>: VariableMetricBuilder    2 - FCN =       436.3679828 Edm =   1.096042953e-11 NCalls =    152
Warning in <Minuit2>: Minuit2Minimizer::Minimize Covar was made pos def
Minuit2Minimizer : Valid minimum - status = 1
FVAL  = 436.367982807825172
Edm   = 1.09604295319593372e-11
Nfcn  = 152
nbkg	  = 1.77642e+07	 +/-  5943.55	(limited)
p2	  = -23.6002	 +/-  0.226193	(limited)
p3	  = 28.4426	 +/-  0.010812	(limited)
p4	  = 7.96101	 +/-  0.00139229	(limited)
p5	  = 1.27154	 +/-  0.000229591	(limited)
p6	  = 0.102273	 +/-  4.18019e-05	(limited)
p7	  = 0.00290281	 +/-  7.38182e-06	(limited)
Real time 0:00:00, CP time 0.040
Real time 0:00:03, CP time 3.140, 11 slices
[2026-07-21 14:52:57] [thread 4015758] [warning] 	 Migrad did not converge (status 1). Retrying with higher strategy.
[2026-07-21 14:52:57] [thread 4015758] [info] 	 Trying MIGRAD again...
Minuit2Minimizer: Minimize with max-calls 60000 convergence for edm < 0.001 strategy 2
Minuit2Minimizer::Minuit  - Changing default options
             StorageLevel :               0
Info in <Minuit2>: MnSeedGenerator Initial state: FCN =       436.3679828 Edm =   7.239677988e-14 NCalls =     27
Warning in <Minuit2>: MnPosDef Matrix forced pos-def by adding to diagonal 0.00585514
Info in <Minuit2>: MnSeedGenerator run Hesse - new state: 
  Minimum value : 436.3679828
  Edm           : 1.107706867e-11
  Internal parameters:
   -0.01310223387
    -0.0236023886
     0.2884079577
     0.9208239984
     0.1274991757
      0.102452442
   0.002902818215
  Internal gradient  :
  6.321311438e-07
  -0.001677880619
  -0.002604014033
    0.01402692122
     0.2163357714
     0.0081972566
     -0.053917204
  Internal covariance matrix:
  1.0904896e-07 -5.5833578e-12 -1.3492845e-12 -1.0549092e-11 -9.6820101e-13 -1.1227265e-12 -1.3368605e-13
 -5.5833578e-12  5.1157449e-08 -1.6602694e-08  1.5831013e-08  -1.571755e-10 -1.9159048e-09  7.0517913e-10
 -1.3492845e-12 -1.6602694e-08  1.2715329e-08  7.0658244e-09  -5.603139e-10  7.2033606e-10 -6.7272654e-11
 -1.0549092e-11  1.5831013e-08  7.0658244e-09  5.2927859e-08  1.2736121e-09 -2.0796361e-09  3.2432921e-10
 -9.6820101e-13  -1.571755e-10  -5.603139e-10  1.2736121e-09  5.3578575e-10  2.7084789e-10 -5.3532978e-11
 -1.1227265e-12 -1.9159048e-09  7.2033606e-10 -2.0796361e-09  2.7084789e-10  1.7658192e-09  1.4486313e-10
 -1.3368605e-13  7.0517913e-10 -6.7272654e-11  3.2432921e-10 -5.3532978e-11  1.4486313e-10  5.4475697e-11
Info in <Minuit2>: VariableMetricBuilder Start iterating until Edm is < 2e-06 with call limit = 60000
Info in <Minuit2>: VariableMetricBuilder    0 - FCN =       436.3679828 Edm =   1.107706867e-11 NCalls =     93
Info in <Minuit2>: VariableMetricBuilder    1 - FCN =       436.3679828 Edm =   8.107731323e-12 NCalls =    108
Warning in <Minuit2>: MnPosDef Matrix forced pos-def by adding to diagonal 0.00585532
Info in <Minuit2>: VariableMetricBuilder After Hessian
Info in <Minuit2>: VariableMetricBuilder    2 - FCN =       436.3679828 Edm =   1.200290445e-11 NCalls =    168
Warning in <Minuit2>: Minuit2Minimizer::Minimize Covar was made pos def
Minuit2Minimizer : Valid minimum - status = 1
FVAL  = 436.367982807805788
Edm   = 1.20029044491666852e-11
Nfcn  = 168
nbkg	  = 1.77642e+07	 +/-  5943.55	(limited)
p2	  = -23.6002	 +/-  0.226191	(limited)
p3	  = 28.4426	 +/-  0.0108119	(limited)
p4	  = 7.96101	 +/-  0.00139228	(limited)
p5	  = 1.27154	 +/-  0.00022959	(limited)
p6	  = 0.102273	 +/-  4.18021e-05	(limited)
p7	  = 0.00290281	 +/-  7.38198e-06	(limited)
Real time 0:00:00, CP time 0.060
Real time 0:00:03, CP time 3.200, 12 slices
[2026-07-21 14:52:57] [thread 4015758] [info] 	 Minimization attempt 6 with strategy 2
Minuit2Minimizer: Minimize with max-calls 60000 convergence for edm < 0.001 strategy 2
Minuit2Minimizer::Minuit  - Changing default options
             StorageLevel :               0
Info in <Minuit2>: MnSeedGenerator Initial state: FCN =       436.3679828 Edm =   6.758165753e-14 NCalls =     27
Warning in <Minuit2>: MnPosDef Matrix forced pos-def by adding to diagonal 0.00585512
Info in <Minuit2>: MnSeedGenerator run Hesse - new state: 
  Minimum value : 436.3679828
  Edm           : 1.162861714e-11
  Internal parameters:
   -0.01310223387
   -0.02360238865
     0.2884079577
     0.9208239979
     0.1274991756
      0.102452442
   0.002902818219
  Internal gradient  :
  4.003497391e-06
  0.0001788684055
  -0.001273073527
    0.01466968693
      0.213876773
    0.01516114315
   -0.09378757576
  Internal covariance matrix:
  1.0904896e-07 -5.5834621e-12 -1.3480711e-12  -1.054767e-11 -9.6827917e-13 -1.1220317e-12 -1.3355543e-13
 -5.5834621e-12  5.1157198e-08 -1.6602532e-08  1.5831084e-08 -1.5717901e-10 -1.9159124e-09  7.0517355e-10
 -1.3480711e-12 -1.6602532e-08  1.2715216e-08  7.0658147e-09 -5.6030331e-10  7.2033185e-10  -6.727194e-11
  -1.054767e-11  1.5831084e-08  7.0658147e-09  5.2928023e-08  1.2736245e-09 -2.0796483e-09  3.2432796e-10
 -9.6827917e-13 -1.5717901e-10 -5.6030331e-10  1.2736245e-09  5.3578394e-10  2.7084856e-10 -5.3532443e-11
 -1.1220317e-12 -1.9159124e-09  7.2033185e-10 -2.0796483e-09  2.7084856e-10  1.7658137e-09  1.4486177e-10
 -1.3355543e-13  7.0517355e-10  -6.727194e-11  3.2432796e-10 -5.3532443e-11  1.4486177e-10  5.4475219e-11
Info in <Minuit2>: VariableMetricBuilder Start iterating until Edm is < 2e-06 with call limit = 60000
Info in <Minuit2>: VariableMetricBuilder    0 - FCN =       436.3679828 Edm =   1.162861714e-11 NCalls =     93
Warning in <Minuit2>: VariableMetricBuilder No improvement in line search
Info in <Minuit2>: VariableMetricBuilder    1 - FCN =       436.3679828 Edm =   1.162861714e-11 NCalls =     94
Warning in <Minuit2>: MnPosDef Matrix forced pos-def by adding to diagonal 0.00585506
Info in <Minuit2>: VariableMetricBuilder After Hessian
Info in <Minuit2>: VariableMetricBuilder    2 - FCN =       436.3679828 Edm =   1.145525927e-11 NCalls =    154
Warning in <Minuit2>: Minuit2Minimizer::Minimize Covar was made pos def
Minuit2Minimizer : Valid minimum - status = 1
FVAL  = 436.367982807805788
Edm   = 1.14552592689872542e-11
Nfcn  = 154
nbkg	  = 1.77642e+07	 +/-  5943.55	(limited)
p2	  = -23.6002	 +/-  0.226199	(limited)
p3	  = 28.4426	 +/-  0.0108122	(limited)
p4	  = 7.96101	 +/-  0.00139231	(limited)
p5	  = 1.27154	 +/-  0.000229594	(limited)
p6	  = 0.102273	 +/-  4.18011e-05	(limited)
p7	  = 0.00290281	 +/-  7.38147e-06	(limited)
Real time 0:00:00, CP time 0.060
Real time 0:00:03, CP time 3.260, 13 slices
[2026-07-21 14:52:57] [thread 4015758] [warning] 	 Migrad did not converge (status 1). Retrying with higher strategy.
[2026-07-21 14:52:57] [thread 4015758] [info] 	 Trying MIGRAD again...
Minuit2Minimizer: Minimize with max-calls 60000 convergence for edm < 0.001 strategy 2
Minuit2Minimizer::Minuit  - Changing default options
             StorageLevel :               0
Info in <Minuit2>: MnSeedGenerator Initial state: FCN =       436.3679828 Edm =   6.764209018e-14 NCalls =     27
Warning in <Minuit2>: MnPosDef Matrix forced pos-def by adding to diagonal 0.00585512
Info in <Minuit2>: MnSeedGenerator run Hesse - new state: 
  Minimum value : 436.3679828
  Edm           : 1.157027578e-11
  Internal parameters:
   -0.01310223387
   -0.02360238865
     0.2884079577
     0.9208239979
     0.1274991756
      0.102452442
   0.002902818219
  Internal gradient  :
  5.225617774e-06
  0.0001788684055
  -0.001273073527
    0.01466968693
      0.213876773
    0.01516114315
    -0.0808795949
  Internal covariance matrix:
  1.0904896e-07 -5.5825784e-12 -1.3484378e-12 -1.0547594e-11 -9.6829449e-13 -1.1217571e-12 -1.3347955e-13
 -5.5825784e-12  5.1157333e-08 -1.6602568e-08  1.5831131e-08 -1.5718777e-10 -1.9159147e-09  7.0517866e-10
 -1.3484378e-12 -1.6602568e-08   1.271523e-08  7.0658122e-09 -5.6030199e-10  7.2033183e-10 -6.7273014e-11
 -1.0547594e-11  1.5831131e-08  7.0658122e-09  5.2928067e-08  1.2736209e-09 -2.0796475e-09  3.2433055e-10
 -9.6829449e-13 -1.5718777e-10 -5.6030199e-10  1.2736209e-09  5.3578484e-10  2.7084851e-10 -5.3532883e-11
 -1.1217571e-12 -1.9159147e-09  7.2033183e-10 -2.0796475e-09  2.7084851e-10  1.7658115e-09  1.4486143e-10
 -1.3347955e-13  7.0517866e-10 -6.7273014e-11  3.2433055e-10 -5.3532883e-11  1.4486143e-10  5.4475413e-11
Info in <Minuit2>: VariableMetricBuilder Start iterating until Edm is < 2e-06 with call limit = 60000
Info in <Minuit2>: VariableMetricBuilder    0 - FCN =       436.3679828 Edm =   1.157027578e-11 NCalls =     91
Warning in <Minuit2>: VariableMetricBuilder No improvement in line search
Info in <Minuit2>: VariableMetricBuilder    1 - FCN =       436.3679828 Edm =   1.157027578e-11 NCalls =     92
Warning in <Minuit2>: MnPosDef Matrix forced pos-def by adding to diagonal 0.00585506
Info in <Minuit2>: VariableMetricBuilder After Hessian
Info in <Minuit2>: VariableMetricBuilder    2 - FCN =       436.3679828 Edm =   1.145525708e-11 NCalls =    152
Warning in <Minuit2>: Minuit2Minimizer::Minimize Covar was made pos def
Minuit2Minimizer : Valid minimum - status = 1
FVAL  = 436.367982807805788
Edm   = 1.14552570777572738e-11
Nfcn  = 152
nbkg	  = 1.77642e+07	 +/-  5943.55	(limited)
p2	  = -23.6002	 +/-  0.226199	(limited)
p3	  = 28.4426	 +/-  0.0108122	(limited)
p4	  = 7.96101	 +/-  0.00139231	(limited)
p5	  = 1.27154	 +/-  0.000229594	(limited)
p6	  = 0.102273	 +/-  4.18011e-05	(limited)
p7	  = 0.00290281	 +/-  7.38147e-06	(limited)
Real time 0:00:00, CP time 0.060
Real time 0:00:03, CP time 3.320, 14 slices
[2026-07-21 14:52:57] [thread 4015758] [info] 	 Minimization attempt 7 with strategy 2
Minuit2Minimizer: Minimize with max-calls 60000 convergence for edm < 0.001 strategy 2
Minuit2Minimizer::Minuit  - Changing default options
             StorageLevel :               0
Info in <Minuit2>: MnSeedGenerator Initial state: FCN =       436.3679828 Edm =   6.764045147e-14 NCalls =     27
Warning in <Minuit2>: MnPosDef Matrix forced pos-def by adding to diagonal 0.00585512
Info in <Minuit2>: MnSeedGenerator run Hesse - new state: 
  Minimum value : 436.3679828
  Edm           : 1.157027587e-11
  Internal parameters:
   -0.01310223387
   -0.02360238865
     0.2884079577
     0.9208239979
     0.1274991756
      0.102452442
   0.002902818219
  Internal gradient  :
  3.792786537e-06
  0.0001788684055
  -0.001273073527
    0.01466968693
      0.213876773
    0.01516114315
    -0.0808795949
  Internal covariance matrix:
  1.0904896e-07 -5.5846184e-12 -1.3486739e-12  -1.055066e-11 -9.6840431e-13 -1.1224546e-12 -1.3364124e-13
 -5.5846184e-12  5.1157324e-08 -1.6602562e-08  1.5831136e-08  -1.571876e-10 -1.9159128e-09   7.051788e-10
 -1.3486739e-12 -1.6602562e-08  1.2715227e-08  7.0658119e-09 -5.6030205e-10  7.2033105e-10 -6.7273007e-11
  -1.055066e-11  1.5831136e-08  7.0658119e-09  5.2928071e-08  1.2736209e-09 -2.0796472e-09   3.243307e-10
 -9.6840431e-13  -1.571876e-10 -5.6030205e-10  1.2736209e-09  5.3578484e-10  2.7084849e-10 -5.3532882e-11
 -1.1224546e-12 -1.9159128e-09  7.2033105e-10 -2.0796472e-09  2.7084849e-10  1.7658114e-09  1.4486145e-10
 -1.3364124e-13   7.051788e-10 -6.7273007e-11   3.243307e-10 -5.3532882e-11  1.4486145e-10  5.4475418e-11
Info in <Minuit2>: VariableMetricBuilder Start iterating until Edm is < 2e-06 with call limit = 60000
Info in <Minuit2>: VariableMetricBuilder    0 - FCN =       436.3679828 Edm =   1.157027587e-11 NCalls =     93
Info in <Minuit2>: VariableMetricBuilder    1 - FCN =       436.3679828 Edm =   8.081470526e-12 NCalls =    108
Warning in <Minuit2>: MnPosDef Matrix forced pos-def by adding to diagonal 0.00585542
Info in <Minuit2>: VariableMetricBuilder After Hessian
Info in <Minuit2>: VariableMetricBuilder    2 - FCN =       436.3679828 Edm =   1.160552797e-11 NCalls =    170
Warning in <Minuit2>: Minuit2Minimizer::Minimize Covar was made pos def
Minuit2Minimizer : Valid minimum - status = 1
FVAL  = 436.367982807803003
Edm   = 1.16055279666310181e-11
Nfcn  = 170
nbkg	  = 1.77642e+07	 +/-  5943.55	(limited)
p2	  = -23.6002	 +/-  0.226168	(limited)
p3	  = 28.4426	 +/-  0.0108113	(limited)
p4	  = 7.96101	 +/-  0.00139226	(limited)
p5	  = 1.27154	 +/-  0.00022959	(limited)
p6	  = 0.102273	 +/-  4.1802e-05	(limited)
p7	  = 0.00290281	 +/-  7.38228e-06	(limited)
Real time 0:00:00, CP time 0.060
Real time 0:00:03, CP time 3.380, 15 slices
[2026-07-21 14:52:58] [thread 4015758] [warning] 	 Migrad did not converge (status 1). Retrying with higher strategy.
[2026-07-21 14:52:58] [thread 4015758] [info] 	 Trying MIGRAD again...
Minuit2Minimizer: Minimize with max-calls 60000 convergence for edm < 0.001 strategy 2
Minuit2Minimizer::Minuit  - Changing default options
             StorageLevel :               0
Info in <Minuit2>: MnSeedGenerator Initial state: FCN =       436.3679828 Edm =   6.869199206e-14 NCalls =     27
Warning in <Minuit2>: MnPosDef Matrix forced pos-def by adding to diagonal 0.00585514
Info in <Minuit2>: MnSeedGenerator run Hesse - new state: 
  Minimum value : 436.3679828
  Edm           : 1.14149815e-11
  Internal parameters:
   -0.01310223387
   -0.02360238872
     0.2884079577
     0.9208239974
     0.1274991756
      0.102452442
   0.002902818224
  Internal gradient  :
  3.160655986e-06
  0.0004115556236
  -0.001171806315
    0.01465156263
     0.2064670532
    0.01971646744
    -0.1382720532
  Internal covariance matrix:
  1.0904896e-07 -5.5848612e-12 -1.3479439e-12 -1.0548464e-11 -9.6822761e-13 -1.1220793e-12 -1.3360114e-13
 -5.5848612e-12  5.1157177e-08 -1.6602578e-08  1.5830941e-08 -1.5716599e-10 -1.9158733e-09  7.0517474e-10
 -1.3479439e-12 -1.6602578e-08  1.2715271e-08  7.0659056e-09  -5.603053e-10  7.2032493e-10 -6.7272526e-11
 -1.0548464e-11  1.5830941e-08  7.0659056e-09  5.2928109e-08  1.2736404e-09 -2.0796095e-09  3.2432836e-10
 -9.6822761e-13 -1.5716599e-10  -5.603053e-10  1.2736404e-09  5.3578295e-10  2.7084343e-10 -5.3532542e-11
 -1.1220793e-12 -1.9158733e-09  7.2032493e-10 -2.0796095e-09  2.7084343e-10  1.7657957e-09  1.4486151e-10
 -1.3360114e-13  7.0517474e-10 -6.7272526e-11  3.2432836e-10 -5.3532542e-11  1.4486151e-10  5.4475244e-11
Info in <Minuit2>: VariableMetricBuilder Start iterating until Edm is < 2e-06 with call limit = 60000
Info in <Minuit2>: VariableMetricBuilder    0 - FCN =       436.3679828 Edm =    1.14149815e-11 NCalls =     93
Warning in <Minuit2>: VariableMetricBuilder No improvement in line search
Info in <Minuit2>: VariableMetricBuilder    1 - FCN =       436.3679828 Edm =    1.14149815e-11 NCalls =     94
Warning in <Minuit2>: MnPosDef Matrix forced pos-def by adding to diagonal 0.00585522
Info in <Minuit2>: VariableMetricBuilder After Hessian
Info in <Minuit2>: VariableMetricBuilder    2 - FCN =       436.3679828 Edm =     1.1601975e-11 NCalls =    154
Warning in <Minuit2>: Minuit2Minimizer::Minimize Covar was made pos def
Minuit2Minimizer : Valid minimum - status = 1
FVAL  = 436.367982807803003
Edm   = 1.16019749996898914e-11
Nfcn  = 154
nbkg	  = 1.77642e+07	 +/-  5943.54	(limited)
p2	  = -23.6002	 +/-  0.226203	(limited)
p3	  = 28.4426	 +/-  0.0108123	(limited)
p4	  = 7.96101	 +/-  0.0013923	(limited)
p5	  = 1.27154	 +/-  0.000229591	(limited)
p6	  = 0.102273	 +/-  4.18017e-05	(limited)
p7	  = 0.00290281	 +/-  7.38174e-06	(limited)
Real time 0:00:00, CP time 0.060
Real time 0:00:03, CP time 3.440, 16 slices
[2026-07-21 14:52:58] [thread 4015758] [info] 	 Minimization attempt 8 with strategy 2
Minuit2Minimizer: Minimize with max-calls 60000 convergence for edm < 0.001 strategy 2
Minuit2Minimizer::Minuit  - Changing default options
             StorageLevel :               0
Info in <Minuit2>: MnSeedGenerator Initial state: FCN =       436.3679828 Edm =   6.873004494e-14 NCalls =     27
Warning in <Minuit2>: MnPosDef Matrix forced pos-def by adding to diagonal 0.00585512
Info in <Minuit2>: MnSeedGenerator run Hesse - new state: 
  Minimum value : 436.3679828
  Edm           : 1.119376819e-11
  Internal parameters:
   -0.01310223387
   -0.02360238872
     0.2884079577
     0.9208239974
     0.1274991756
      0.102452442
   0.002902818224
  Internal gradient  :
  5.267765039e-06
  0.0003324103111
  -0.001171806315
    0.01465156263
     0.2064670532
    0.01971646744
   -0.09209384907
  Internal covariance matrix:
  1.0904896e-07 -5.5829382e-12 -1.3488846e-12 -1.0549093e-11 -9.6844543e-13 -1.1224266e-12  -1.335724e-13
 -5.5829382e-12  5.1157236e-08 -1.6602604e-08  1.5830984e-08  -1.571671e-10 -1.9158963e-09  7.0517322e-10
 -1.3488846e-12 -1.6602604e-08  1.2715294e-08  7.0659222e-09 -5.6030648e-10  7.2032686e-10 -6.7272415e-11
 -1.0549093e-11  1.5830984e-08  7.0659222e-09  5.2928241e-08  1.2736416e-09   -2.07962e-09  3.2432888e-10
 -9.6844543e-13  -1.571671e-10 -5.6030648e-10  1.2736416e-09  5.3578442e-10  2.7084526e-10 -5.3532576e-11
 -1.1224266e-12 -1.9158963e-09  7.2032686e-10   -2.07962e-09  2.7084526e-10  1.7657907e-09  1.4485965e-10
  -1.335724e-13  7.0517322e-10 -6.7272415e-11  3.2432888e-10 -5.3532576e-11  1.4485965e-10  5.4474926e-11
Info in <Minuit2>: VariableMetricBuilder Start iterating until Edm is < 2e-06 with call limit = 60000
Info in <Minuit2>: VariableMetricBuilder    0 - FCN =       436.3679828 Edm =   1.119376819e-11 NCalls =     93
Info in <Minuit2>: VariableMetricBuilder    1 - FCN =       436.3679828 Edm =   8.070968426e-12 NCalls =    108
Warning in <Minuit2>: MnPosDef Matrix forced pos-def by adding to diagonal 0.00585543
Info in <Minuit2>: VariableMetricBuilder After Hessian
Info in <Minuit2>: VariableMetricBuilder    2 - FCN =       436.3679828 Edm =   1.082426882e-11 NCalls =    170
Warning in <Minuit2>: Minuit2Minimizer::Minimize Covar was made pos def
Minuit2Minimizer : Valid minimum - status = 1
FVAL  = 436.367982807775604
Edm   = 1.08242688236910392e-11
Nfcn  = 170
nbkg	  = 1.77642e+07	 +/-  5943.55	(limited)
p2	  = -23.6002	 +/-  0.226192	(limited)
p3	  = 28.4426	 +/-  0.0108119	(limited)
p4	  = 7.96101	 +/-  0.00139228	(limited)
p5	  = 1.27154	 +/-  0.000229589	(limited)
p6	  = 0.102273	 +/-  4.18019e-05	(limited)
p7	  = 0.00290281	 +/-  7.38225e-06	(limited)
Real time 0:00:00, CP time 0.070
Real time 0:00:03, CP time 3.510, 17 slices
[2026-07-21 14:52:58] [thread 4015758] [warning] 	 Migrad did not converge (status 1). Retrying with higher strategy.
[2026-07-21 14:52:58] [thread 4015758] [info] 	 Trying MIGRAD again...
Minuit2Minimizer: Minimize with max-calls 60000 convergence for edm < 0.001 strategy 2
Minuit2Minimizer::Minuit  - Changing default options
             StorageLevel :               0
Info in <Minuit2>: MnSeedGenerator Initial state: FCN =       436.3679828 Edm =   6.799895732e-14 NCalls =     27
Warning in <Minuit2>: MnPosDef Matrix forced pos-def by adding to diagonal 0.00585516
Info in <Minuit2>: MnSeedGenerator run Hesse - new state: 
  Minimum value : 436.3679828
  Edm           : 1.124418528e-11
  Internal parameters:
   -0.01310223387
   -0.02360238879
     0.2884079577
      0.920823997
     0.1274991755
     0.1024524419
   0.002902818228
  Internal gradient  :
  1.685683206e-06
  0.0004907009355
 -0.0005538696514
    0.01432661966
     0.2072103627
    0.01869835538
    -0.1285643178
  Internal covariance matrix:
  1.0904895e-07 -5.5831402e-12 -1.3493106e-12 -1.0550227e-11 -9.6834308e-13  -1.122262e-12 -1.3358593e-13
 -5.5831402e-12  5.1157082e-08  -1.660247e-08   1.583103e-08 -1.5718007e-10 -1.9158676e-09  7.0517794e-10
 -1.3493106e-12  -1.660247e-08  1.2715202e-08  7.0659337e-09 -5.6029497e-10  7.2032097e-10 -6.7272692e-11
 -1.0550227e-11   1.583103e-08  7.0659337e-09  5.2928243e-08  1.2736264e-09 -2.0796173e-09  3.2433354e-10
 -9.6834308e-13 -1.5718007e-10 -5.6029497e-10  1.2736264e-09  5.3577916e-10  2.7084151e-10 -5.3532586e-11
  -1.122262e-12 -1.9158676e-09  7.2032097e-10 -2.0796173e-09  2.7084151e-10  1.7657899e-09  1.4486097e-10
 -1.3358593e-13  7.0517794e-10 -6.7272692e-11  3.2433354e-10 -5.3532586e-11  1.4486097e-10  5.4475312e-11
Info in <Minuit2>: VariableMetricBuilder Start iterating until Edm is < 2e-06 with call limit = 60000
Info in <Minuit2>: VariableMetricBuilder    0 - FCN =       436.3679828 Edm =   1.124418528e-11 NCalls =     93
Info in <Minuit2>: VariableMetricBuilder    1 - FCN =       436.3679828 Edm =   8.194633256e-12 NCalls =    108
Warning in <Minuit2>: MnPosDef Matrix forced pos-def by adding to diagonal 0.00585546
Info in <Minuit2>: VariableMetricBuilder After Hessian
Info in <Minuit2>: VariableMetricBuilder    2 - FCN =       436.3679828 Edm =    1.14099774e-11 NCalls =    168
Warning in <Minuit2>: Minuit2Minimizer::Minimize Covar was made pos def
Minuit2Minimizer : Valid minimum - status = 1
FVAL  = 436.367982807773501
Edm   = 1.14099773960189162e-11
Nfcn  = 168
nbkg	  = 1.77642e+07	 +/-  5943.55	(limited)
p2	  = -23.6002	 +/-  0.226193	(limited)
p3	  = 28.4426	 +/-  0.0108119	(limited)
p4	  = 7.96101	 +/-  0.00139226	(limited)
p5	  = 1.27154	 +/-  0.000229588	(limited)
p6	  = 0.102273	 +/-  4.18026e-05	(limited)
p7	  = 0.00290281	 +/-  7.38227e-06	(limited)
Real time 0:00:00, CP time 0.060
Real time 0:00:03, CP time 3.570, 18 slices
.........................................I'M DONE HOPE THIS WORKED BYE..............................................
[2026-07-21 14:52:58] [thread 4015758] [info] 	 minimized nll value 436.3679828077735:
[2026-07-21 14:52:58] [thread 4015758] [info] 	 Saving results to /afs/cern.ch/user/h/hhook/FrequentistFramework/run/fits/run_135_1000_sevenPar/FitResult_anaFit_sevenPar_bkgOnly.root
[2026-07-21 14:52:58] [thread 4015758] [info] 	 All fits done in 0.064 min (cpu), 0.0698756496111552 min (real)
[2026-07-21 14:52:58] [thread 4015758] [info] 	   Fit Summary of POIs ([92m STATUS OK [0m)
[2026-07-21 14:52:58] [thread 4015758] [info] 	 ------------------------------------------------
RooRealVar::nsig_mean400_width8.0 = 0 C  L(-1e+06 - 1e+06) 
