
[1mRooFit v3.60 -- Developed by Wouter Verkerke and David Kirkby[0m 
                Copyright (C) 2000-2013 NIKHEF, University of California & Stanford University
                All rights reserved, please read http://roofit.sourceforge.net/license.txt

[2026-07-21 17:27:40] [thread 159893] [info] 	 Including external constraints:
[2026-07-21 17:27:40] [thread 159893] [info] 	 Preparing parameters of interest: 
[2026-07-21 17:27:40] [thread 159893] [info] 	 Preparing list parameters for running MINOS over them: 
[2026-07-21 17:27:40] [thread 159893] [info] 	 Summary of POI setup in the likelihood model
  1) 0x543f380 RooRealVar:: nsig_mean400_width8.0 = 0 C  L(-1e+06 - 1e+06)  "nsig_mean400_width8.0"
[2026-07-21 17:27:40] [thread 159893] [info] 	 Performing sanity checks on model...
[2026-07-21 17:27:40] [thread 159893] [info] 	 Sanity checks on the model: OK
[2026-07-21 17:27:40] [thread 159893] [info] 	 Starting fit...
[2026-07-21 17:27:40] [thread 159893] [info] 	 Building NLL...
[2026-07-21 17:27:40] [thread 159893] [info] 	 Building chi2 without splitrange and Poisson error...
[2026-07-21 17:27:40] [thread 159893] [info] 	 chi2: 4155.248538163627
[2026-07-21 17:27:40] [thread 159893] [info] 	 chi2: 4155.248538163627
[2026-07-21 17:27:40] [thread 159893] [info] 	 half_chi2: 2077.6242690818135
[2026-07-21 17:27:40] [thread 159893] [info] 	 constraint_sum: 0
[2026-07-21 17:27:40] [thread 159893] [info] 	 constrained_chi2: 2077.6242690818135
RooFormulaVar::constrained_chi2[ actualVars=(half_chi2,constraint_sum) formula="x[0]+x[1]" ] = 2077.62
[2026-07-21 17:27:40] [thread 159893] [info] 	 NLL built in 0.0005000000000000004 min (cpu), 0.00042996406555175783 min (real)
Minuit2Minimizer: Minimize with max-calls 55000 convergence for edm < 0.001 strategy 2
Minuit2Minimizer::Minuit  - Changing default options
             StorageLevel :               0
Info in <Minuit2>: MnSeedGenerator Initial state: FCN =       2077.624269 Edm =        1752.79228 NCalls =     47
Warning in <Minuit2>: MnPosDef Matrix forced pos-def by adding to diagonal 0.00494128
Info in <Minuit2>: MnSeedGenerator run Hesse - new state: 
  Minimum value : 2077.624269
  Edm           : 1631.281815
  Internal parameters:
                0
  0.0009580501852
    0.01145006575
      0.005227155
   0.005532846687
   0.003898309995
  Internal gradient  :
      238343.5045
     -3603965.641
     -6677657.361
       9952614.86
     -5625992.952
      2781611.287
  Internal covariance matrix:
  1.0958083e-07  3.8218369e-11 -4.0139001e-11 -2.1701984e-11 -6.2404911e-11 -9.8976043e-11
  3.8218369e-11  3.7383877e-10 -2.2242296e-10  1.0132764e-10  2.1994221e-11 -4.1380279e-10
 -4.0139001e-11 -2.2242296e-10  3.5989727e-10  8.0227532e-11 -6.7439399e-11  1.4726278e-10
 -2.1701984e-11  1.0132764e-10  8.0227532e-11  2.1420067e-10  9.2785194e-11 -2.5646656e-10
 -6.2404911e-11  2.1994221e-11 -6.7439399e-11  9.2785194e-11  4.3667725e-10  4.1925213e-10
 -9.8976043e-11 -4.1380279e-10  1.4726278e-10 -2.5646656e-10  4.1925213e-10  1.5590192e-09
Info in <Minuit2>: VariableMetricBuilder Start iterating until Edm is < 2e-06 with call limit = 55000
Info in <Minuit2>: VariableMetricBuilder    0 - FCN =       2077.624269 Edm =       1631.281815 NCalls =     87
Info in <Minuit2>: VariableMetricBuilder    1 - FCN =       437.0522081 Edm =      0.2544708886 NCalls =    100
Info in <Minuit2>: VariableMetricBuilder    2 - FCN =       436.7589315 Edm =     0.01315052477 NCalls =    114
Info in <Minuit2>: VariableMetricBuilder    3 - FCN =       436.6630379 Edm =     0.01345317199 NCalls =    129
Info in <Minuit2>: VariableMetricBuilder    4 - FCN =       436.6466671 Edm =   2.036350722e-06 NCalls =    143
Info in <Minuit2>: VariableMetricBuilder    5 - FCN =       436.6466605 Edm =    4.38712124e-06 NCalls =    157
Info in <Minuit2>: VariableMetricBuilder    6 - FCN =       436.6389662 Edm =   1.042769714e-05 NCalls =    176
Info in <Minuit2>: VariableMetricBuilder    7 - FCN =       436.6286677 Edm =   2.577618394e-08 NCalls =    189
Warning in <Minuit2>: MnPosDef Matrix forced pos-def by adding to diagonal 0.00487954
Info in <Minuit2>: VariableMetricBuilder After Hessian
Info in <Minuit2>: VariableMetricBuilder    8 - FCN =       436.6286677 Edm =   2.597532083e-08 NCalls =    229
Warning in <Minuit2>: Minuit2Minimizer::Minimize Covar was made pos def
Minuit2Minimizer : Valid minimum - status = 1
FVAL  = 436.628667726894321
Edm   = 2.59753208317303032e-08
Nfcn  = 229
nbkg	  = 1.77642e+07	 +/-  5946.09	(limited)
p2	  = 10.9416	 +/-  0.218162	(limited)
p3	  = 5.62476	 +/-  0.0117484	(limited)
p4	  = 0.516783	 +/-  0.00149336	(limited)
p5	  = 0.0576578	 +/-  0.000238923	(limited)
p6	  = 0.00421978	 +/-  4.01822e-05	(limited)
Real time 0:00:00, CP time 0.180
Real time 0:00:00, CP time 0.180
[2026-07-21 17:27:41] [thread 159893] [info] 	 Starting fit with HESSE...
Info in <Minuit2>: Minuit2Minimizer::Hesse Using max-calls 55000
Warning in <Minuit2>: MnPosDef Matrix forced pos-def by adding to diagonal 0.00487731
Info in <Minuit2>: Minuit2Minimizer::Hesse Hesse is valid - matrix is full but made positive defined
Real time 0:00:00, CP time 0.020
Real time 0:00:00, CP time 0.200, 2 slices

  RooFitResult: minimized FCN value: 436.629, estimated distance to minimum: 2.59912e-08
                covariance matrix quality: Full matrix, but forced positive-definite
                Status : MINIMIZE=1 HESSE=1 

    Floating Parameter    FinalValue +/-  Error   
  --------------------  --------------------------
                  nbkg    1.7764e+07 +/-  5.95e+03
                    p2    1.0942e+01 +/-  2.18e-01
                    p3    5.6248e+00 +/-  1.18e-02
                    p4    5.1678e-01 +/-  1.49e-03
                    p5    5.7658e-02 +/-  2.39e-04
                    p6    4.2198e-03 +/-  4.02e-05

....................INITIALIZING THE FIT UNTIL CONVERGENCE TEST..................................................................
[2026-07-21 17:27:41] [thread 159893] [info] 	 Minimization attempt 1 with strategy 2
Minuit2Minimizer: Minimize with max-calls 55000 convergence for edm < 0.001 strategy 2
Minuit2Minimizer::Minuit  - Changing default options
             StorageLevel :               0
Info in <Minuit2>: MnSeedGenerator Initial state: FCN =       436.6286677 Edm =   3.471025532e-08 NCalls =     23
Warning in <Minuit2>: MnPosDef Matrix forced pos-def by adding to diagonal 0.00488041
Info in <Minuit2>: MnSeedGenerator run Hesse - new state: 
  Minimum value : 436.6286677
  Edm           : 2.597536823e-08
  Internal parameters:
   -0.01310223661
   0.001094157844
    0.01124975288
   0.005167849014
    0.00576581499
   0.004219797497
  Internal gradient  :
     -0.165879687
      -20.6584385
     -86.80783626
      138.6490053
     -96.69209222
      51.23121711
  Internal covariance matrix:
  1.0914224e-07 -3.3095135e-13 -2.3148172e-13 -4.3886364e-13 -6.3750341e-13 -2.1452028e-13
 -3.3095135e-13   4.757879e-10 -3.5607904e-10   8.119474e-11   6.624758e-11 -4.4844513e-10
 -2.3148172e-13 -3.5607904e-10  5.5182192e-10  1.0570071e-10 -1.4265683e-10  1.9505901e-10
 -4.3886364e-13   8.119474e-11  1.0570071e-10  2.2306788e-10  1.1472666e-10 -2.0859008e-10
 -6.3750341e-13   6.624758e-11 -1.4265683e-10  1.1472666e-10  5.7062109e-10  4.9245267e-10
 -2.1452028e-13 -4.4844513e-10  1.9505901e-10 -2.0859008e-10  4.9245267e-10   1.614417e-09
Info in <Minuit2>: VariableMetricBuilder Start iterating until Edm is < 2e-06 with call limit = 55000
Info in <Minuit2>: VariableMetricBuilder    0 - FCN =       436.6286677 Edm =   2.597536823e-08 NCalls =     63
Info in <Minuit2>: VariableMetricBuilder    1 - FCN =       436.6286677 Edm =   9.813349387e-09 NCalls =     80
Warning in <Minuit2>: MnPosDef Matrix forced pos-def by adding to diagonal 0.00487962
Info in <Minuit2>: VariableMetricBuilder After Hessian
Info in <Minuit2>: VariableMetricBuilder    2 - FCN =       436.6286677 Edm =   9.807375833e-09 NCalls =    120
Warning in <Minuit2>: Minuit2Minimizer::Minimize Covar was made pos def
Minuit2Minimizer : Valid minimum - status = 1
FVAL  = 436.628667690165969
Edm   = 9.80737583259207461e-09
Nfcn  = 120
nbkg	  = 1.77642e+07	 +/-  5946.09	(limited)
p2	  = 10.9416	 +/-  0.218162	(limited)
p3	  = 5.62476	 +/-  0.0117485	(limited)
p4	  = 0.516783	 +/-  0.00149337	(limited)
p5	  = 0.0576579	 +/-  0.000238923	(limited)
p6	  = 0.00421979	 +/-  4.01817e-05	(limited)
Real time 0:00:00, CP time 0.060
Real time 0:00:00, CP time 0.260, 3 slices
[2026-07-21 17:27:41] [thread 159893] [warning] 	 Migrad did not converge (status 1). Retrying with higher strategy.
[2026-07-21 17:27:41] [thread 159893] [info] 	 Trying MIGRAD again...
Minuit2Minimizer: Minimize with max-calls 55000 convergence for edm < 0.001 strategy 2
Minuit2Minimizer::Minuit  - Changing default options
             StorageLevel :               0
Info in <Minuit2>: MnSeedGenerator Initial state: FCN =       436.6286677 Edm =    5.87263587e-09 NCalls =     23
Warning in <Minuit2>: MnPosDef Matrix forced pos-def by adding to diagonal 0.00488048
Info in <Minuit2>: MnSeedGenerator run Hesse - new state: 
  Minimum value : 436.6286677
  Edm           : 9.808933059e-09
  Internal parameters:
   -0.01310222382
   0.001094155752
    0.01124975437
   0.005167850219
   0.005765817128
   0.004219798555
  Internal gradient  :
    0.06751188798
      9.631682945
      31.95599523
     -65.69643958
      34.70248846
      -21.9760137
  Internal covariance matrix:
  1.0914223e-07 -3.3093109e-13 -2.3118063e-13 -4.3875983e-13 -6.3721962e-13 -2.1360301e-13
 -3.3093109e-13   4.757841e-10 -3.5607622e-10  8.1193543e-11  6.6248593e-11 -4.4843693e-10
 -2.3118063e-13 -3.5607622e-10  5.5181887e-10  1.0570143e-10   -1.42655e-10   1.950565e-10
 -4.3875983e-13  8.1193543e-11  1.0570143e-10  2.2306744e-10  1.1472757e-10 -2.0858651e-10
 -6.3721962e-13  6.6248593e-11   -1.42655e-10  1.1472757e-10  5.7061361e-10  4.9244006e-10
 -2.1360301e-13 -4.4843693e-10   1.950565e-10 -2.0858651e-10  4.9244006e-10  1.6143835e-09
Info in <Minuit2>: VariableMetricBuilder Start iterating until Edm is < 2e-06 with call limit = 55000
Info in <Minuit2>: VariableMetricBuilder    0 - FCN =       436.6286677 Edm =   9.808933059e-09 NCalls =     63
Info in <Minuit2>: VariableMetricBuilder    1 - FCN =       436.6286677 Edm =   2.476029178e-08 NCalls =     78
Warning in <Minuit2>: MnPosDef Matrix forced pos-def by adding to diagonal 0.00487972
Info in <Minuit2>: VariableMetricBuilder After Hessian
Info in <Minuit2>: VariableMetricBuilder    2 - FCN =       436.6286677 Edm =   2.477394876e-08 NCalls =    118
Warning in <Minuit2>: Minuit2Minimizer::Minimize Covar was made pos def
Minuit2Minimizer : Valid minimum - status = 1
FVAL  = 436.628667654623939
Edm   = 2.47739487568837045e-08
Nfcn  = 118
nbkg	  = 1.77642e+07	 +/-  5946.09	(limited)
p2	  = 10.9416	 +/-  0.218161	(limited)
p3	  = 5.62476	 +/-  0.0117484	(limited)
p4	  = 0.516783	 +/-  0.00149337	(limited)
p5	  = 0.0576579	 +/-  0.000238922	(limited)
p6	  = 0.00421979	 +/-  4.01816e-05	(limited)
Real time 0:00:00, CP time 0.060
Real time 0:00:00, CP time 0.320, 4 slices
[2026-07-21 17:27:41] [thread 159893] [info] 	 Minimization attempt 2 with strategy 2
Minuit2Minimizer: Minimize with max-calls 55000 convergence for edm < 0.001 strategy 2
Minuit2Minimizer::Minuit  - Changing default options
             StorageLevel :               0
Info in <Minuit2>: MnSeedGenerator Initial state: FCN =       436.6286677 Edm =   4.040853738e-08 NCalls =     23
Warning in <Minuit2>: MnPosDef Matrix forced pos-def by adding to diagonal 0.00488052
Info in <Minuit2>: MnSeedGenerator run Hesse - new state: 
  Minimum value : 436.6286677
  Edm           : 2.477314274e-08
  Internal parameters:
   -0.01310223722
   0.001094155709
    0.01124975796
   0.005167853728
   0.005765821633
   0.004219803594
  Internal gradient  :
    -0.1769794691
     -25.33299759
     -93.89691247
      149.1306343
     -102.7347023
      54.36009974
  Internal covariance matrix:
  1.0914222e-07  -3.311013e-13    -2.3141e-13 -4.3899711e-13 -6.3762062e-13 -2.1431083e-13
  -3.311013e-13  4.7578443e-10 -3.5607697e-10  8.1193505e-11  6.6249292e-11  -4.484367e-10
    -2.3141e-13 -3.5607697e-10  5.5182043e-10   1.057018e-10 -1.4265561e-10  1.9505666e-10
 -4.3899711e-13  8.1193505e-11   1.057018e-10  2.2306755e-10  1.1472695e-10 -2.0858731e-10
 -6.3762062e-13  6.6249292e-11 -1.4265561e-10  1.1472695e-10  5.7061111e-10  4.9243664e-10
 -2.1431083e-13  -4.484367e-10  1.9505666e-10 -2.0858731e-10  4.9243664e-10  1.6143801e-09
Info in <Minuit2>: VariableMetricBuilder Start iterating until Edm is < 2e-06 with call limit = 55000
Info in <Minuit2>: VariableMetricBuilder    0 - FCN =       436.6286677 Edm =   2.477314274e-08 NCalls =     63
Info in <Minuit2>: VariableMetricBuilder    1 - FCN =       436.6286676 Edm =    9.51772071e-09 NCalls =     80
Warning in <Minuit2>: MnPosDef Matrix forced pos-def by adding to diagonal 0.00487969
Info in <Minuit2>: VariableMetricBuilder After Hessian
Info in <Minuit2>: VariableMetricBuilder    2 - FCN =       436.6286676 Edm =   9.512436912e-09 NCalls =    120
Warning in <Minuit2>: Minuit2Minimizer::Minimize Covar was made pos def
Minuit2Minimizer : Valid minimum - status = 1
FVAL  = 436.62866761961061
Edm   = 9.51243691201238937e-09
Nfcn  = 120
nbkg	  = 1.77642e+07	 +/-  5946.09	(limited)
p2	  = 10.9415	 +/-  0.21816	(limited)
p3	  = 5.62476	 +/-  0.0117484	(limited)
p4	  = 0.516783	 +/-  0.00149337	(limited)
p5	  = 0.0576579	 +/-  0.000238922	(limited)
p6	  = 0.00421979	 +/-  4.01814e-05	(limited)
Real time 0:00:00, CP time 0.060
Real time 0:00:00, CP time 0.380, 5 slices
[2026-07-21 17:27:41] [thread 159893] [warning] 	 Migrad did not converge (status 1). Retrying with higher strategy.
[2026-07-21 17:27:41] [thread 159893] [info] 	 Trying MIGRAD again...
Minuit2Minimizer: Minimize with max-calls 55000 convergence for edm < 0.001 strategy 2
Minuit2Minimizer::Minuit  - Changing default options
             StorageLevel :               0
Info in <Minuit2>: MnSeedGenerator Initial state: FCN =       436.6286676 Edm =   6.810233573e-09 NCalls =     23
Warning in <Minuit2>: MnPosDef Matrix forced pos-def by adding to diagonal 0.00488051
Info in <Minuit2>: MnSeedGenerator run Hesse - new state: 
  Minimum value : 436.6286676
  Edm           : 9.514555077e-09
  Internal parameters:
   -0.01310222358
   0.001094154079
    0.01124975922
   0.005167855028
   0.005765823772
   0.004219804226
  Internal gradient  :
    0.07181000064
      11.30070422
      35.41100462
     -70.49593927
      37.07186797
     -22.90163061
  Internal covariance matrix:
  1.0914223e-07 -3.3084734e-13 -2.3124698e-13 -4.3876829e-13 -6.3736372e-13 -2.1390927e-13
 -3.3084734e-13  4.7578177e-10 -3.5607523e-10  8.1191806e-11  6.6247409e-11 -4.4843366e-10
 -2.3124698e-13 -3.5607523e-10  5.5181943e-10   1.057029e-10 -1.4265484e-10   1.950541e-10
 -4.3876829e-13  8.1191806e-11   1.057029e-10  2.2306667e-10  1.1472657e-10 -2.0858448e-10
 -6.3736372e-13  6.6247409e-11 -1.4265484e-10  1.1472657e-10  5.7061406e-10  4.9244339e-10
 -2.1390927e-13 -4.4843366e-10   1.950541e-10 -2.0858448e-10  4.9244339e-10  1.6143814e-09
Info in <Minuit2>: VariableMetricBuilder Start iterating until Edm is < 2e-06 with call limit = 55000
Info in <Minuit2>: VariableMetricBuilder    0 - FCN =       436.6286676 Edm =   9.514555077e-09 NCalls =     63
Info in <Minuit2>: VariableMetricBuilder    1 - FCN =       436.6286676 Edm =   2.456781568e-08 NCalls =     78
Warning in <Minuit2>: MnPosDef Matrix forced pos-def by adding to diagonal 0.00487966
Info in <Minuit2>: VariableMetricBuilder After Hessian
Info in <Minuit2>: VariableMetricBuilder    2 - FCN =       436.6286676 Edm =   2.458023022e-08 NCalls =    118
Warning in <Minuit2>: Minuit2Minimizer::Minimize Covar was made pos def
Minuit2Minimizer : Valid minimum - status = 1
FVAL  = 436.628667584934817
Edm   = 2.45802302191263345e-08
Nfcn  = 118
nbkg	  = 1.77642e+07	 +/-  5946.09	(limited)
p2	  = 10.9415	 +/-  0.218161	(limited)
p3	  = 5.62476	 +/-  0.0117484	(limited)
p4	  = 0.516784	 +/-  0.00149337	(limited)
p5	  = 0.057658	 +/-  0.000238924	(limited)
p6	  = 0.0042198	 +/-  4.01815e-05	(limited)
Real time 0:00:00, CP time 0.060
Real time 0:00:00, CP time 0.440, 6 slices
[2026-07-21 17:27:41] [thread 159893] [info] 	 Minimization attempt 3 with strategy 2
Minuit2Minimizer: Minimize with max-calls 55000 convergence for edm < 0.001 strategy 2
Minuit2Minimizer::Minuit  - Changing default options
             StorageLevel :               0
Info in <Minuit2>: MnSeedGenerator Initial state: FCN =       436.6286676 Edm =   4.750971587e-08 NCalls =     23
Warning in <Minuit2>: MnPosDef Matrix forced pos-def by adding to diagonal 0.00488048
Info in <Minuit2>: MnSeedGenerator run Hesse - new state: 
  Minimum value : 436.6286676
  Edm           : 2.457646778e-08
  Internal parameters:
    -0.0131022379
   0.001094154499
     0.0112497623
   0.005167858743
   0.005765828363
   0.004219808192
  Internal gradient  :
    -0.1893628972
     -30.14812238
      -102.194192
      161.4895844
     -109.7877814
      57.91823835
  Internal covariance matrix:
  1.0914223e-07 -3.3107175e-13 -2.3137793e-13 -4.3892539e-13 -6.3746213e-13 -2.1415605e-13
 -3.3107175e-13  4.7578213e-10 -3.5607472e-10  8.1192459e-11  6.6247919e-11 -4.4843342e-10
 -2.3137793e-13 -3.5607472e-10  5.5181879e-10  1.0570293e-10  -1.426553e-10  1.9505228e-10
 -4.3892539e-13  8.1192459e-11  1.0570293e-10  2.2306716e-10  1.1472622e-10 -2.0858607e-10
 -6.3746213e-13  6.6247919e-11  -1.426553e-10  1.1472622e-10  5.7061218e-10  4.9244041e-10
 -2.1415605e-13 -4.4843342e-10  1.9505228e-10 -2.0858607e-10  4.9244041e-10  1.6143773e-09
Info in <Minuit2>: VariableMetricBuilder Start iterating until Edm is < 2e-06 with call limit = 55000
Info in <Minuit2>: VariableMetricBuilder    0 - FCN =       436.6286676 Edm =   2.457646778e-08 NCalls =     63
Info in <Minuit2>: VariableMetricBuilder    1 - FCN =       436.6286676 Edm =   9.441542488e-09 NCalls =     80
Warning in <Minuit2>: MnPosDef Matrix forced pos-def by adding to diagonal 0.00487964
Info in <Minuit2>: VariableMetricBuilder After Hessian
Info in <Minuit2>: VariableMetricBuilder    2 - FCN =       436.6286676 Edm =   9.442660865e-09 NCalls =    120
Warning in <Minuit2>: Minuit2Minimizer::Minimize Covar was made pos def
Minuit2Minimizer : Valid minimum - status = 1
FVAL  = 436.628667550340936
Edm   = 9.44266086542731961e-09
Nfcn  = 120
nbkg	  = 1.77642e+07	 +/-  5946.09	(limited)
p2	  = 10.9415	 +/-  0.218162	(limited)
p3	  = 5.62476	 +/-  0.0117485	(limited)
p4	  = 0.516784	 +/-  0.00149337	(limited)
p5	  = 0.057658	 +/-  0.000238923	(limited)
p6	  = 0.0042198	 +/-  4.01819e-05	(limited)
Real time 0:00:00, CP time 0.050
Real time 0:00:00, CP time 0.490, 7 slices
[2026-07-21 17:27:41] [thread 159893] [warning] 	 Migrad did not converge (status 1). Retrying with higher strategy.
[2026-07-21 17:27:41] [thread 159893] [info] 	 Trying MIGRAD again...
Minuit2Minimizer: Minimize with max-calls 55000 convergence for edm < 0.001 strategy 2
Minuit2Minimizer::Minuit  - Changing default options
             StorageLevel :               0
Info in <Minuit2>: MnSeedGenerator Initial state: FCN =       436.6286676 Edm =   7.788262588e-09 NCalls =     23
Warning in <Minuit2>: MnPosDef Matrix forced pos-def by adding to diagonal 0.00488053
Info in <Minuit2>: MnSeedGenerator run Hesse - new state: 
  Minimum value : 436.6286676
  Edm           : 9.4367262e-09
  Internal parameters:
   -0.01310222337
   0.001094153155
    0.01124976345
   0.005167860082
   0.005765830485
   0.004219808657
  Internal gradient  :
    0.07570345905
      12.96274768
      38.50746155
      -74.8917769
      39.36702196
     -23.90515203
  Internal covariance matrix:
  1.0914222e-07 -3.3080503e-13 -2.3125416e-13 -4.3866618e-13 -6.3708848e-13  -2.136873e-13
 -3.3080503e-13   4.757817e-10 -3.5607332e-10  8.1192808e-11  6.6244852e-11 -4.4843793e-10
 -2.3125416e-13 -3.5607332e-10  5.5181308e-10  1.0570119e-10 -1.4264732e-10  1.9506272e-10
 -4.3866618e-13  8.1192808e-11  1.0570119e-10  2.2306677e-10  1.1472879e-10 -2.0858314e-10
 -6.3708848e-13  6.6244852e-11 -1.4264732e-10  1.1472879e-10  5.7060745e-10  4.9243668e-10
  -2.136873e-13 -4.4843793e-10  1.9506272e-10 -2.0858314e-10  4.9243668e-10   1.614378e-09
Info in <Minuit2>: VariableMetricBuilder Start iterating until Edm is < 2e-06 with call limit = 55000
Info in <Minuit2>: VariableMetricBuilder    0 - FCN =       436.6286676 Edm =     9.4367262e-09 NCalls =     63
Info in <Minuit2>: VariableMetricBuilder    1 - FCN =       436.6286675 Edm =   2.466938982e-08 NCalls =     78
Warning in <Minuit2>: MnPosDef Matrix forced pos-def by adding to diagonal 0.00487963
Info in <Minuit2>: VariableMetricBuilder After Hessian
Info in <Minuit2>: VariableMetricBuilder    2 - FCN =       436.6286675 Edm =   2.468122252e-08 NCalls =    118
Warning in <Minuit2>: Minuit2Minimizer::Minimize Covar was made pos def
Minuit2Minimizer : Valid minimum - status = 1
FVAL  = 436.62866751583681
Edm   = 2.46812225182358295e-08
Nfcn  = 118
nbkg	  = 1.77642e+07	 +/-  5946.09	(limited)
p2	  = 10.9415	 +/-  0.218161	(limited)
p3	  = 5.62476	 +/-  0.0117485	(limited)
p4	  = 0.516784	 +/-  0.00149337	(limited)
p5	  = 0.057658	 +/-  0.000238924	(limited)
p6	  = 0.0042198	 +/-  4.01818e-05	(limited)
Real time 0:00:00, CP time 0.050
Real time 0:00:00, CP time 0.540, 8 slices
[2026-07-21 17:27:41] [thread 159893] [info] 	 Minimization attempt 4 with strategy 2
Minuit2Minimizer: Minimize with max-calls 55000 convergence for edm < 0.001 strategy 2
Minuit2Minimizer::Minuit  - Changing default options
             StorageLevel :               0
Info in <Minuit2>: MnSeedGenerator Initial state: FCN =       436.6286675 Edm =   5.491461292e-08 NCalls =     23
Warning in <Minuit2>: MnPosDef Matrix forced pos-def by adding to diagonal 0.00488045
Info in <Minuit2>: MnSeedGenerator run Hesse - new state: 
  Minimum value : 436.6286675
  Edm           : 2.467892519e-08
  Internal parameters:
   -0.01310223851
   0.001094153699
    0.01124976631
   0.005167863894
    0.00576583513
   0.004219812113
  Internal gradient  :
    -0.2005597518
     -34.78138507
     -110.2770448
      173.4254947
     -116.5045949
      61.23688217
  Internal covariance matrix:
  1.0914223e-07 -3.3111944e-13 -2.3114533e-13 -4.3866861e-13 -6.3708703e-13 -2.1383807e-13
 -3.3111944e-13  4.7578949e-10 -3.5608183e-10   8.119561e-11  6.6253356e-11 -4.4844109e-10
 -2.3114533e-13 -3.5608183e-10  5.5182624e-10   1.056998e-10 -1.4266316e-10  1.9505612e-10
 -4.3866861e-13   8.119561e-11   1.056998e-10  2.2306828e-10  1.1472799e-10 -2.0858988e-10
 -6.3708703e-13  6.6253356e-11 -1.4266316e-10  1.1472799e-10  5.7062444e-10  4.9244706e-10
 -2.1383807e-13 -4.4844109e-10  1.9505612e-10 -2.0858988e-10  4.9244706e-10  1.6144033e-09
Info in <Minuit2>: VariableMetricBuilder Start iterating until Edm is < 2e-06 with call limit = 55000
Info in <Minuit2>: VariableMetricBuilder    0 - FCN =       436.6286675 Edm =   2.467892519e-08 NCalls =     63
Info in <Minuit2>: VariableMetricBuilder    1 - FCN =       436.6286675 Edm =    9.42978898e-09 NCalls =     80
Warning in <Minuit2>: MnPosDef Matrix forced pos-def by adding to diagonal 0.00487965
Info in <Minuit2>: VariableMetricBuilder After Hessian
Info in <Minuit2>: VariableMetricBuilder    2 - FCN =       436.6286675 Edm =   9.427582765e-09 NCalls =    120
Warning in <Minuit2>: Minuit2Minimizer::Minimize Covar was made pos def
Minuit2Minimizer : Valid minimum - status = 1
FVAL  = 436.628667481280331
Edm   = 9.42758276519381756e-09
Nfcn  = 120
nbkg	  = 1.77642e+07	 +/-  5946.09	(limited)
p2	  = 10.9415	 +/-  0.218161	(limited)
p3	  = 5.62477	 +/-  0.0117484	(limited)
p4	  = 0.516784	 +/-  0.00149336	(limited)
p5	  = 0.0576581	 +/-  0.000238923	(limited)
p6	  = 0.0042198	 +/-  4.01816e-05	(limited)
Real time 0:00:00, CP time 0.040
Real time 0:00:00, CP time 0.580, 9 slices
[2026-07-21 17:27:41] [thread 159893] [warning] 	 Migrad did not converge (status 1). Retrying with higher strategy.
[2026-07-21 17:27:41] [thread 159893] [info] 	 Trying MIGRAD again...
Minuit2Minimizer: Minimize with max-calls 55000 convergence for edm < 0.001 strategy 2
Minuit2Minimizer::Minuit  - Changing default options
             StorageLevel :               0
Info in <Minuit2>: MnSeedGenerator Initial state: FCN =       436.6286675 Edm =   8.749068171e-09 NCalls =     23
Warning in <Minuit2>: MnPosDef Matrix forced pos-def by adding to diagonal 0.00488046
Info in <Minuit2>: MnSeedGenerator run Hesse - new state: 
  Minimum value : 436.6286675
  Edm           : 9.426489252e-09
  Internal parameters:
   -0.01310222319
   0.001094152564
    0.01124976741
   0.005167865249
   0.005765837231
   0.004219812533
  Internal gradient  :
    0.07898933563
        14.534175
      41.25885985
     -78.81647303
      41.45550884
     -24.85791351
  Internal covariance matrix:
  1.0914223e-07 -3.3102588e-13 -2.3099356e-13 -4.3862125e-13 -6.3702419e-13  -2.133693e-13
 -3.3102588e-13  4.7578351e-10 -3.5607576e-10  8.1192496e-11  6.6245851e-11 -4.4843842e-10
 -2.3099356e-13 -3.5607576e-10  5.5181913e-10  1.0570274e-10 -1.4265281e-10  1.9505741e-10
 -4.3862125e-13  8.1192496e-11  1.0570274e-10  2.2306691e-10  1.1472596e-10 -2.0858611e-10
 -6.3702419e-13  6.6245851e-11 -1.4265281e-10  1.1472596e-10  5.7061204e-10  4.9244422e-10
  -2.133693e-13 -4.4843842e-10  1.9505741e-10 -2.0858611e-10  4.9244422e-10  1.6143908e-09
Info in <Minuit2>: VariableMetricBuilder Start iterating until Edm is < 2e-06 with call limit = 55000
Info in <Minuit2>: VariableMetricBuilder    0 - FCN =       436.6286675 Edm =   9.426489252e-09 NCalls =     63
Info in <Minuit2>: VariableMetricBuilder    1 - FCN =       436.6286674 Edm =    2.46093009e-08 NCalls =     78
Warning in <Minuit2>: MnPosDef Matrix forced pos-def by adding to diagonal 0.00487968
Info in <Minuit2>: VariableMetricBuilder After Hessian
Info in <Minuit2>: VariableMetricBuilder    2 - FCN =       436.6286674 Edm =   2.461749946e-08 NCalls =    118
Warning in <Minuit2>: Minuit2Minimizer::Minimize Covar was made pos def
Minuit2Minimizer : Valid minimum - status = 1
FVAL  = 436.628667446923259
Edm   = 2.46174994627556173e-08
Nfcn  = 118
nbkg	  = 1.77642e+07	 +/-  5946.09	(limited)
p2	  = 10.9415	 +/-  0.21816	(limited)
p3	  = 5.62477	 +/-  0.0117485	(limited)
p4	  = 0.516785	 +/-  0.00149336	(limited)
p5	  = 0.0576581	 +/-  0.000238923	(limited)
p6	  = 0.0042198	 +/-  4.01815e-05	(limited)
Real time 0:00:00, CP time 0.040
Real time 0:00:00, CP time 0.620, 10 slices
[2026-07-21 17:27:41] [thread 159893] [info] 	 Minimization attempt 5 with strategy 2
Minuit2Minimizer: Minimize with max-calls 55000 convergence for edm < 0.001 strategy 2
Minuit2Minimizer::Minuit  - Changing default options
             StorageLevel :               0
Info in <Minuit2>: MnSeedGenerator Initial state: FCN =       436.6286674 Edm =    6.10701466e-08 NCalls =     23
Warning in <Minuit2>: MnPosDef Matrix forced pos-def by adding to diagonal 0.00488044
Info in <Minuit2>: MnSeedGenerator run Hesse - new state: 
  Minimum value : 436.6286674
  Edm           : 2.461968607e-08
  Internal parameters:
   -0.01310223892
   0.001094153079
    0.01124977015
    0.00516786908
   0.005765841888
   0.004219815719
  Internal gradient  :
    -0.2081123275
     -38.74285963
     -116.6854354
      182.6076273
     -121.4949695
      63.60550421
  Internal covariance matrix:
  1.0914223e-07 -3.3110402e-13 -2.3119126e-13 -4.3870218e-13 -6.3689982e-13 -2.1346067e-13
 -3.3110402e-13  4.7579341e-10 -3.5608557e-10  8.1195723e-11  6.6252191e-11 -4.4844781e-10
 -2.3119126e-13 -3.5608557e-10  5.5183091e-10  1.0570002e-10 -1.4266392e-10  1.9506016e-10
 -4.3870218e-13  8.1195723e-11  1.0570002e-10  2.2306802e-10   1.147268e-10 -2.0859074e-10
 -6.3689982e-13  6.6252191e-11 -1.4266392e-10   1.147268e-10   5.706273e-10  4.9245378e-10
 -2.1346067e-13 -4.4844781e-10  1.9506016e-10 -2.0859074e-10  4.9245378e-10  1.6144212e-09
Info in <Minuit2>: VariableMetricBuilder Start iterating until Edm is < 2e-06 with call limit = 55000
Info in <Minuit2>: VariableMetricBuilder    0 - FCN =       436.6286674 Edm =   2.461968607e-08 NCalls =     63
Info in <Minuit2>: VariableMetricBuilder    1 - FCN =       436.6286674 Edm =   9.419610947e-09 NCalls =     80
Warning in <Minuit2>: MnPosDef Matrix forced pos-def by adding to diagonal 0.0048796
Info in <Minuit2>: VariableMetricBuilder After Hessian
Info in <Minuit2>: VariableMetricBuilder    2 - FCN =       436.6286674 Edm =   9.417195935e-09 NCalls =    120
Warning in <Minuit2>: Minuit2Minimizer::Minimize Covar was made pos def
Minuit2Minimizer : Valid minimum - status = 1
FVAL  = 436.628667412520144
Edm   = 9.41719593455983641e-09
Nfcn  = 120
nbkg	  = 1.77642e+07	 +/-  5946.09	(limited)
p2	  = 10.9415	 +/-  0.218163	(limited)
p3	  = 5.62477	 +/-  0.0117485	(limited)
p4	  = 0.516785	 +/-  0.00149338	(limited)
p5	  = 0.0576581	 +/-  0.000238925	(limited)
p6	  = 0.0042198	 +/-  4.01821e-05	(limited)
Real time 0:00:00, CP time 0.050
Real time 0:00:00, CP time 0.670, 11 slices
[2026-07-21 17:27:41] [thread 159893] [warning] 	 Migrad did not converge (status 1). Retrying with higher strategy.
[2026-07-21 17:27:41] [thread 159893] [info] 	 Trying MIGRAD again...
Minuit2Minimizer: Minimize with max-calls 55000 convergence for edm < 0.001 strategy 2
Minuit2Minimizer::Minuit  - Changing default options
             StorageLevel :               0
Info in <Minuit2>: MnSeedGenerator Initial state: FCN =       436.6286674 Edm =   9.546460608e-09 NCalls =     23
Warning in <Minuit2>: MnPosDef Matrix forced pos-def by adding to diagonal 0.00488051
Info in <Minuit2>: MnSeedGenerator run Hesse - new state: 
  Minimum value : 436.6286674
  Edm           : 9.412496313e-09
  Internal parameters:
   -0.01310222307
   0.001094152121
    0.01124977124
   0.005167870443
   0.005765843966
   0.004219816153
  Internal gradient  :
    0.08114552634
       15.8789354
      43.41263999
     -81.82782971
      43.03346741
     -25.56521298
  Internal covariance matrix:
  1.0914223e-07  -3.308449e-13  -2.313949e-13 -4.3888791e-13 -6.3740201e-13  -2.138914e-13
  -3.308449e-13   4.757838e-10 -3.5607453e-10  8.1194496e-11  6.6246512e-11 -4.4844079e-10
  -2.313949e-13 -3.5607453e-10  5.5181593e-10  1.0570068e-10 -1.4265354e-10  1.9505721e-10
 -4.3888791e-13  8.1194496e-11  1.0570068e-10  2.2306788e-10   1.147277e-10 -2.0858832e-10
 -6.3740201e-13  6.6246512e-11 -1.4265354e-10   1.147277e-10  5.7061726e-10  4.9244776e-10
  -2.138914e-13 -4.4844079e-10  1.9505721e-10 -2.0858832e-10  4.9244776e-10  1.6144021e-09
Info in <Minuit2>: VariableMetricBuilder Start iterating until Edm is < 2e-06 with call limit = 55000
Info in <Minuit2>: VariableMetricBuilder    0 - FCN =       436.6286674 Edm =   9.412496313e-09 NCalls =     63
Info in <Minuit2>: VariableMetricBuilder    1 - FCN =       436.6286674 Edm =   2.481863206e-08 NCalls =     78
Warning in <Minuit2>: MnPosDef Matrix forced pos-def by adding to diagonal 0.0048796
Info in <Minuit2>: VariableMetricBuilder After Hessian
Info in <Minuit2>: VariableMetricBuilder    2 - FCN =       436.6286674 Edm =   2.482179938e-08 NCalls =    118
Warning in <Minuit2>: Minuit2Minimizer::Minimize Covar was made pos def
Minuit2Minimizer : Valid minimum - status = 1
FVAL  = 436.628667378219347
Edm   = 2.48217993809047583e-08
Nfcn  = 118
nbkg	  = 1.77642e+07	 +/-  5946.09	(limited)
p2	  = 10.9415	 +/-  0.218161	(limited)
p3	  = 5.62477	 +/-  0.0117485	(limited)
p4	  = 0.516785	 +/-  0.00149336	(limited)
p5	  = 0.0576582	 +/-  0.000238924	(limited)
p6	  = 0.00421981	 +/-  4.01818e-05	(limited)
Real time 0:00:00, CP time 0.040
Real time 0:00:00, CP time 0.710, 12 slices
[2026-07-21 17:27:41] [thread 159893] [info] 	 Minimization attempt 6 with strategy 2
Minuit2Minimizer: Minimize with max-calls 55000 convergence for edm < 0.001 strategy 2
Minuit2Minimizer::Minuit  - Changing default options
             StorageLevel :               0
Info in <Minuit2>: MnSeedGenerator Initial state: FCN =       436.6286674 Edm =   6.717205904e-08 NCalls =     23
Warning in <Minuit2>: MnPosDef Matrix forced pos-def by adding to diagonal 0.00488044
Info in <Minuit2>: MnSeedGenerator run Hesse - new state: 
  Minimum value : 436.6286674
  Edm           : 2.482135615e-08
  Internal parameters:
   -0.01310223928
   0.001094152546
    0.01124977393
   0.005167874296
   0.005765848656
     0.0042198192
  Internal gradient  :
      -0.21458713
     -42.41816947
     -122.7011995
      191.2489648
     -126.1886973
      65.82944881
  Internal covariance matrix:
  1.0914223e-07 -3.3092766e-13 -2.3139765e-13 -4.3886769e-13 -6.3743924e-13 -2.1423103e-13
 -3.3092766e-13  4.7578614e-10  -3.560789e-10  8.1193828e-11  6.6250835e-11 -4.4843721e-10
 -2.3139765e-13  -3.560789e-10  5.5182322e-10  1.0570146e-10 -1.4265933e-10  1.9505461e-10
 -4.3886769e-13  8.1193828e-11  1.0570146e-10  2.2306766e-10  1.1472697e-10 -2.0858804e-10
 -6.3743924e-13  6.6250835e-11 -1.4265933e-10  1.1472697e-10  5.7061733e-10  4.9244227e-10
 -2.1423103e-13 -4.4843721e-10  1.9505461e-10 -2.0858804e-10  4.9244227e-10  1.6143886e-09
Info in <Minuit2>: VariableMetricBuilder Start iterating until Edm is < 2e-06 with call limit = 55000
Info in <Minuit2>: VariableMetricBuilder    0 - FCN =       436.6286674 Edm =   2.482135615e-08 NCalls =     63
Info in <Minuit2>: VariableMetricBuilder    1 - FCN =       436.6286673 Edm =   9.386907359e-09 NCalls =     80
Warning in <Minuit2>: MnPosDef Matrix forced pos-def by adding to diagonal 0.00487967
Info in <Minuit2>: VariableMetricBuilder After Hessian
Info in <Minuit2>: VariableMetricBuilder    2 - FCN =       436.6286673 Edm =   9.387168488e-09 NCalls =    120
Warning in <Minuit2>: Minuit2Minimizer::Minimize Covar was made pos def
Minuit2Minimizer : Valid minimum - status = 1
FVAL  = 436.628667343726136
Edm   = 9.38716848811209514e-09
Nfcn  = 120
nbkg	  = 1.77642e+07	 +/-  5946.09	(limited)
p2	  = 10.9415	 +/-  0.218158	(limited)
p3	  = 5.62477	 +/-  0.0117483	(limited)
p4	  = 0.516785	 +/-  0.00149336	(limited)
p5	  = 0.0576582	 +/-  0.000238921	(limited)
p6	  = 0.00421981	 +/-  4.01814e-05	(limited)
Real time 0:00:00, CP time 0.040
Real time 0:00:00, CP time 0.750, 13 slices
[2026-07-21 17:27:41] [thread 159893] [warning] 	 Migrad did not converge (status 1). Retrying with higher strategy.
[2026-07-21 17:27:41] [thread 159893] [info] 	 Trying MIGRAD again...
Minuit2Minimizer: Minimize with max-calls 55000 convergence for edm < 0.001 strategy 2
Minuit2Minimizer::Minuit  - Changing default options
             StorageLevel :               0
Info in <Minuit2>: MnSeedGenerator Initial state: FCN =       436.6286673 Edm =   1.009240538e-08 NCalls =     23
Warning in <Minuit2>: MnPosDef Matrix forced pos-def by adding to diagonal 0.00488047
Info in <Minuit2>: MnSeedGenerator run Hesse - new state: 
  Minimum value : 436.6286673
  Edm           : 9.385929605e-09
  Internal parameters:
   -0.01310222303
   0.001094151742
    0.01124977501
   0.005167875658
   0.005765850706
   0.004219819665
  Internal gradient  :
    0.08198687489
      16.92579796
      44.85878152
     -83.74795348
      43.97093994
     -25.95178142
  Internal covariance matrix:
  1.0914223e-07 -3.3093482e-13 -2.3128419e-13 -4.3888722e-13 -6.3747161e-13 -2.1387743e-13
 -3.3093482e-13  4.7577983e-10 -3.5607112e-10  8.1191811e-11  6.6241941e-11  -4.484375e-10
 -2.3128419e-13 -3.5607112e-10  5.5181236e-10  1.0570333e-10 -1.4264628e-10  1.9505836e-10
 -4.3888722e-13  8.1191811e-11  1.0570333e-10   2.230668e-10  1.1472575e-10  -2.085856e-10
 -6.3747161e-13  6.6241941e-11 -1.4264628e-10  1.1472575e-10   5.706041e-10  4.9243954e-10
 -2.1387743e-13  -4.484375e-10  1.9505836e-10  -2.085856e-10  4.9243954e-10  1.6143829e-09
Info in <Minuit2>: VariableMetricBuilder Start iterating until Edm is < 2e-06 with call limit = 55000
Info in <Minuit2>: VariableMetricBuilder    0 - FCN =       436.6286673 Edm =   9.385929605e-09 NCalls =     63
Info in <Minuit2>: VariableMetricBuilder    1 - FCN =       436.6286673 Edm =   2.511471621e-08 NCalls =     78
Warning in <Minuit2>: MnPosDef Matrix forced pos-def by adding to diagonal 0.00487964
Info in <Minuit2>: VariableMetricBuilder After Hessian
Info in <Minuit2>: VariableMetricBuilder    2 - FCN =       436.6286673 Edm =   2.511739186e-08 NCalls =    118
Warning in <Minuit2>: Minuit2Minimizer::Minimize Covar was made pos def
Minuit2Minimizer : Valid minimum - status = 1
FVAL  = 436.628667309312789
Edm   = 2.51173918565492315e-08
Nfcn  = 118
nbkg	  = 1.77642e+07	 +/-  5946.09	(limited)
p2	  = 10.9415	 +/-  0.21816	(limited)
p3	  = 5.62477	 +/-  0.0117484	(limited)
p4	  = 0.516786	 +/-  0.00149336	(limited)
p5	  = 0.0576582	 +/-  0.000238923	(limited)
p6	  = 0.00421981	 +/-  4.01814e-05	(limited)
Real time 0:00:00, CP time 0.040
Real time 0:00:00, CP time 0.790, 14 slices
[2026-07-21 17:27:41] [thread 159893] [info] 	 Minimization attempt 7 with strategy 2
Minuit2Minimizer: Minimize with max-calls 55000 convergence for edm < 0.001 strategy 2
Minuit2Minimizer::Minuit  - Changing default options
             StorageLevel :               0
Info in <Minuit2>: MnSeedGenerator Initial state: FCN =       436.6286673 Edm =   7.267464137e-08 NCalls =     23
Warning in <Minuit2>: MnPosDef Matrix forced pos-def by adding to diagonal 0.00488052
Info in <Minuit2>: MnSeedGenerator run Hesse - new state: 
  Minimum value : 436.6286673
  Edm           : 2.51172899e-08
  Internal parameters:
   -0.01310223953
   0.001094152054
     0.0112497777
   0.005167879546
   0.005765855458
   0.004219822644
  Internal gradient  :
    -0.2192864831
     -45.65934707
     -127.9038355
      198.6529404
      -130.172147
      67.69482925
  Internal covariance matrix:
  1.0914222e-07 -3.3104568e-13 -2.3137697e-13 -4.3888074e-13  -6.371112e-13 -2.1362571e-13
 -3.3104568e-13  4.7578064e-10 -3.5607361e-10  8.1191861e-11  6.6246955e-11  -4.484324e-10
 -2.3137697e-13 -3.5607361e-10  5.5181588e-10  1.0570223e-10 -1.4265165e-10  1.9505653e-10
 -4.3888074e-13  8.1191861e-11  1.0570223e-10  2.2306643e-10  1.1472823e-10 -2.0858182e-10
  -6.371112e-13  6.6246955e-11 -1.4265165e-10  1.1472823e-10  5.7061116e-10   4.924386e-10
 -2.1362571e-13  -4.484324e-10  1.9505653e-10 -2.0858182e-10   4.924386e-10  1.6143698e-09
Info in <Minuit2>: VariableMetricBuilder Start iterating until Edm is < 2e-06 with call limit = 55000
Info in <Minuit2>: VariableMetricBuilder    0 - FCN =       436.6286673 Edm =    2.51172899e-08 NCalls =     63
Info in <Minuit2>: VariableMetricBuilder    1 - FCN =       436.6286673 Edm =   9.337009002e-09 NCalls =     80
Warning in <Minuit2>: MnPosDef Matrix forced pos-def by adding to diagonal 0.0048796
Info in <Minuit2>: VariableMetricBuilder After Hessian
Info in <Minuit2>: VariableMetricBuilder    2 - FCN =       436.6286673 Edm =   9.334376943e-09 NCalls =    120
Warning in <Minuit2>: Minuit2Minimizer::Minimize Covar was made pos def
Minuit2Minimizer : Valid minimum - status = 1
FVAL  = 436.628667274627048
Edm   = 9.33437694299436383e-09
Nfcn  = 120
nbkg	  = 1.77642e+07	 +/-  5946.09	(limited)
p2	  = 10.9415	 +/-  0.218161	(limited)
p3	  = 5.62477	 +/-  0.0117485	(limited)
p4	  = 0.516786	 +/-  0.00149336	(limited)
p5	  = 0.0576583	 +/-  0.000238924	(limited)
p6	  = 0.00421981	 +/-  4.01816e-05	(limited)
Real time 0:00:00, CP time 0.040
Real time 0:00:00, CP time 0.830, 15 slices
[2026-07-21 17:27:41] [thread 159893] [warning] 	 Migrad did not converge (status 1). Retrying with higher strategy.
[2026-07-21 17:27:41] [thread 159893] [info] 	 Trying MIGRAD again...
Minuit2Minimizer: Minimize with max-calls 55000 convergence for edm < 0.001 strategy 2
Minuit2Minimizer::Minuit  - Changing default options
             StorageLevel :               0
Info in <Minuit2>: MnSeedGenerator Initial state: FCN =       436.6286673 Edm =   1.040573504e-08 NCalls =     23
Warning in <Minuit2>: MnPosDef Matrix forced pos-def by adding to diagonal 0.00488041
Info in <Minuit2>: MnSeedGenerator run Hesse - new state: 
  Minimum value : 436.6286673
  Edm           : 9.332622167e-09
  Internal parameters:
   -0.01310222304
   0.001094151386
    0.01124977877
   0.005167880904
    0.00576585748
   0.004219823145
  Internal gradient  :
    0.08174923695
      17.69254905
      45.70701456
     -84.74610768
      44.38089833
      -26.0715338
  Internal covariance matrix:
  1.0914224e-07   -3.30939e-13 -2.3121422e-13 -4.3873553e-13 -6.3717709e-13 -2.1366174e-13
   -3.30939e-13  4.7578878e-10 -3.5607957e-10  8.1194555e-11  6.6246004e-11 -4.4844782e-10
 -2.3121422e-13 -3.5607957e-10  5.5182197e-10  1.0570119e-10 -1.4265382e-10  1.9506287e-10
 -4.3873553e-13  8.1194555e-11  1.0570119e-10   2.230678e-10  1.1472586e-10  -2.085905e-10
 -6.3717709e-13  6.6246004e-11 -1.4265382e-10  1.1472586e-10  5.7061409e-10  4.9244657e-10
 -2.1366174e-13 -4.4844782e-10  1.9506287e-10  -2.085905e-10  4.9244657e-10  1.6144122e-09
Info in <Minuit2>: VariableMetricBuilder Start iterating until Edm is < 2e-06 with call limit = 55000
Info in <Minuit2>: VariableMetricBuilder    0 - FCN =       436.6286673 Edm =   9.332622167e-09 NCalls =     63
Info in <Minuit2>: VariableMetricBuilder    1 - FCN =       436.6286672 Edm =   2.524951852e-08 NCalls =     78
Warning in <Minuit2>: MnPosDef Matrix forced pos-def by adding to diagonal 0.00487957
Info in <Minuit2>: VariableMetricBuilder After Hessian
Info in <Minuit2>: VariableMetricBuilder    2 - FCN =       436.6286672 Edm =   2.525131303e-08 NCalls =    118
Warning in <Minuit2>: Minuit2Minimizer::Minimize Covar was made pos def
Minuit2Minimizer : Valid minimum - status = 1
FVAL  = 436.628667239968934
Edm   = 2.52513130345755899e-08
Nfcn  = 118
nbkg	  = 1.77642e+07	 +/-  5946.09	(limited)
p2	  = 10.9415	 +/-  0.218161	(limited)
p3	  = 5.62477	 +/-  0.0117485	(limited)
p4	  = 0.516786	 +/-  0.00149336	(limited)
p5	  = 0.0576583	 +/-  0.000238925	(limited)
p6	  = 0.00421981	 +/-  4.01818e-05	(limited)
Real time 0:00:00, CP time 0.040
Real time 0:00:00, CP time 0.870, 16 slices
[2026-07-21 17:27:41] [thread 159893] [info] 	 Minimization attempt 8 with strategy 2
Minuit2Minimizer: Minimize with max-calls 55000 convergence for edm < 0.001 strategy 2
Minuit2Minimizer::Minuit  - Changing default options
             StorageLevel :               0
Info in <Minuit2>: MnSeedGenerator Initial state: FCN =       436.6286672 Edm =     7.6635707e-08 NCalls =     23
Warning in <Minuit2>: MnPosDef Matrix forced pos-def by adding to diagonal 0.00488046
Info in <Minuit2>: MnSeedGenerator run Hesse - new state: 
  Minimum value : 436.6286672
  Edm           : 2.524955103e-08
  Internal parameters:
   -0.01310223963
   0.001094151584
    0.01124978147
   0.005167884823
   0.005765862289
   0.004219826077
  Internal gradient  :
    -0.2211047236
     -48.19738707
     -131.5838782
      203.6891414
     -132.7563195
      68.83512749
  Internal covariance matrix:
  1.0914223e-07 -3.3091881e-13  -2.313572e-13 -4.3885686e-13 -6.3744251e-13 -2.1419064e-13
 -3.3091881e-13  4.7578365e-10 -3.5607566e-10  8.1193225e-11   6.624734e-11 -4.4843758e-10
  -2.313572e-13 -3.5607566e-10  5.5181851e-10  1.0570167e-10 -1.4265485e-10  1.9505577e-10
 -4.3885686e-13  8.1193225e-11  1.0570167e-10  2.2306717e-10  1.1472729e-10 -2.0858596e-10
 -6.3744251e-13   6.624734e-11 -1.4265485e-10  1.1472729e-10  5.7061709e-10  4.9244679e-10
 -2.1419064e-13 -4.4843758e-10  1.9505577e-10 -2.0858596e-10  4.9244679e-10  1.6143926e-09
Info in <Minuit2>: VariableMetricBuilder Start iterating until Edm is < 2e-06 with call limit = 55000
Info in <Minuit2>: VariableMetricBuilder    0 - FCN =       436.6286672 Edm =   2.524955103e-08 NCalls =     63
Info in <Minuit2>: VariableMetricBuilder    1 - FCN =       436.6286672 Edm =   9.323538494e-09 NCalls =     80
Warning in <Minuit2>: MnPosDef Matrix forced pos-def by adding to diagonal 0.00487963
Info in <Minuit2>: VariableMetricBuilder After Hessian
Info in <Minuit2>: VariableMetricBuilder    2 - FCN =       436.6286672 Edm =   9.325394426e-09 NCalls =    120
Warning in <Minuit2>: Minuit2Minimizer::Minimize Covar was made pos def
Minuit2Minimizer : Valid minimum - status = 1
FVAL  = 436.628667205232546
Edm   = 9.32539442606984351e-09
Nfcn  = 120
nbkg	  = 1.77642e+07	 +/-  5946.09	(limited)
p2	  = 10.9415	 +/-  0.218161	(limited)
p3	  = 5.62477	 +/-  0.0117484	(limited)
p4	  = 0.516786	 +/-  0.00149337	(limited)
p5	  = 0.0576583	 +/-  0.000238923	(limited)
p6	  = 0.00421981	 +/-  4.01816e-05	(limited)
Real time 0:00:00, CP time 0.040
Real time 0:00:00, CP time 0.910, 17 slices
[2026-07-21 17:27:41] [thread 159893] [warning] 	 Migrad did not converge (status 1). Retrying with higher strategy.
[2026-07-21 17:27:41] [thread 159893] [info] 	 Trying MIGRAD again...
Minuit2Minimizer: Minimize with max-calls 55000 convergence for edm < 0.001 strategy 2
Minuit2Minimizer::Minuit  - Changing default options
             StorageLevel :               0
Info in <Minuit2>: MnSeedGenerator Initial state: FCN =       436.6286672 Edm =   1.073271689e-08 NCalls =     23
Warning in <Minuit2>: MnPosDef Matrix forced pos-def by adding to diagonal 0.00488048
Info in <Minuit2>: MnSeedGenerator run Hesse - new state: 
  Minimum value : 436.6286672
  Edm           : 9.327709391e-09
  Internal parameters:
   -0.01310222305
   0.001094151036
    0.01124978254
    0.00516788618
   0.005765864289
   0.004219826619
  Internal gradient  :
    0.08149703234
      18.39223879
      46.55040538
      -85.8017496
      44.85127344
      -26.2416774
  Internal covariance matrix:
  1.0914223e-07 -3.3090156e-13 -2.3123809e-13  -4.387911e-13 -6.3732102e-13 -2.1377618e-13
 -3.3090156e-13  4.7578273e-10 -3.5607557e-10  8.1192291e-11  6.6247486e-11 -4.4843492e-10
 -2.3123809e-13 -3.5607557e-10   5.518169e-10  1.0570151e-10 -1.4265081e-10  1.9506081e-10
  -4.387911e-13  8.1192291e-11  1.0570151e-10  2.2306643e-10  1.1472895e-10 -2.0858154e-10
 -6.3732102e-13  6.6247486e-11 -1.4265081e-10  1.1472895e-10  5.7060978e-10  4.9243582e-10
 -2.1377618e-13 -4.4843492e-10  1.9506081e-10 -2.0858154e-10  4.9243582e-10  1.6143701e-09
Info in <Minuit2>: VariableMetricBuilder Start iterating until Edm is < 2e-06 with call limit = 55000
Info in <Minuit2>: VariableMetricBuilder    0 - FCN =       436.6286672 Edm =   9.327709391e-09 NCalls =     63
Info in <Minuit2>: VariableMetricBuilder    1 - FCN =       436.6286672 Edm =   2.492196752e-08 NCalls =     79
Warning in <Minuit2>: MnPosDef Matrix forced pos-def by adding to diagonal 0.00487966
Info in <Minuit2>: VariableMetricBuilder After Hessian
Info in <Minuit2>: VariableMetricBuilder    2 - FCN =       436.6286672 Edm =   2.492487716e-08 NCalls =    119
Warning in <Minuit2>: Minuit2Minimizer::Minimize Covar was made pos def
Minuit2Minimizer : Valid minimum - status = 1
FVAL  = 436.628667170510198
Edm   = 2.49248771629164017e-08
Nfcn  = 119
nbkg	  = 1.77642e+07	 +/-  5946.09	(limited)
p2	  = 10.9415	 +/-  0.21816	(limited)
p3	  = 5.62477	 +/-  0.0117484	(limited)
p4	  = 0.516787	 +/-  0.00149337	(limited)
p5	  = 0.0576584	 +/-  0.000238921	(limited)
p6	  = 0.00421982	 +/-  4.01814e-05	(limited)
Real time 0:00:00, CP time 0.040
Real time 0:00:01, CP time 0.950, 18 slices
.........................................I'M DONE HOPE THIS WORKED BYE..............................................
[2026-07-21 17:27:41] [thread 159893] [info] 	 minimized nll value 436.6286671705102:
[2026-07-21 17:27:41] [thread 159893] [info] 	 Saving results to /afs/cern.ch/user/h/hhook/FrequentistFramework/run/fits/run_135_1000_sixPar/FitResult_anaFit_sixPar_bkgOnly.root
[2026-07-21 17:27:42] [thread 159893] [info] 	 All fits done in 0.020333333333333335 min (cpu), 0.022668898105621338 min (real)
[2026-07-21 17:27:42] [thread 159893] [info] 	   Fit Summary of POIs ([92m STATUS OK [0m)
[2026-07-21 17:27:42] [thread 159893] [info] 	 ------------------------------------------------
RooRealVar::nsig_mean400_width8.0 = 0 C  L(-1e+06 - 1e+06) 
