
[1mRooFit v3.60 -- Developed by Wouter Verkerke and David Kirkby[0m 
                Copyright (C) 2000-2013 NIKHEF, University of California & Stanford University
                All rights reserved, please read http://roofit.sourceforge.net/license.txt

[2026-07-22 14:15:07] [thread 1197735] [info] 	 Including external constraints:
[2026-07-22 14:15:07] [thread 1197735] [info] 	 Preparing parameters of interest: 
[2026-07-22 14:15:07] [thread 1197735] [info] 	 Preparing list parameters for running MINOS over them: 
[2026-07-22 14:15:07] [thread 1197735] [info] 	 Summary of POI setup in the likelihood model
  1) 0x4d82370 RooRealVar:: nsig_mean400_width8.0 = 0 C  L(-1e+06 - 1e+06)  "nsig_mean400_width8.0"
[2026-07-22 14:15:07] [thread 1197735] [info] 	 Performing sanity checks on model...
[2026-07-22 14:15:07] [thread 1197735] [info] 	 Sanity checks on the model: OK
[2026-07-22 14:15:07] [thread 1197735] [info] 	 Starting fit...
[2026-07-22 14:15:07] [thread 1197735] [info] 	 Building NLL...
[2026-07-22 14:15:07] [thread 1197735] [info] 	 Building chi2 without splitrange and Poisson error...
[2026-07-22 14:15:07] [thread 1197735] [info] 	 chi2: 77308.82003918281
[2026-07-22 14:15:07] [thread 1197735] [info] 	 chi2: 77308.82003918281
[2026-07-22 14:15:07] [thread 1197735] [info] 	 half_chi2: 38654.41001959141
[2026-07-22 14:15:07] [thread 1197735] [info] 	 constraint_sum: 0
[2026-07-22 14:15:07] [thread 1197735] [info] 	 constrained_chi2: 38654.41001959141
RooFormulaVar::constrained_chi2[ actualVars=(half_chi2,constraint_sum) formula="x[0]+x[1]" ] = 38654.4
[2026-07-22 14:15:07] [thread 1197735] [info] 	 NLL built in 0.0005000000000000004 min (cpu), 0.0002408464749654134 min (real)
Minuit2Minimizer: Minimize with max-calls 55000 convergence for edm < 0.001 strategy 2
Minuit2Minimizer::Minuit  - Changing default options
             StorageLevel :               0
Info in <Minuit2>: MnSeedGenerator Initial state: FCN =       38654.41002 Edm =       153540.6373 NCalls =     51
Warning in <Minuit2>: MnPosDef Matrix forced pos-def by adding to diagonal 0.00597646
Info in <Minuit2>: MnSeedGenerator run Hesse - new state: 
  Minimum value : 38654.41002
  Edm           : 37464.63579
  Internal parameters:
                0
  0.0005940769471
    0.01242982887
  0.0007948294453
  -0.002942213835
  -0.001512086257
  Internal gradient  :
       -3028344.1
     -612917205.8
     -711623147.9
        921704516
     -451151154.7
      191607614.9
  Internal covariance matrix:
  3.0749686e-09   4.051638e-13 -5.8440675e-13   -1.12684e-12 -5.4952436e-12 -1.0129338e-11
   4.051638e-13  7.4831927e-12 -8.6639111e-12  4.2069239e-12  8.3842826e-13 -2.6785808e-11
 -5.8440675e-13 -8.6639111e-12  2.5966999e-11  7.2213508e-12 -4.8839438e-12  2.2265489e-11
   -1.12684e-12  4.2069239e-12  7.2213508e-12  2.0926886e-11  7.2332033e-12 -4.3282357e-11
 -5.4952436e-12  8.3842826e-13 -4.8839438e-12  7.2332033e-12  4.4646623e-11  5.4380651e-11
 -1.0129338e-11 -2.6785808e-11  2.2265489e-11 -4.3282357e-11  5.4380651e-11  3.3325841e-10
Info in <Minuit2>: VariableMetricBuilder Start iterating until Edm is < 2e-06 with call limit = 55000
Info in <Minuit2>: VariableMetricBuilder    0 - FCN =       38654.41002 Edm =       37464.63579 NCalls =     91
Info in <Minuit2>: VariableMetricBuilder    1 - FCN =       903.9622597 Edm =       25.87876472 NCalls =    104
Info in <Minuit2>: VariableMetricBuilder    2 - FCN =       874.0263505 Edm =     0.04410436934 NCalls =    118
Info in <Minuit2>: VariableMetricBuilder    3 - FCN =       873.9800562 Edm =   0.0004901850476 NCalls =    131
Info in <Minuit2>: VariableMetricBuilder    4 - FCN =       873.9780976 Edm =   0.0009562486631 NCalls =    145
Info in <Minuit2>: VariableMetricBuilder    5 - FCN =       873.9751742 Edm =   8.515992705e-06 NCalls =    159
Info in <Minuit2>: VariableMetricBuilder    6 - FCN =       873.9707109 Edm =    0.002315926513 NCalls =    178
Info in <Minuit2>: VariableMetricBuilder    7 - FCN =       873.9292192 Edm =     0.02381374428 NCalls =    193
Info in <Minuit2>: VariableMetricBuilder    8 - FCN =       873.8604467 Edm =   1.730244333e-08 NCalls =    207
Warning in <Minuit2>: MnPosDef Matrix forced pos-def by adding to diagonal 0.00490861
Info in <Minuit2>: VariableMetricBuilder After Hessian
Info in <Minuit2>: VariableMetricBuilder    9 - FCN =       873.8604467 Edm =   1.349432578e-08 NCalls =    247
Warning in <Minuit2>: Minuit2Minimizer::Minimize Covar was made pos def
Minuit2Minimizer : Valid minimum - status = 1
FVAL  = 873.860446717869991
Edm   = 1.34943257848932199e-08
Nfcn  = 247
nbkg	  = 6.53097e+08	 +/-  36053.2	(limited)
p2	  = 6.5024	 +/-  0.030952	(limited)
p3	  = 6.15143	 +/-  0.00307104	(limited)
p4	  = 0.06992	 +/-  0.000475395	(limited)
p5	  = -0.0273911	 +/-  9.29722e-05	(limited)
p6	  = -0.00118506	 +/-  1.93142e-05	(limited)
Real time 0:00:00, CP time 0.130
Real time 0:00:00, CP time 0.130
[2026-07-22 14:15:07] [thread 1197735] [info] 	 Starting fit with HESSE...
Info in <Minuit2>: Minuit2Minimizer::Hesse Using max-calls 55000
Warning in <Minuit2>: MnPosDef Matrix forced pos-def by adding to diagonal 0.00490567
Info in <Minuit2>: Minuit2Minimizer::Hesse Hesse is valid - matrix is full but made positive defined
Real time 0:00:00, CP time 0.010
Real time 0:00:00, CP time 0.140, 2 slices

  RooFitResult: minimized FCN value: 873.86, estimated distance to minimum: 1.35123e-08
                covariance matrix quality: Full matrix, but forced positive-definite
                Status : MINIMIZE=1 HESSE=1 

    Floating Parameter    FinalValue +/-  Error   
  --------------------  --------------------------
                  nbkg    6.5310e+08 +/-  3.61e+04
                    p2    6.5024e+00 +/-  3.10e-02
                    p3    6.1514e+00 +/-  3.07e-03
                    p4    6.9920e-02 +/-  4.75e-04
                    p5   -2.7391e-02 +/-  9.30e-05
                    p6   -1.1851e-03 +/-  1.93e-05

....................INITIALIZING THE FIT UNTIL CONVERGENCE TEST..................................................................
[2026-07-22 14:15:07] [thread 1197735] [info] 	 Minimization attempt 1 with strategy 2
Minuit2Minimizer: Minimize with max-calls 55000 convergence for edm < 0.001 strategy 2
Minuit2Minimizer::Minuit  - Changing default options
             StorageLevel :               0
Info in <Minuit2>: MnSeedGenerator Initial state: FCN =       873.8604467 Edm =   4.089448927e-08 NCalls =     23
Warning in <Minuit2>: MnPosDef Matrix forced pos-def by adding to diagonal 0.00490859
Info in <Minuit2>: MnSeedGenerator run Hesse - new state: 
  Minimum value : 873.8604467
  Edm           : 1.348969409e-08
  Internal parameters:
   0.004765210854
  0.0006502398175
    0.01230316509
  0.0006992001339
  -0.002739110024
  -0.001185056169
  Internal gradient  :
      1.343003168
     -318.0760305
     -365.0556443
      453.2456432
     -236.5022234
      95.64908367
  Internal covariance matrix:
  3.0765922e-09  3.3828598e-15 -6.4516045e-15 -3.3065143e-15 -9.3827589e-15  -2.032327e-14
  3.3828598e-15  9.5804951e-12 -1.3124797e-11  3.7180866e-12   3.211722e-12 -2.8868398e-11
 -6.4516045e-15 -1.3124797e-11  3.7730936e-11  8.4026283e-12 -1.4095706e-11  2.4332804e-11
 -3.3065143e-15  3.7180866e-12  8.4026283e-12  2.2601663e-11  1.4128877e-11 -3.2235603e-11
 -9.3827589e-15   3.211722e-12 -1.4095706e-11  1.4128877e-11   8.643909e-11  9.3313954e-11
  -2.032327e-14 -2.8868398e-11  2.4332804e-11 -3.2235603e-11  9.3313954e-11  3.7303816e-10
Info in <Minuit2>: VariableMetricBuilder Start iterating until Edm is < 2e-06 with call limit = 55000
Info in <Minuit2>: VariableMetricBuilder    0 - FCN =       873.8604467 Edm =   1.348969409e-08 NCalls =     63
Info in <Minuit2>: VariableMetricBuilder    1 - FCN =       873.8604467 Edm =   5.401688189e-09 NCalls =     80
Warning in <Minuit2>: MnPosDef Matrix forced pos-def by adding to diagonal 0.00490869
Info in <Minuit2>: VariableMetricBuilder After Hessian
Info in <Minuit2>: VariableMetricBuilder    2 - FCN =       873.8604467 Edm =   5.409444716e-09 NCalls =    120
Warning in <Minuit2>: Minuit2Minimizer::Minimize Covar was made pos def
Minuit2Minimizer : Valid minimum - status = 1
FVAL  = 873.860446698923056
Edm   = 5.40944471596875412e-09
Nfcn  = 120
nbkg	  = 6.53097e+08	 +/-  36053.2	(limited)
p2	  = 6.5024	 +/-  0.0309517	(limited)
p3	  = 6.15143	 +/-  0.00307098	(limited)
p4	  = 0.06992	 +/-  0.000475397	(limited)
p5	  = -0.0273911	 +/-  9.29709e-05	(limited)
p6	  = -0.00118506	 +/-  1.93141e-05	(limited)
Real time 0:00:00, CP time 0.050
Real time 0:00:00, CP time 0.190, 3 slices
[2026-07-22 14:15:08] [thread 1197735] [warning] 	 Migrad did not converge (status 1). Retrying with higher strategy.
[2026-07-22 14:15:08] [thread 1197735] [info] 	 Trying MIGRAD again...
Minuit2Minimizer: Minimize with max-calls 55000 convergence for edm < 0.001 strategy 2
Minuit2Minimizer::Minuit  - Changing default options
             StorageLevel :               0
Info in <Minuit2>: MnSeedGenerator Initial state: FCN =       873.8604467 Edm =   6.563504813e-09 NCalls =     23
Warning in <Minuit2>: MnPosDef Matrix forced pos-def by adding to diagonal 0.0049087
Info in <Minuit2>: MnSeedGenerator run Hesse - new state: 
  Minimum value : 873.8604467
  Edm           : 5.399414791e-09
  Internal parameters:
   0.004765207957
  0.0006502398818
    0.01230316518
  0.0006992004359
   -0.00273910933
  -0.001185055678
  Internal gradient  :
    -0.5306712146
      125.9076115
      143.0925813
     -202.6602386
      83.59841572
     -39.93604353
  Internal covariance matrix:
  3.0765918e-09   3.378649e-15  -6.437335e-15 -3.2979395e-15 -9.3520374e-15 -2.0251482e-14
   3.378649e-15  9.5803329e-12 -1.3124385e-11   3.718066e-12  3.2112932e-12 -2.8868299e-11
  -6.437335e-15 -1.3124385e-11  3.7729924e-11  8.4027998e-12 -1.4094377e-11  2.4332675e-11
 -3.2979395e-15   3.718066e-12  8.4027998e-12  2.2601733e-11  1.4128495e-11 -3.2236261e-11
 -9.3520374e-15  3.2112932e-12 -1.4094377e-11  1.4128495e-11  8.6435487e-11  9.3310878e-11
 -2.0251482e-14 -2.8868299e-11  2.4332675e-11 -3.2236261e-11  9.3310878e-11  3.7303394e-10
Info in <Minuit2>: VariableMetricBuilder Start iterating until Edm is < 2e-06 with call limit = 55000
Info in <Minuit2>: VariableMetricBuilder    0 - FCN =       873.8604467 Edm =   5.399414791e-09 NCalls =     63
Info in <Minuit2>: VariableMetricBuilder    1 - FCN =       873.8604467 Edm =   1.337211425e-08 NCalls =     79
Warning in <Minuit2>: MnPosDef Matrix forced pos-def by adding to diagonal 0.00490857
Info in <Minuit2>: VariableMetricBuilder After Hessian
Info in <Minuit2>: VariableMetricBuilder    2 - FCN =       873.8604467 Edm =   1.337494744e-08 NCalls =    119
Warning in <Minuit2>: Minuit2Minimizer::Minimize Covar was made pos def
Minuit2Minimizer : Valid minimum - status = 1
FVAL  = 873.860446679825941
Edm   = 1.33749474446366499e-08
Nfcn  = 119
nbkg	  = 6.53097e+08	 +/-  36053.2	(limited)
p2	  = 6.5024	 +/-  0.0309521	(limited)
p3	  = 6.15143	 +/-  0.00307105	(limited)
p4	  = 0.0699201	 +/-  0.000475394	(limited)
p5	  = -0.027391	 +/-  9.29729e-05	(limited)
p6	  = -0.00118505	 +/-  1.93145e-05	(limited)
Real time 0:00:00, CP time 0.060
Real time 0:00:00, CP time 0.250, 4 slices
[2026-07-22 14:15:08] [thread 1197735] [info] 	 Minimization attempt 2 with strategy 2
Minuit2Minimizer: Minimize with max-calls 55000 convergence for edm < 0.001 strategy 2
Minuit2Minimizer::Minuit  - Changing default options
             StorageLevel :               0
Info in <Minuit2>: MnSeedGenerator Initial state: FCN =       873.8604467 Edm =   4.096223754e-08 NCalls =     23
Warning in <Minuit2>: MnPosDef Matrix forced pos-def by adding to diagonal 0.00490859
Info in <Minuit2>: MnSeedGenerator run Hesse - new state: 
  Minimum value : 873.8604467
  Edm           : 1.337048713e-08
  Internal parameters:
   0.004765210818
  0.0006502398887
    0.01230316537
  0.0006992012093
  -0.002739107619
  -0.001185054423
  Internal gradient  :
      1.319624663
     -315.4769443
     -365.7747932
      454.9820135
     -237.6058582
      96.18258723
  Internal covariance matrix:
  3.0765922e-09  3.3854435e-15 -6.4592149e-15 -3.3085933e-15 -9.3839609e-15 -2.0335946e-14
  3.3854435e-15  9.5805288e-12 -1.3124764e-11  3.7181501e-12  3.2113541e-12 -2.8869341e-11
 -6.4592149e-15 -1.3124764e-11  3.7730776e-11  8.4025786e-12 -1.4095386e-11  2.4333313e-11
 -3.3085933e-15  3.7181501e-12  8.4025786e-12  2.2601741e-11  1.4128612e-11 -3.2236584e-11
 -9.3839609e-15  3.2113541e-12 -1.4095386e-11  1.4128612e-11   8.644054e-11  9.3318656e-11
 -2.0335946e-14 -2.8869341e-11  2.4333313e-11 -3.2236584e-11  9.3318656e-11  3.7305284e-10
Info in <Minuit2>: VariableMetricBuilder Start iterating until Edm is < 2e-06 with call limit = 55000
Info in <Minuit2>: VariableMetricBuilder    0 - FCN =       873.8604467 Edm =   1.337048713e-08 NCalls =     63
Info in <Minuit2>: VariableMetricBuilder    1 - FCN =       873.8604467 Edm =   5.402610047e-09 NCalls =     80
Warning in <Minuit2>: MnPosDef Matrix forced pos-def by adding to diagonal 0.00490871
Info in <Minuit2>: VariableMetricBuilder After Hessian
Info in <Minuit2>: VariableMetricBuilder    2 - FCN =       873.8604467 Edm =   5.401128457e-09 NCalls =    120
Warning in <Minuit2>: Minuit2Minimizer::Minimize Covar was made pos def
Minuit2Minimizer : Valid minimum - status = 1
FVAL  = 873.860446660992011
Edm   = 5.40112845745528483e-09
Nfcn  = 120
nbkg	  = 6.53097e+08	 +/-  36053.2	(limited)
p2	  = 6.5024	 +/-  0.0309518	(limited)
p3	  = 6.15143	 +/-  0.00307103	(limited)
p4	  = 0.0699201	 +/-  0.000475394	(limited)
p5	  = -0.027391	 +/-  9.29724e-05	(limited)
p6	  = -0.00118505	 +/-  1.93141e-05	(limited)
Real time 0:00:00, CP time 0.050
Real time 0:00:00, CP time 0.300, 5 slices
[2026-07-22 14:15:08] [thread 1197735] [warning] 	 Migrad did not converge (status 1). Retrying with higher strategy.
[2026-07-22 14:15:08] [thread 1197735] [info] 	 Trying MIGRAD again...
Minuit2Minimizer: Minimize with max-calls 55000 convergence for edm < 0.001 strategy 2
Minuit2Minimizer::Minuit  - Changing default options
             StorageLevel :               0
Info in <Minuit2>: MnSeedGenerator Initial state: FCN =       873.8604467 Edm =   6.688257549e-09 NCalls =     23
Warning in <Minuit2>: MnPosDef Matrix forced pos-def by adding to diagonal 0.00490862
Info in <Minuit2>: MnSeedGenerator run Hesse - new state: 
  Minimum value : 873.8604467
  Edm           : 5.400779258e-09
  Internal parameters:
   0.004765207965
  0.0006502399377
    0.01230316547
   0.000699201505
  -0.002739106922
  -0.001185053894
  Internal gradient  :
    -0.5259510441
      126.4081727
      144.1250086
     -204.4917349
      84.79842371
     -40.59872364
  Internal covariance matrix:
  3.0765921e-09  3.3824104e-15 -6.4493102e-15 -3.3083988e-15 -9.4074947e-15 -2.0364096e-14
  3.3824104e-15  9.5804812e-12 -1.3124716e-11  3.7180753e-12  3.2113693e-12  -2.886892e-11
 -6.4493102e-15 -1.3124716e-11   3.773068e-11  8.4026795e-12 -1.4095093e-11  2.4333315e-11
 -3.3083988e-15  3.7180753e-12  8.4026795e-12   2.260167e-11  1.4128665e-11  -3.223598e-11
 -9.4074947e-15  3.2113693e-12 -1.4095093e-11  1.4128665e-11  8.6439147e-11  9.3316262e-11
 -2.0364096e-14  -2.886892e-11  2.4333315e-11  -3.223598e-11  9.3316262e-11  3.7304565e-10
Info in <Minuit2>: VariableMetricBuilder Start iterating until Edm is < 2e-06 with call limit = 55000
Info in <Minuit2>: VariableMetricBuilder    0 - FCN =       873.8604467 Edm =   5.400779258e-09 NCalls =     63
Info in <Minuit2>: VariableMetricBuilder    1 - FCN =       873.8604466 Edm =   1.402408067e-08 NCalls =     78
Warning in <Minuit2>: MnPosDef Matrix forced pos-def by adding to diagonal 0.00490857
Info in <Minuit2>: VariableMetricBuilder After Hessian
Info in <Minuit2>: VariableMetricBuilder    2 - FCN =       873.8604466 Edm =     1.4016083e-08 NCalls =    118
Warning in <Minuit2>: Minuit2Minimizer::Minimize Covar was made pos def
Minuit2Minimizer : Valid minimum - status = 1
FVAL  = 873.860446641978001
Edm   = 1.40160830035763695e-08
Nfcn  = 118
nbkg	  = 6.53097e+08	 +/-  36053.2	(limited)
p2	  = 6.5024	 +/-  0.0309521	(limited)
p3	  = 6.15143	 +/-  0.00307105	(limited)
p4	  = 0.0699202	 +/-  0.000475397	(limited)
p5	  = -0.027391	 +/-  9.2972e-05	(limited)
p6	  = -0.00118505	 +/-  1.93144e-05	(limited)
Real time 0:00:00, CP time 0.050
Real time 0:00:00, CP time 0.350, 6 slices
[2026-07-22 14:15:08] [thread 1197735] [info] 	 Minimization attempt 3 with strategy 2
Minuit2Minimizer: Minimize with max-calls 55000 convergence for edm < 0.001 strategy 2
Minuit2Minimizer::Minuit  - Changing default options
             StorageLevel :               0
Info in <Minuit2>: MnSeedGenerator Initial state: FCN =       873.8604466 Edm =   4.417280098e-08 NCalls =     23
Warning in <Minuit2>: MnPosDef Matrix forced pos-def by adding to diagonal 0.00490868
Info in <Minuit2>: MnSeedGenerator run Hesse - new state: 
  Minimum value : 873.8604466
  Edm           : 1.401643722e-08
  Internal parameters:
   0.004765210858
  0.0006502399315
    0.01230316569
  0.0006992022809
  -0.002739105182
  -0.001185052495
  Internal gradient  :
      1.345492661
      -325.412129
     -380.0216558
      474.1127678
     -247.1896244
      100.3215167
  Internal covariance matrix:
  3.0765919e-09  3.3850246e-15 -6.4460285e-15  -3.292298e-15 -9.3510313e-15 -2.0289687e-14
  3.3850246e-15  9.5803372e-12 -1.3124476e-11   3.717994e-12  3.2113071e-12 -2.8868246e-11
 -6.4460285e-15 -1.3124476e-11   3.773024e-11  8.4028483e-12 -1.4094585e-11  2.4332827e-11
  -3.292298e-15   3.717994e-12  8.4028483e-12  2.2601613e-11  1.4128571e-11 -3.2235565e-11
 -9.3510313e-15  3.2113071e-12 -1.4094585e-11  1.4128571e-11  8.6436991e-11  9.3313322e-11
 -2.0289687e-14 -2.8868246e-11  2.4332827e-11 -3.2235565e-11  9.3313322e-11  3.7303707e-10
Info in <Minuit2>: VariableMetricBuilder Start iterating until Edm is < 2e-06 with call limit = 55000
Info in <Minuit2>: VariableMetricBuilder    0 - FCN =       873.8604466 Edm =   1.401643722e-08 NCalls =     63
Info in <Minuit2>: VariableMetricBuilder    1 - FCN =       873.8604466 Edm =    5.24308834e-09 NCalls =     80
Warning in <Minuit2>: MnPosDef Matrix forced pos-def by adding to diagonal 0.00490882
Info in <Minuit2>: VariableMetricBuilder After Hessian
Info in <Minuit2>: VariableMetricBuilder    2 - FCN =       873.8604466 Edm =   5.248769292e-09 NCalls =    120
Warning in <Minuit2>: Minuit2Minimizer::Minimize Covar was made pos def
Minuit2Minimizer : Valid minimum - status = 1
FVAL  = 873.860446622641462
Edm   = 5.24876929166257244e-09
Nfcn  = 120
nbkg	  = 6.53097e+08	 +/-  36053.2	(limited)
p2	  = 6.5024	 +/-  0.0309516	(limited)
p3	  = 6.15143	 +/-  0.00307099	(limited)
p4	  = 0.0699203	 +/-  0.000475396	(limited)
p5	  = -0.027391	 +/-  9.29709e-05	(limited)
p6	  = -0.00118505	 +/-  1.9314e-05	(limited)
Real time 0:00:00, CP time 0.050
Real time 0:00:00, CP time 0.400, 7 slices
[2026-07-22 14:15:08] [thread 1197735] [warning] 	 Migrad did not converge (status 1). Retrying with higher strategy.
[2026-07-22 14:15:08] [thread 1197735] [info] 	 Trying MIGRAD again...
Minuit2Minimizer: Minimize with max-calls 55000 convergence for edm < 0.001 strategy 2
Minuit2Minimizer::Minuit  - Changing default options
             StorageLevel :               0
Info in <Minuit2>: MnSeedGenerator Initial state: FCN =       873.8604466 Edm =   6.065575307e-09 NCalls =     23
Warning in <Minuit2>: MnPosDef Matrix forced pos-def by adding to diagonal 0.00490866
Info in <Minuit2>: MnSeedGenerator run Hesse - new state: 
  Minimum value : 873.8604466
  Edm           : 5.249229169e-09
  Internal parameters:
   0.004765208018
  0.0006502399707
     0.0123031658
  0.0006992025648
  -0.002739104499
  -0.001185051961
  Internal gradient  :
    -0.4912746081
       119.799719
      136.9338019
     -195.5632085
      80.62180203
       -38.927059
  Internal covariance matrix:
   3.076592e-09  3.3869701e-15 -6.4695555e-15 -3.3322603e-15 -9.4283385e-15 -2.0359261e-14
  3.3869701e-15  9.5803901e-12 -1.3124587e-11  3.7180423e-12  3.2115846e-12 -2.8868065e-11
 -6.4695555e-15 -1.3124587e-11  3.7730479e-11  8.4026881e-12 -1.4095386e-11   2.433225e-11
 -3.3322603e-15  3.7180423e-12  8.4026881e-12  2.2601706e-11  1.4129169e-11 -3.2235039e-11
 -9.4283385e-15  3.2115846e-12 -1.4095386e-11  1.4129169e-11  8.6439906e-11   9.331522e-11
 -2.0359261e-14 -2.8868065e-11   2.433225e-11 -3.2235039e-11   9.331522e-11  3.7303744e-10
Info in <Minuit2>: VariableMetricBuilder Start iterating until Edm is < 2e-06 with call limit = 55000
Info in <Minuit2>: VariableMetricBuilder    0 - FCN =       873.8604466 Edm =   5.249229169e-09 NCalls =     63
Info in <Minuit2>: VariableMetricBuilder    1 - FCN =       873.8604466 Edm =   1.516857634e-08 NCalls =     78
Warning in <Minuit2>: MnPosDef Matrix forced pos-def by adding to diagonal 0.00490873
Info in <Minuit2>: VariableMetricBuilder After Hessian
Info in <Minuit2>: VariableMetricBuilder    2 - FCN =       873.8604466 Edm =   1.516269941e-08 NCalls =    118
Warning in <Minuit2>: Minuit2Minimizer::Minimize Covar was made pos def
Minuit2Minimizer : Valid minimum - status = 1
FVAL  = 873.860446602729326
Edm   = 1.51626994085759224e-08
Nfcn  = 118
nbkg	  = 6.53097e+08	 +/-  36053.2	(limited)
p2	  = 6.5024	 +/-  0.0309517	(limited)
p3	  = 6.15143	 +/-  0.003071	(limited)
p4	  = 0.0699203	 +/-  0.000475394	(limited)
p5	  = -0.027391	 +/-  9.29721e-05	(limited)
p6	  = -0.00118505	 +/-  1.93142e-05	(limited)
Real time 0:00:00, CP time 0.050
Real time 0:00:00, CP time 0.450, 8 slices
[2026-07-22 14:15:08] [thread 1197735] [info] 	 Minimization attempt 4 with strategy 2
Minuit2Minimizer: Minimize with max-calls 55000 convergence for edm < 0.001 strategy 2
Minuit2Minimizer::Minuit  - Changing default options
             StorageLevel :               0
Info in <Minuit2>: MnSeedGenerator Initial state: FCN =       873.8604466 Edm =   4.950461713e-08 NCalls =     23
Warning in <Minuit2>: MnPosDef Matrix forced pos-def by adding to diagonal 0.00490862
Info in <Minuit2>: MnSeedGenerator run Hesse - new state: 
  Minimum value : 873.8604466
  Edm           : 1.516654502e-08
  Internal parameters:
   0.004765210938
  0.0006502399589
    0.01230316605
  0.0006992033956
  -0.002739102621
  -0.001185050376
  Internal gradient  :
      1.397384186
     -342.6804038
      -402.361015
       503.651501
     -261.9041225
       106.657242
  Internal covariance matrix:
  3.0765921e-09  3.3758326e-15 -6.4371916e-15 -3.3008415e-15 -9.3297525e-15 -2.0195401e-14
  3.3758326e-15  9.5804622e-12 -1.3124718e-11  3.7180859e-12  3.2116201e-12 -2.8868447e-11
 -6.4371916e-15 -1.3124718e-11  3.7730687e-11  8.4025894e-12 -1.4095385e-11  2.4333076e-11
 -3.3008415e-15  3.7180859e-12  8.4025894e-12  2.2601744e-11  1.4129373e-11 -3.2234974e-11
 -9.3297525e-15  3.2116201e-12 -1.4095385e-11  1.4129373e-11  8.6440553e-11  9.3315875e-11
 -2.0195401e-14 -2.8868447e-11  2.4333076e-11 -3.2234974e-11  9.3315875e-11  3.7304051e-10
Info in <Minuit2>: VariableMetricBuilder Start iterating until Edm is < 2e-06 with call limit = 55000
Info in <Minuit2>: VariableMetricBuilder    0 - FCN =       873.8604466 Edm =   1.516654502e-08 NCalls =     63
Info in <Minuit2>: VariableMetricBuilder    1 - FCN =       873.8604466 Edm =   5.161061215e-09 NCalls =     80
Warning in <Minuit2>: MnPosDef Matrix forced pos-def by adding to diagonal 0.0049088
Info in <Minuit2>: VariableMetricBuilder After Hessian
Info in <Minuit2>: VariableMetricBuilder    2 - FCN =       873.8604466 Edm =   5.158438246e-09 NCalls =    120
Warning in <Minuit2>: Minuit2Minimizer::Minimize Covar was made pos def
Minuit2Minimizer : Valid minimum - status = 1
FVAL  = 873.860446582367672
Edm   = 5.15843824578049429e-09
Nfcn  = 120
nbkg	  = 6.53097e+08	 +/-  36053.2	(limited)
p2	  = 6.5024	 +/-  0.0309514	(limited)
p3	  = 6.15143	 +/-  0.00307097	(limited)
p4	  = 0.0699204	 +/-  0.000475392	(limited)
p5	  = -0.027391	 +/-  9.29695e-05	(limited)
p6	  = -0.00118505	 +/-  1.9314e-05	(limited)
Real time 0:00:00, CP time 0.050
Real time 0:00:00, CP time 0.500, 9 slices
[2026-07-22 14:15:08] [thread 1197735] [warning] 	 Migrad did not converge (status 1). Retrying with higher strategy.
[2026-07-22 14:15:08] [thread 1197735] [info] 	 Trying MIGRAD again...
Minuit2Minimizer: Minimize with max-calls 55000 convergence for edm < 0.001 strategy 2
Minuit2Minimizer::Minuit  - Changing default options
             StorageLevel :               0
Info in <Minuit2>: MnSeedGenerator Initial state: FCN =       873.8604466 Edm =    5.74485018e-09 NCalls =     23
Warning in <Minuit2>: MnPosDef Matrix forced pos-def by adding to diagonal 0.00490868
Info in <Minuit2>: MnSeedGenerator run Hesse - new state: 
  Minimum value : 873.8604466
  Edm           : 5.162711301e-09
  Internal parameters:
   0.004765208054
  0.0006502399922
    0.01230316617
  0.0006992036708
  -0.002739101951
  -0.001185049849
  Internal gradient  :
    -0.4685355267
       116.126826
      133.1115936
      -190.849157
      78.44735274
     -38.05776528
  Internal covariance matrix:
  3.0765919e-09  3.3800301e-15 -6.4353339e-15 -3.2857287e-15 -9.3161735e-15 -2.0214184e-14
  3.3800301e-15  9.5803588e-12 -1.3124488e-11  3.7179585e-12  3.2110102e-12 -2.8868751e-11
 -6.4353339e-15 -1.3124488e-11  3.7730074e-11  8.4028189e-12  -1.409385e-11  2.4334045e-11
 -3.2857287e-15  3.7179585e-12  8.4028189e-12   2.260164e-11  1.4129111e-11 -3.2234644e-11
 -9.3161735e-15  3.2110102e-12  -1.409385e-11  1.4129111e-11  8.6438711e-11  9.3316553e-11
 -2.0214184e-14 -2.8868751e-11  2.4334045e-11 -3.2234644e-11  9.3316553e-11  3.7304316e-10
Info in <Minuit2>: VariableMetricBuilder Start iterating until Edm is < 2e-06 with call limit = 55000
Info in <Minuit2>: VariableMetricBuilder    0 - FCN =       873.8604466 Edm =   5.162711301e-09 NCalls =     63
Info in <Minuit2>: VariableMetricBuilder    1 - FCN =       873.8604466 Edm =   1.546602037e-08 NCalls =     78
Warning in <Minuit2>: MnPosDef Matrix forced pos-def by adding to diagonal 0.00490883
Info in <Minuit2>: VariableMetricBuilder After Hessian
Info in <Minuit2>: VariableMetricBuilder    2 - FCN =       873.8604466 Edm =   1.546339683e-08 NCalls =    118
Warning in <Minuit2>: Minuit2Minimizer::Minimize Covar was made pos def
Minuit2Minimizer : Valid minimum - status = 1
FVAL  = 873.860446561861295
Edm   = 1.54633968339815308e-08
Nfcn  = 118
nbkg	  = 6.53097e+08	 +/-  36053.2	(limited)
p2	  = 6.5024	 +/-  0.0309515	(limited)
p3	  = 6.15143	 +/-  0.003071	(limited)
p4	  = 0.0699204	 +/-  0.000475395	(limited)
p5	  = -0.027391	 +/-  9.29701e-05	(limited)
p6	  = -0.00118505	 +/-  1.93139e-05	(limited)
Real time 0:00:00, CP time 0.060
Real time 0:00:00, CP time 0.560, 10 slices
[2026-07-22 14:15:08] [thread 1197735] [info] 	 Minimization attempt 5 with strategy 2
Minuit2Minimizer: Minimize with max-calls 55000 convergence for edm < 0.001 strategy 2
Minuit2Minimizer::Minuit  - Changing default options
             StorageLevel :               0
Info in <Minuit2>: MnSeedGenerator Initial state: FCN =       873.8604466 Edm =   5.111170158e-08 NCalls =     23
Warning in <Minuit2>: MnPosDef Matrix forced pos-def by adding to diagonal 0.00490873
Info in <Minuit2>: MnSeedGenerator run Hesse - new state: 
  Minimum value : 873.8604466
  Edm           : 1.54678396e-08
  Internal parameters:
   0.004765210929
  0.0006502399792
    0.01230316644
  0.0006992045249
  -0.002739100015
  -0.001185048177
  Internal gradient  :
      1.391733452
     -346.8332046
     -408.9871847
      512.7437148
     -266.5644005
      108.7058443
  Internal covariance matrix:
  3.0765917e-09   3.381046e-15 -6.4503006e-15 -3.3015142e-15 -9.3400075e-15 -2.0247639e-14
   3.381046e-15  9.5803012e-12 -1.3124421e-11  3.7179891e-12  3.2114544e-12 -2.8867782e-11
 -6.4503006e-15 -1.3124421e-11  3.7730127e-11  8.4028469e-12  -1.409469e-11  2.4332345e-11
 -3.3015142e-15  3.7179891e-12  8.4028469e-12  2.2601641e-11  1.4128801e-11 -3.2235176e-11
 -9.3400075e-15  3.2114544e-12  -1.409469e-11  1.4128801e-11  8.6436601e-11  9.3311375e-11
 -2.0247639e-14 -2.8867782e-11  2.4332345e-11 -3.2235176e-11  9.3311375e-11  3.7303029e-10
Info in <Minuit2>: VariableMetricBuilder Start iterating until Edm is < 2e-06 with call limit = 55000
Info in <Minuit2>: VariableMetricBuilder    0 - FCN =       873.8604466 Edm =    1.54678396e-08 NCalls =     63
Info in <Minuit2>: VariableMetricBuilder    1 - FCN =       873.8604465 Edm =   5.109455403e-09 NCalls =     80
Warning in <Minuit2>: MnPosDef Matrix forced pos-def by adding to diagonal 0.00490859
Info in <Minuit2>: VariableMetricBuilder After Hessian
Info in <Minuit2>: VariableMetricBuilder    2 - FCN =       873.8604465 Edm =    5.11762966e-09 NCalls =    120
Warning in <Minuit2>: Minuit2Minimizer::Minimize Covar was made pos def
Minuit2Minimizer : Valid minimum - status = 1
FVAL  = 873.860446541214742
Edm   = 5.11762966006296e-09
Nfcn  = 120
nbkg	  = 6.53097e+08	 +/-  36053.2	(limited)
p2	  = 6.5024	 +/-  0.0309521	(limited)
p3	  = 6.15143	 +/-  0.00307106	(limited)
p4	  = 0.0699205	 +/-  0.000475396	(limited)
p5	  = -0.027391	 +/-  9.29726e-05	(limited)
p6	  = -0.00118505	 +/-  1.93145e-05	(limited)
Real time 0:00:00, CP time 0.050
Real time 0:00:00, CP time 0.610, 11 slices
[2026-07-22 14:15:08] [thread 1197735] [warning] 	 Migrad did not converge (status 1). Retrying with higher strategy.
[2026-07-22 14:15:08] [thread 1197735] [info] 	 Trying MIGRAD again...
Minuit2Minimizer: Minimize with max-calls 55000 convergence for edm < 0.001 strategy 2
Minuit2Minimizer::Minuit  - Changing default options
             StorageLevel :               0
Info in <Minuit2>: MnSeedGenerator Initial state: FCN =       873.8604465 Edm =   5.552986075e-09 NCalls =     23
Warning in <Minuit2>: MnPosDef Matrix forced pos-def by adding to diagonal 0.00490864
Info in <Minuit2>: MnSeedGenerator run Hesse - new state: 
  Minimum value : 873.8604465
  Edm           : 5.111762055e-09
  Internal parameters:
    0.00476520808
  0.0006502400077
    0.01230316655
  0.0006992047962
  -0.002739099348
  -0.001185047651
  Internal gradient  :
    -0.4513315324
      113.8599258
      130.7924624
     -188.0016713
      77.14995208
     -37.55407481
  Internal covariance matrix:
   3.076592e-09  3.3694167e-15 -6.4301621e-15 -3.3051338e-15 -9.3377371e-15 -2.0186059e-14
  3.3694167e-15   9.580412e-12 -1.3124691e-11  3.7179422e-12  3.2113627e-12 -2.8868426e-11
 -6.4301621e-15 -1.3124691e-11   3.773079e-11  8.4028338e-12 -1.4095166e-11  2.4332887e-11
 -3.3051338e-15  3.7179422e-12  8.4028338e-12  2.2601494e-11  1.4128531e-11 -3.2235304e-11
 -9.3377371e-15  3.2113627e-12 -1.4095166e-11  1.4128531e-11   8.643903e-11  9.3316336e-11
 -2.0186059e-14 -2.8868426e-11  2.4332887e-11 -3.2235304e-11  9.3316336e-11  3.7304257e-10
Info in <Minuit2>: VariableMetricBuilder Start iterating until Edm is < 2e-06 with call limit = 55000
Info in <Minuit2>: VariableMetricBuilder    0 - FCN =       873.8604465 Edm =   5.111762055e-09 NCalls =     63
Info in <Minuit2>: VariableMetricBuilder    1 - FCN =       873.8604465 Edm =   1.478947146e-08 NCalls =     79
Warning in <Minuit2>: MnPosDef Matrix forced pos-def by adding to diagonal 0.0049088
Info in <Minuit2>: VariableMetricBuilder After Hessian
Info in <Minuit2>: VariableMetricBuilder    2 - FCN =       873.8604465 Edm =   1.478664894e-08 NCalls =    119
Warning in <Minuit2>: Minuit2Minimizer::Minimize Covar was made pos def
Minuit2Minimizer : Valid minimum - status = 1
FVAL  = 873.860446520370488
Edm   = 1.47866489385962582e-08
Nfcn  = 119
nbkg	  = 6.53097e+08	 +/-  36053.2	(limited)
p2	  = 6.5024	 +/-  0.0309515	(limited)
p3	  = 6.15143	 +/-  0.00307098	(limited)
p4	  = 0.0699206	 +/-  0.000475395	(limited)
p5	  = -0.0273909	 +/-  9.29705e-05	(limited)
p6	  = -0.00118505	 +/-  1.9314e-05	(limited)
Real time 0:00:00, CP time 0.050
Real time 0:00:00, CP time 0.660, 12 slices
[2026-07-22 14:15:08] [thread 1197735] [info] 	 Minimization attempt 6 with strategy 2
Minuit2Minimizer: Minimize with max-calls 55000 convergence for edm < 0.001 strategy 2
Minuit2Minimizer::Minuit  - Changing default options
             StorageLevel :               0
Info in <Minuit2>: MnSeedGenerator Initial state: FCN =       873.8604465 Edm =   4.837577238e-08 NCalls =     23
Warning in <Minuit2>: MnPosDef Matrix forced pos-def by adding to diagonal 0.0049087
Info in <Minuit2>: MnSeedGenerator run Hesse - new state: 
  Minimum value : 873.8604465
  Edm           : 1.479017023e-08
  Internal parameters:
   0.004765210828
  0.0006502399936
    0.01230316683
  0.0006992056398
  -0.002739097429
  -0.001185045961
  Internal gradient  :
      1.326582663
     -336.4613903
     -398.1335221
      499.0302793
     -260.0087953
      105.9860187
  Internal covariance matrix:
  3.0765918e-09  3.3687048e-15 -6.4150128e-15  -3.291606e-15 -9.3435892e-15 -2.0212463e-14
  3.3687048e-15  9.5803214e-12 -1.3124375e-11  3.7181068e-12  3.2115048e-12 -2.8867995e-11
 -6.4150128e-15 -1.3124375e-11  3.7729876e-11   8.402686e-12 -1.4094592e-11  2.4332567e-11
  -3.291606e-15  3.7181068e-12   8.402686e-12   2.260184e-11  1.4129205e-11 -3.2235398e-11
 -9.3435892e-15  3.2115048e-12 -1.4094592e-11  1.4129205e-11  8.6437389e-11  9.3311814e-11
 -2.0212463e-14 -2.8867995e-11  2.4332567e-11 -3.2235398e-11  9.3311814e-11  3.7303253e-10
Info in <Minuit2>: VariableMetricBuilder Start iterating until Edm is < 2e-06 with call limit = 55000
Info in <Minuit2>: VariableMetricBuilder    0 - FCN =       873.8604465 Edm =   1.479017023e-08 NCalls =     63
Info in <Minuit2>: VariableMetricBuilder    1 - FCN =       873.8604465 Edm =   5.234368953e-09 NCalls =     80
Warning in <Minuit2>: MnPosDef Matrix forced pos-def by adding to diagonal 0.00490861
Info in <Minuit2>: VariableMetricBuilder After Hessian
Info in <Minuit2>: VariableMetricBuilder    2 - FCN =       873.8604465 Edm =   5.233693367e-09 NCalls =    120
Warning in <Minuit2>: Minuit2Minimizer::Minimize Covar was made pos def
Minuit2Minimizer : Valid minimum - status = 1
FVAL  = 873.860446500307148
Edm   = 5.23369336738996007e-09
Nfcn  = 120
nbkg	  = 6.53097e+08	 +/-  36053.2	(limited)
p2	  = 6.5024	 +/-  0.0309519	(limited)
p3	  = 6.15143	 +/-  0.00307104	(limited)
p4	  = 0.0699206	 +/-  0.000475394	(limited)
p5	  = -0.0273909	 +/-  9.29719e-05	(limited)
p6	  = -0.00118505	 +/-  1.93141e-05	(limited)
Real time 0:00:00, CP time 0.060
Real time 0:00:00, CP time 0.720, 13 slices
[2026-07-22 14:15:08] [thread 1197735] [warning] 	 Migrad did not converge (status 1). Retrying with higher strategy.
[2026-07-22 14:15:08] [thread 1197735] [info] 	 Trying MIGRAD again...
Minuit2Minimizer: Minimize with max-calls 55000 convergence for edm < 0.001 strategy 2
Minuit2Minimizer::Minuit  - Changing default options
             StorageLevel :               0
Info in <Minuit2>: MnSeedGenerator Initial state: FCN =       873.8604465 Edm =   6.133187717e-09 NCalls =     23
Warning in <Minuit2>: MnPosDef Matrix forced pos-def by adding to diagonal 0.00490858
Info in <Minuit2>: MnSeedGenerator run Hesse - new state: 
  Minimum value : 873.8604465
  Edm           : 5.235322622e-09
  Internal parameters:
   0.004765208059
   0.000650240019
    0.01230316694
  0.0006992059165
  -0.002739096748
  -0.001185045427
  Internal gradient  :
    -0.4651507483
      119.4342875
      137.6459118
     -197.0280718
      81.64334444
     -39.49185607
  Internal covariance matrix:
  3.0765922e-09  3.3810721e-15 -6.4492275e-15 -3.3048016e-15 -9.3368092e-15 -2.0219102e-14
  3.3810721e-15  9.5804664e-12 -1.3124814e-11  3.7179754e-12  3.2117055e-12 -2.8868057e-11
 -6.4492275e-15 -1.3124814e-11   3.773098e-11  8.4027139e-12 -1.4095494e-11  2.4333004e-11
 -3.3048016e-15  3.7179754e-12  8.4027139e-12  2.2601564e-11  1.4129211e-11 -3.2234377e-11
 -9.3368092e-15  3.2117055e-12 -1.4095494e-11  1.4129211e-11  8.6439508e-11  9.3314065e-11
 -2.0219102e-14 -2.8868057e-11  2.4333004e-11 -3.2234377e-11  9.3314065e-11  3.7303436e-10
Info in <Minuit2>: VariableMetricBuilder Start iterating until Edm is < 2e-06 with call limit = 55000
Info in <Minuit2>: VariableMetricBuilder    0 - FCN =       873.8604465 Edm =   5.235322622e-09 NCalls =     63
Info in <Minuit2>: VariableMetricBuilder    1 - FCN =       873.8604465 Edm =   1.343922412e-08 NCalls =     79
Warning in <Minuit2>: MnPosDef Matrix forced pos-def by adding to diagonal 0.00490885
Info in <Minuit2>: VariableMetricBuilder After Hessian
Info in <Minuit2>: VariableMetricBuilder    2 - FCN =       873.8604465 Edm =   1.343150934e-08 NCalls =    119
Warning in <Minuit2>: Minuit2Minimizer::Minimize Covar was made pos def
Minuit2Minimizer : Valid minimum - status = 1
FVAL  = 873.860446480594646
Edm   = 1.34315093388164775e-08
Nfcn  = 119
nbkg	  = 6.53097e+08	 +/-  36053.2	(limited)
p2	  = 6.5024	 +/-  0.0309517	(limited)
p3	  = 6.15143	 +/-  0.00307098	(limited)
p4	  = 0.0699207	 +/-  0.0004754	(limited)
p5	  = -0.0273909	 +/-  9.29713e-05	(limited)
p6	  = -0.00118504	 +/-  1.93141e-05	(limited)
Real time 0:00:00, CP time 0.050
Real time 0:00:00, CP time 0.770, 14 slices
[2026-07-22 14:15:08] [thread 1197735] [info] 	 Minimization attempt 7 with strategy 2
Minuit2Minimizer: Minimize with max-calls 55000 convergence for edm < 0.001 strategy 2
Minuit2Minimizer::Minuit  - Changing default options
             StorageLevel :               0
Info in <Minuit2>: MnSeedGenerator Initial state: FCN =       873.8604465 Edm =   4.259808806e-08 NCalls =     23
Warning in <Minuit2>: MnPosDef Matrix forced pos-def by adding to diagonal 0.00490875
Info in <Minuit2>: MnSeedGenerator run Hesse - new state: 
  Minimum value : 873.8604465
  Edm           : 1.344041992e-08
  Internal parameters:
   0.004765210664
  0.0006502400055
     0.0123031672
  0.0006992066921
  -0.002739094985
  -0.001185043859
  Internal gradient  :
      1.220385157
     -315.0871565
     -373.9236281
      467.8674631
     -244.8233924
      99.56086105
  Internal covariance matrix:
  3.0765917e-09  3.3799491e-15 -6.4393221e-15 -3.3034679e-15 -9.3902546e-15 -2.0319274e-14
  3.3799491e-15  9.5803889e-12 -1.3124426e-11  3.7182268e-12  3.2114227e-12 -2.8868738e-11
 -6.4393221e-15 -1.3124426e-11  3.7729847e-11  8.4025048e-12 -1.4094488e-11  2.4333412e-11
 -3.3034679e-15  3.7182268e-12  8.4025048e-12  2.2602004e-11  1.4129433e-11 -3.2235942e-11
 -9.3902546e-15  3.2114227e-12 -1.4094488e-11  1.4129433e-11  8.6438763e-11  9.3314078e-11
 -2.0319274e-14 -2.8868738e-11  2.4333412e-11 -3.2235942e-11  9.3314078e-11  3.7304124e-10
Info in <Minuit2>: VariableMetricBuilder Start iterating until Edm is < 2e-06 with call limit = 55000
Info in <Minuit2>: VariableMetricBuilder    0 - FCN =       873.8604465 Edm =   1.344041992e-08 NCalls =     63
Info in <Minuit2>: VariableMetricBuilder    1 - FCN =       873.8604465 Edm =    5.63908263e-09 NCalls =     80
Warning in <Minuit2>: MnPosDef Matrix forced pos-def by adding to diagonal 0.00490871
Info in <Minuit2>: VariableMetricBuilder After Hessian
Info in <Minuit2>: VariableMetricBuilder    2 - FCN =       873.8604465 Edm =   5.634356573e-09 NCalls =    120
Warning in <Minuit2>: Minuit2Minimizer::Minimize Covar was made pos def
Minuit2Minimizer : Valid minimum - status = 1
FVAL  = 873.860446461612582
Edm   = 5.6343565733802382e-09
Nfcn  = 120
nbkg	  = 6.53097e+08	 +/-  36053.2	(limited)
p2	  = 6.5024	 +/-  0.0309518	(limited)
p3	  = 6.15143	 +/-  0.00307101	(limited)
p4	  = 0.0699207	 +/-  0.000475396	(limited)
p5	  = -0.0273909	 +/-  9.29714e-05	(limited)
p6	  = -0.00118504	 +/-  1.93142e-05	(limited)
Real time 0:00:00, CP time 0.060
Real time 0:00:00, CP time 0.830, 15 slices
[2026-07-22 14:15:08] [thread 1197735] [warning] 	 Migrad did not converge (status 1). Retrying with higher strategy.
[2026-07-22 14:15:08] [thread 1197735] [info] 	 Trying MIGRAD again...
Minuit2Minimizer: Minimize with max-calls 55000 convergence for edm < 0.001 strategy 2
Minuit2Minimizer::Minuit  - Changing default options
             StorageLevel :               0
Info in <Minuit2>: MnSeedGenerator Initial state: FCN =       873.8604465 Edm =   7.952880925e-09 NCalls =     23
Warning in <Minuit2>: MnPosDef Matrix forced pos-def by adding to diagonal 0.00490873
Info in <Minuit2>: MnSeedGenerator run Hesse - new state: 
  Minimum value : 873.8604465
  Edm           : 5.63089668e-09
  Internal parameters:
   0.004765207973
  0.0006502400284
    0.01230316732
   0.000699206984
  -0.002739094266
  -0.001185043293
  Internal gradient  :
    -0.5204595504
      135.8756962
      157.2438905
     -222.5772646
      94.24864458
     -44.87498051
  Internal covariance matrix:
  3.0765918e-09  3.3764798e-15 -6.4405637e-15 -3.3233926e-15 -9.4386915e-15 -2.0351886e-14
  3.3764798e-15  9.5802846e-12 -1.3124293e-11  3.7180631e-12  3.2112376e-12 -2.8868231e-11
 -6.4405637e-15 -1.3124293e-11  3.7729726e-11  8.4027631e-12 -1.4094324e-11  2.4332535e-11
 -3.3233926e-15  3.7180631e-12  8.4027631e-12    2.26018e-11  1.4128975e-11 -3.2235604e-11
 -9.4386915e-15  3.2112376e-12 -1.4094324e-11  1.4128975e-11  8.6437889e-11  9.3314242e-11
 -2.0351886e-14 -2.8868231e-11  2.4332535e-11 -3.2235604e-11  9.3314242e-11  3.7303839e-10
Info in <Minuit2>: VariableMetricBuilder Start iterating until Edm is < 2e-06 with call limit = 55000
Info in <Minuit2>: VariableMetricBuilder    0 - FCN =       873.8604465 Edm =    5.63089668e-09 NCalls =     63
Info in <Minuit2>: VariableMetricBuilder    1 - FCN =       873.8604464 Edm =   1.278817246e-08 NCalls =     78
Warning in <Minuit2>: MnPosDef Matrix forced pos-def by adding to diagonal 0.00490861
Info in <Minuit2>: VariableMetricBuilder After Hessian
Info in <Minuit2>: VariableMetricBuilder    2 - FCN =       873.8604464 Edm =   1.278331217e-08 NCalls =    118
Warning in <Minuit2>: Minuit2Minimizer::Minimize Covar was made pos def
Minuit2Minimizer : Valid minimum - status = 1
FVAL  = 873.860446443771707
Edm   = 1.27833121735745238e-08
Nfcn  = 118
nbkg	  = 6.53097e+08	 +/-  36053.2	(limited)
p2	  = 6.5024	 +/-  0.0309519	(limited)
p3	  = 6.15143	 +/-  0.00307104	(limited)
p4	  = 0.0699208	 +/-  0.000475394	(limited)
p5	  = -0.0273909	 +/-  9.29721e-05	(limited)
p6	  = -0.00118504	 +/-  1.93144e-05	(limited)
Real time 0:00:00, CP time 0.060
Real time 0:00:00, CP time 0.890, 16 slices
[2026-07-22 14:15:08] [thread 1197735] [info] 	 Minimization attempt 8 with strategy 2
Minuit2Minimizer: Minimize with max-calls 55000 convergence for edm < 0.001 strategy 2
Minuit2Minimizer::Minuit  - Changing default options
             StorageLevel :               0
Info in <Minuit2>: MnSeedGenerator Initial state: FCN =       873.8604464 Edm =   3.984611726e-08 NCalls =     23
Warning in <Minuit2>: MnPosDef Matrix forced pos-def by adding to diagonal 0.00490864
Info in <Minuit2>: MnSeedGenerator run Hesse - new state: 
  Minimum value : 873.8604464
  Edm           : 1.27838226e-08
  Internal parameters:
    0.00476521057
  0.0006502400145
    0.01230316755
  0.0006992076748
  -0.002739092701
  -0.001185041887
  Internal gradient  :
      1.159094418
     -304.3519174
     -361.8726074
      452.3708749
     -237.2873573
      96.38932025
  Internal covariance matrix:
   3.076592e-09  3.3794046e-15 -6.4470488e-15 -3.3201823e-15 -9.4156411e-15 -2.0329046e-14
  3.3794046e-15  9.5804648e-12 -1.3124635e-11  3.7181337e-12  3.2113023e-12 -2.8869112e-11
 -6.4470488e-15 -1.3124635e-11   3.773044e-11  8.4026157e-12 -1.4094887e-11  2.4333469e-11
 -3.3201823e-15  3.7181337e-12  8.4026157e-12  2.2601783e-11  1.4128769e-11 -3.2236332e-11
 -9.4156411e-15  3.2113023e-12 -1.4094887e-11  1.4128769e-11  8.6439204e-11  9.3316439e-11
 -2.0329046e-14 -2.8869112e-11  2.4333469e-11 -3.2236332e-11  9.3316439e-11  3.7304771e-10
Info in <Minuit2>: VariableMetricBuilder Start iterating until Edm is < 2e-06 with call limit = 55000
Info in <Minuit2>: VariableMetricBuilder    0 - FCN =       873.8604464 Edm =    1.27838226e-08 NCalls =     63
Info in <Minuit2>: VariableMetricBuilder    1 - FCN =       873.8604464 Edm =   5.558506571e-09 NCalls =     80
Warning in <Minuit2>: MnPosDef Matrix forced pos-def by adding to diagonal 0.00490867
Info in <Minuit2>: VariableMetricBuilder After Hessian
Info in <Minuit2>: VariableMetricBuilder    2 - FCN =       873.8604464 Edm =   5.563146316e-09 NCalls =    120
Warning in <Minuit2>: Minuit2Minimizer::Minimize Covar was made pos def
Minuit2Minimizer : Valid minimum - status = 1
FVAL  = 873.860446425468695
Edm   = 5.56314631564352913e-09
Nfcn  = 120
nbkg	  = 6.53097e+08	 +/-  36053.2	(limited)
p2	  = 6.5024	 +/-  0.030952	(limited)
p3	  = 6.15143	 +/-  0.00307104	(limited)
p4	  = 0.0699208	 +/-  0.000475395	(limited)
p5	  = -0.0273909	 +/-  9.29707e-05	(limited)
p6	  = -0.00118504	 +/-  1.93144e-05	(limited)
Real time 0:00:00, CP time 0.060
Real time 0:00:00, CP time 0.950, 17 slices
[2026-07-22 14:15:08] [thread 1197735] [warning] 	 Migrad did not converge (status 1). Retrying with higher strategy.
[2026-07-22 14:15:08] [thread 1197735] [info] 	 Trying MIGRAD again...
Minuit2Minimizer: Minimize with max-calls 55000 convergence for edm < 0.001 strategy 2
Minuit2Minimizer::Minuit  - Changing default options
             StorageLevel :               0
Info in <Minuit2>: MnSeedGenerator Initial state: FCN =       873.8604464 Edm =   7.629142591e-09 NCalls =     23
Warning in <Minuit2>: MnPosDef Matrix forced pos-def by adding to diagonal 0.00490864
Info in <Minuit2>: MnSeedGenerator run Hesse - new state: 
  Minimum value : 873.8604464
  Edm           : 5.563063508e-09
  Internal parameters:
   0.004765208004
  0.0006502400354
    0.01230316767
  0.0006992079681
   -0.00273909198
  -0.001185041321
  Internal gradient  :
    -0.5006333183
      132.9520711
      153.9892603
     -218.4548086
      92.23460675
     -44.03442284
  Internal covariance matrix:
   3.076592e-09  3.3869017e-15   -6.47351e-15 -3.3287817e-15 -9.3800745e-15 -2.0277142e-14
  3.3869017e-15  9.5805836e-12 -1.3124807e-11     3.7183e-12  3.2116337e-12 -2.8869388e-11
   -6.47351e-15 -1.3124807e-11  3.7730794e-11  8.4023953e-12 -1.4095784e-11  2.4333185e-11
 -3.3287817e-15     3.7183e-12  8.4023953e-12  2.2601918e-11  1.4128731e-11 -3.2237354e-11
 -9.3800745e-15  3.2116337e-12 -1.4095784e-11  1.4128731e-11  8.6440058e-11  9.3316372e-11
 -2.0277142e-14 -2.8869388e-11  2.4333185e-11 -3.2237354e-11  9.3316372e-11  3.7305053e-10
Info in <Minuit2>: VariableMetricBuilder Start iterating until Edm is < 2e-06 with call limit = 55000
Info in <Minuit2>: VariableMetricBuilder    0 - FCN =       873.8604464 Edm =   5.563063508e-09 NCalls =     63
Info in <Minuit2>: VariableMetricBuilder    1 - FCN =       873.8604464 Edm =   1.408663035e-08 NCalls =     78
Warning in <Minuit2>: MnPosDef Matrix forced pos-def by adding to diagonal 0.00490875
Info in <Minuit2>: VariableMetricBuilder After Hessian
Info in <Minuit2>: VariableMetricBuilder    2 - FCN =       873.8604464 Edm =   1.408539962e-08 NCalls =    118
Warning in <Minuit2>: Minuit2Minimizer::Minimize Covar was made pos def
Minuit2Minimizer : Valid minimum - status = 1
FVAL  = 873.860446407317568
Edm   = 1.40853996182372034e-08
Nfcn  = 118
nbkg	  = 6.53097e+08	 +/-  36053.2	(limited)
p2	  = 6.5024	 +/-  0.0309517	(limited)
p3	  = 6.15143	 +/-  0.00307099	(limited)
p4	  = 0.0699209	 +/-  0.000475397	(limited)
p5	  = -0.0273909	 +/-  9.29711e-05	(limited)
p6	  = -0.00118504	 +/-  1.93141e-05	(limited)
Real time 0:00:00, CP time 0.060
Real time 0:00:01, CP time 1.010, 18 slices
.........................................I'M DONE HOPE THIS WORKED BYE..............................................
[2026-07-22 14:15:08] [thread 1197735] [info] 	 minimized nll value 873.8604464073176:
[2026-07-22 14:15:08] [thread 1197735] [info] 	 Saving results to /afs/cern.ch/user/h/hhook/FrequentistFramework/run/fits/J50/run_344_2079_sixPar/FitResult_anaFit_sixPar_bkgOnly.root
[2026-07-22 14:15:09] [thread 1197735] [info] 	 All fits done in 0.020333333333333335 min (cpu), 0.02133336861928304 min (real)
[2026-07-22 14:15:09] [thread 1197735] [info] 	   Fit Summary of POIs ([92m STATUS OK [0m)
[2026-07-22 14:15:09] [thread 1197735] [info] 	 ------------------------------------------------
RooRealVar::nsig_mean400_width8.0 = 0 C  L(-1e+06 - 1e+06) 
